--------------------------------------------------------------------------------------------------------------------
      name:  <unnamed>
       log:  D:/DTO_ESTUDIOS_E1/B_INVESTIGADORES_EXTERNOS/2025.12.01_Santiago_Valdivieso//Resultados/Movilidad_Regre
> sion/interacciones.log
  log type:  text
 opened on:  29 Jun 2026, 16:17:54

. 
. 
. reg pos_delta_pctl pandemic,  vce(cluster id_bal)

Linear regression                               Number of obs     =  8,810,145
                                                F(1, 1762028)     =     557.36
                                                Prob > F          =     0.0000
                                                R-squared         =     0.0001
                                                Root MSE          =     10.495

                         (Std. err. adjusted for 1,762,029 clusters in id_bal)
------------------------------------------------------------------------------
             |               Robust
pos_delta~tl | Coefficient  std. err.      t    P>|t|     [95% conf. interval]
-------------+----------------------------------------------------------------
    pandemic |   .1945936   .0082425    23.61   0.000     .1784385    .2107486
       _cons |   4.313055   .0043771   985.37   0.000     4.304476    4.321634
------------------------------------------------------------------------------

. reg pos_delta_pctl i.pandemic##i.universidad,  vce(cluster id_bal)

Linear regression                               Number of obs     =  8,810,145
                                                F(3, 1762028)     =    1524.87
                                                Prob > F          =     0.0000
                                                R-squared         =     0.0005
                                                Root MSE          =     10.493

                                 (Std. err. adjusted for 1,762,029 clusters in id_bal)
--------------------------------------------------------------------------------------
                     |               Robust
      pos_delta_pctl | Coefficient  std. err.      t    P>|t|     [95% conf. interval]
---------------------+----------------------------------------------------------------
          1.pandemic |   .3646637   .0104735    34.82   0.000     .3441361    .3851914
       1.universidad |  -.3316841   .0090855   -36.51   0.000    -.3494914   -.3138768
                     |
pandemic#universidad |
                1 1  |  -.4291328   .0169578   -25.31   0.000    -.4623695    -.395896
                     |
               _cons |   4.444505   .0054586   814.22   0.000     4.433807    4.455204
--------------------------------------------------------------------------------------

. reg pos_delta_pctl ib2018.anio##i.universidad,  vce(cluster id_bal)

Linear regression                               Number of obs     =  8,810,145
                                                F(9, 1762028)     =    1351.26
                                                Prob > F          =     0.0000
                                                R-squared         =     0.0013
                                                Root MSE          =     10.489

                             (Std. err. adjusted for 1,762,029 clusters in id_bal)
----------------------------------------------------------------------------------
                 |               Robust
  pos_delta_pctl | Coefficient  std. err.      t    P>|t|     [95% conf. interval]
-----------------+----------------------------------------------------------------
            anio |
           2019  |  -.3065693   .0136984   -22.38   0.000    -.3334178   -.2797209
           2020  |   .4682777     .01338    35.00   0.000     .4420535     .494502
           2021  |   .0662798   .0140087     4.73   0.000     .0388232    .0937365
           2022  |   .6547456    .013987    46.81   0.000     .6273315    .6821596
                 |
   1.universidad |   .2938148    .017747    16.56   0.000     .2590313    .3285984
                 |
anio#universidad |
         2019 1  |  -.4119619   .0234515   -17.57   0.000     -.457926   -.3659979
         2020 1  |  -1.054632   .0224319   -47.01   0.000    -1.098597   -1.010666
         2021 1  |  -.7083009   .0235876   -30.03   0.000    -.7545317     -.66207
         2022 1  |  -1.381733   .0234015   -59.04   0.000    -1.427599   -1.335867
                 |
           _cons |   4.340891    .010181   426.37   0.000     4.320937    4.360846
----------------------------------------------------------------------------------

. reg pos_delta_pctl ib2019.anio##i.universidad,  vce(cluster id_bal)

Linear regression                               Number of obs     =  8,810,145
                                                F(9, 1762028)     =    1351.26
                                                Prob > F          =     0.0000
                                                R-squared         =     0.0013
                                                Root MSE          =     10.489

                             (Std. err. adjusted for 1,762,029 clusters in id_bal)
----------------------------------------------------------------------------------
                 |               Robust
  pos_delta_pctl | Coefficient  std. err.      t    P>|t|     [95% conf. interval]
-----------------+----------------------------------------------------------------
            anio |
           2018  |   .3065693   .0136984    22.38   0.000     .2797209    .3334178
           2020  |   .7748471   .0130006    59.60   0.000     .7493664    .8003277
           2021  |   .3728492   .0135786    27.46   0.000     .3462355    .3994628
           2022  |   .9613149   .0135354    71.02   0.000      .934786    .9878438
                 |
   1.universidad |  -.1181471   .0158727    -7.44   0.000     -.149257   -.0870372
                 |
anio#universidad |
         2018 1  |   .4119619   .0234515    17.57   0.000     .3659979     .457926
         2020 1  |  -.6426698   .0214196   -30.00   0.000    -.6846515    -.600688
         2021 1  |   -.296339   .0223403   -13.26   0.000    -.3401251   -.2525528
         2022 1  |   -.969771   .0220289   -44.02   0.000    -1.012947   -.9265951
                 |
           _cons |   4.034322   .0094933   424.97   0.000     4.015716    4.052929
----------------------------------------------------------------------------------

. reg pos_delta_pctl ib2020.anio##i.universidad,  vce(cluster id_bal)

Linear regression                               Number of obs     =  8,810,145
                                                F(9, 1762028)     =    1351.26
                                                Prob > F          =     0.0000
                                                R-squared         =     0.0013
                                                Root MSE          =     10.489

                             (Std. err. adjusted for 1,762,029 clusters in id_bal)
----------------------------------------------------------------------------------
                 |               Robust
  pos_delta_pctl | Coefficient  std. err.      t    P>|t|     [95% conf. interval]
-----------------+----------------------------------------------------------------
            anio |
           2018  |  -.4682777     .01338   -35.00   0.000     -.494502   -.4420535
           2019  |  -.7748471   .0130006   -59.60   0.000    -.8003277   -.7493664
           2021  |  -.4019979   .0140351   -28.64   0.000    -.4295062   -.3744896
           2022  |   .1864678   .0136004    13.71   0.000     .1598115    .2131241
                 |
   1.universidad |  -.7608169   .0145535   -52.28   0.000    -.7893413   -.7322924
                 |
anio#universidad |
         2018 1  |   1.054632   .0224319    47.01   0.000     1.010666    1.098597
         2019 1  |   .6426698   .0214196    30.00   0.000      .600688    .6846515
         2021 1  |   .3463308   .0226992    15.26   0.000     .3018412    .3908204
         2022 1  |  -.3271012   .0217436   -15.04   0.000     -.369718   -.2844845
                 |
           _cons |   4.809169   .0088709   542.13   0.000     4.791782    4.826556
----------------------------------------------------------------------------------

. reg pos_delta_pctl ib2021.anio##i.universidad,  vce(cluster id_bal)

Linear regression                               Number of obs     =  8,810,145
                                                F(9, 1762028)     =    1351.26
                                                Prob > F          =     0.0000
                                                R-squared         =     0.0013
                                                Root MSE          =     10.489

                             (Std. err. adjusted for 1,762,029 clusters in id_bal)
----------------------------------------------------------------------------------
                 |               Robust
  pos_delta_pctl | Coefficient  std. err.      t    P>|t|     [95% conf. interval]
-----------------+----------------------------------------------------------------
            anio |
           2018  |  -.0662798   .0140087    -4.73   0.000    -.0937365   -.0388232
           2019  |  -.3728492   .0135786   -27.46   0.000    -.3994628   -.3462355
           2020  |   .4019979   .0140351    28.64   0.000     .3744896    .4295062
           2022  |   .5884657   .0147566    39.88   0.000     .5595433    .6173882
                 |
   1.universidad |  -.4144861   .0170315   -24.34   0.000    -.4478672   -.3811049
                 |
anio#universidad |
         2018 1  |   .7083009   .0235876    30.03   0.000       .66207    .7545317
         2019 1  |    .296339   .0223403    13.26   0.000     .2525528    .3401251
         2020 1  |  -.3463308   .0226992   -15.26   0.000    -.3908204   -.3018412
         2022 1  |   -.673432   .0236786   -28.44   0.000    -.7198414   -.6270227
                 |
           _cons |   4.407171   .0104883   420.20   0.000     4.386615    4.427728
----------------------------------------------------------------------------------

. reg pos_delta_pctl ib2022.anio##i.universidad,  vce(cluster id_bal)

Linear regression                               Number of obs     =  8,810,145
                                                F(9, 1762028)     =    1351.26
                                                Prob > F          =     0.0000
                                                R-squared         =     0.0013
                                                Root MSE          =     10.489

                             (Std. err. adjusted for 1,762,029 clusters in id_bal)
----------------------------------------------------------------------------------
                 |               Robust
  pos_delta_pctl | Coefficient  std. err.      t    P>|t|     [95% conf. interval]
-----------------+----------------------------------------------------------------
            anio |
           2018  |  -.6547456    .013987   -46.81   0.000    -.6821596   -.6273315
           2019  |  -.9613149   .0135354   -71.02   0.000    -.9878438    -.934786
           2020  |  -.1864678   .0136004   -13.71   0.000    -.2131241   -.1598115
           2021  |  -.5884657   .0147566   -39.88   0.000    -.6173882   -.5595433
                 |
   1.universidad |  -1.087918   .0165218   -65.85   0.000      -1.1203   -1.055536
                 |
anio#universidad |
         2018 1  |   1.381733   .0234015    59.04   0.000     1.335867    1.427599
         2019 1  |    .969771   .0220289    44.02   0.000     .9265951    1.012947
         2020 1  |   .3271012   .0217436    15.04   0.000     .2844845     .369718
         2021 1  |    .673432   .0236786    28.44   0.000     .6270227    .7198414
                 |
           _cons |   4.995637   .0103259   483.80   0.000     4.975399    5.015875
----------------------------------------------------------------------------------

. 
. 
. ***** X sexo *****
. 
. 
. reg pos_delta_pctl pandemic,  vce(cluster id_bal)

Linear regression                               Number of obs     =  8,810,145
                                                F(1, 1762028)     =     557.36
                                                Prob > F          =     0.0000
                                                R-squared         =     0.0001
                                                Root MSE          =     10.495

                         (Std. err. adjusted for 1,762,029 clusters in id_bal)
------------------------------------------------------------------------------
             |               Robust
pos_delta~tl | Coefficient  std. err.      t    P>|t|     [95% conf. interval]
-------------+----------------------------------------------------------------
    pandemic |   .1945936   .0082425    23.61   0.000     .1784385    .2107486
       _cons |   4.313055   .0043771   985.37   0.000     4.304476    4.321634
------------------------------------------------------------------------------

. reg pos_delta_pctl i.pandemic##i.genero,  vce(cluster id_bal)

Linear regression                               Number of obs     =  3,491,560
                                                F(3, 698311)      =     260.19
                                                Prob > F          =     0.0000
                                                R-squared         =     0.0003
                                                Root MSE          =     10.914

                              (Std. err. adjusted for 698,312 clusters in id_bal)
---------------------------------------------------------------------------------
                |               Robust
 pos_delta_pctl | Coefficient  std. err.      t    P>|t|     [95% conf. interval]
----------------+----------------------------------------------------------------
     1.pandemic |   .0483237   .0170666     2.83   0.005     .0148736    .0817737
                |
         genero |
     MASCULINO  |   .4008402   .0147431    27.19   0.000     .3719441    .4297362
                |
pandemic#genero |
   1#MASCULINO  |  -.2488437   .0270769    -9.19   0.000    -.3019136   -.1957738
                |
          _cons |   3.931134   .0092728   423.94   0.000     3.912959    3.949308
---------------------------------------------------------------------------------

. reg pos_delta_pctl ib2018.anio##i.genero,  vce(cluster id_bal)

Linear regression                               Number of obs     =  3,491,560
                                                F(9, 698311)      =     327.50
                                                Prob > F          =     0.0000
                                                R-squared         =     0.0009
                                                Root MSE          =     10.911

                              (Std. err. adjusted for 698,312 clusters in id_bal)
---------------------------------------------------------------------------------
                |               Robust
 pos_delta_pctl | Coefficient  std. err.      t    P>|t|     [95% conf. interval]
----------------+----------------------------------------------------------------
           anio |
          2019  |  -.7234055   .0246684   -29.33   0.000    -.7717548   -.6750563
          2020  |  -.5307997   .0233738   -22.71   0.000    -.5766116   -.4849877
          2021  |   -.788622   .0243986   -32.32   0.000    -.8364424   -.7408016
          2022  |  -.8044658   .0242865   -33.12   0.000    -.8520665   -.7568651
                |
         genero |
     MASCULINO  |   .2745605   .0293991     9.34   0.000     .2169392    .3321818
                |
    anio#genero |
2019#MASCULINO  |   .0107537    .038558     0.28   0.780    -.0648187     .086326
2020#MASCULINO  |  -.1225641   .0364589    -3.36   0.001    -.1940224   -.0511057
2021#MASCULINO  |   .3234316   .0384952     8.40   0.000     .2479822     .398881
2022#MASCULINO  |   .1709332   .0380119     4.50   0.000     .0964311    .2454353
                |
          _cons |   4.510257   .0189901   237.51   0.000     4.473037    4.547477
---------------------------------------------------------------------------------

. reg pos_delta_pctl ib2019.anio##i.genero,  vce(cluster id_bal)

Linear regression                               Number of obs     =  3,491,560
                                                F(9, 698311)      =     327.50
                                                Prob > F          =     0.0000
                                                R-squared         =     0.0009
                                                Root MSE          =     10.911

                              (Std. err. adjusted for 698,312 clusters in id_bal)
---------------------------------------------------------------------------------
                |               Robust
 pos_delta_pctl | Coefficient  std. err.      t    P>|t|     [95% conf. interval]
----------------+----------------------------------------------------------------
           anio |
          2018  |   .7234055   .0246684    29.33   0.000     .6750563    .7717548
          2020  |   .1926059   .0218409     8.82   0.000     .1497983    .2354134
          2021  |  -.0652165   .0225595    -2.89   0.004    -.1094325   -.0210005
          2022  |  -.0810603   .0222841    -3.64   0.000    -.1247365   -.0373841
                |
         genero |
     MASCULINO  |   .2853142   .0257905    11.06   0.000     .2347657    .3358627
                |
    anio#genero |
2018#MASCULINO  |  -.0107537    .038558    -0.28   0.780     -.086326    .0648187
2020#MASCULINO  |  -.1333177   .0345463    -3.86   0.000    -.2010274   -.0656081
2021#MASCULINO  |    .312678   .0360568     8.67   0.000     .2420077    .3833482
2022#MASCULINO  |   .1601796   .0352747     4.54   0.000     .0910423    .2293168
                |
          _cons |   3.786851   .0163991   230.92   0.000      3.75471    3.818993
---------------------------------------------------------------------------------

. reg pos_delta_pctl ib2020.anio##i.genero,  vce(cluster id_bal)

Linear regression                               Number of obs     =  3,491,560
                                                F(9, 698311)      =     327.50
                                                Prob > F          =     0.0000
                                                R-squared         =     0.0009
                                                Root MSE          =     10.911

                              (Std. err. adjusted for 698,312 clusters in id_bal)
---------------------------------------------------------------------------------
                |               Robust
 pos_delta_pctl | Coefficient  std. err.      t    P>|t|     [95% conf. interval]
----------------+----------------------------------------------------------------
           anio |
          2018  |   .5307997   .0233738    22.71   0.000     .4849877    .5766116
          2019  |  -.1926059   .0218409    -8.82   0.000    -.2354134   -.1497983
          2021  |  -.2578224   .0224999   -11.46   0.000    -.3019214   -.2137233
          2022  |  -.2736662   .0217018   -12.61   0.000     -.316201   -.2311313
                |
         genero |
     MASCULINO  |   .1519964   .0234241     6.49   0.000      .106086    .1979069
                |
    anio#genero |
2018#MASCULINO  |   .1225641   .0364589     3.36   0.001     .0511057    .1940224
2019#MASCULINO  |   .1333177   .0345463     3.86   0.000     .0656081    .2010274
2021#MASCULINO  |   .4459957   .0363107    12.28   0.000     .3748279    .5171635
2022#MASCULINO  |   .2934973   .0344454     8.52   0.000     .2259855    .3610092
                |
          _cons |   3.979457    .014765   269.52   0.000     3.950518    4.008396
---------------------------------------------------------------------------------

. reg pos_delta_pctl ib2021.anio##i.genero,  vce(cluster id_bal)

Linear regression                               Number of obs     =  3,491,560
                                                F(9, 698311)      =     327.50
                                                Prob > F          =     0.0000
                                                R-squared         =     0.0009
                                                Root MSE          =     10.911

                              (Std. err. adjusted for 698,312 clusters in id_bal)
---------------------------------------------------------------------------------
                |               Robust
 pos_delta_pctl | Coefficient  std. err.      t    P>|t|     [95% conf. interval]
----------------+----------------------------------------------------------------
           anio |
          2018  |    .788622   .0243986    32.32   0.000     .7408016    .8364424
          2019  |   .0652165   .0225595     2.89   0.004     .0210005    .1094325
          2020  |   .2578224   .0224999    11.46   0.000     .2137233    .3019214
          2022  |  -.0158438   .0232982    -0.68   0.496    -.0615074    .0298199
                |
         genero |
     MASCULINO  |   .5979921   .0273456    21.87   0.000     .5443956    .6515887
                |
    anio#genero |
2018#MASCULINO  |  -.3234316   .0384952    -8.40   0.000     -.398881   -.2479822
2019#MASCULINO  |   -.312678   .0360568    -8.67   0.000    -.3833482   -.2420077
2020#MASCULINO  |  -.4459957   .0363107   -12.28   0.000    -.5171635   -.3748279
2022#MASCULINO  |  -.1524984   .0377112    -4.04   0.000    -.2264111   -.0785856
                |
          _cons |   3.721635   .0167769   221.83   0.000     3.688753    3.754517
---------------------------------------------------------------------------------

. reg pos_delta_pctl ib2022.anio##i.genero,  vce(cluster id_bal)

Linear regression                               Number of obs     =  3,491,560
                                                F(9, 698311)      =     327.50
                                                Prob > F          =     0.0000
                                                R-squared         =     0.0009
                                                Root MSE          =     10.911

                              (Std. err. adjusted for 698,312 clusters in id_bal)
---------------------------------------------------------------------------------
                |               Robust
 pos_delta_pctl | Coefficient  std. err.      t    P>|t|     [95% conf. interval]
----------------+----------------------------------------------------------------
           anio |
          2018  |   .8044658   .0242865    33.12   0.000     .7568651    .8520665
          2019  |   .0810603   .0222841     3.64   0.000     .0373841    .1247365
          2020  |   .2736662   .0217018    12.61   0.000     .2311313     .316201
          2021  |   .0158438   .0232982     0.68   0.496    -.0298199    .0615074
                |
         genero |
     MASCULINO  |   .4454938   .0262147    16.99   0.000     .3941139    .4968736
                |
    anio#genero |
2018#MASCULINO  |  -.1709332   .0380119    -4.50   0.000    -.2454353   -.0964311
2019#MASCULINO  |  -.1601796   .0352747    -4.54   0.000    -.2293168   -.0910423
2020#MASCULINO  |  -.2934973   .0344454    -8.52   0.000    -.3610092   -.2259855
2021#MASCULINO  |   .1524984   .0377112     4.04   0.000     .0785856    .2264111
                |
          _cons |   3.705791   .0163834   226.19   0.000      3.67368    3.737902
---------------------------------------------------------------------------------

. 
. 
. ***** X financiamiento *****
. 
. reg pos_delta_pctl pandemic,  vce(cluster id_bal)

Linear regression                               Number of obs     =  8,810,145
                                                F(1, 1762028)     =     557.36
                                                Prob > F          =     0.0000
                                                R-squared         =     0.0001
                                                Root MSE          =     10.495

                         (Std. err. adjusted for 1,762,029 clusters in id_bal)
------------------------------------------------------------------------------
             |               Robust
pos_delta~tl | Coefficient  std. err.      t    P>|t|     [95% conf. interval]
-------------+----------------------------------------------------------------
    pandemic |   .1945936   .0082425    23.61   0.000     .1784385    .2107486
       _cons |   4.313055   .0043771   985.37   0.000     4.304476    4.321634
------------------------------------------------------------------------------

. reg pos_delta_pctl i.pandemic##i.financiamiento,  vce(cluster id_bal)

Linear regression                               Number of obs     =  3,435,935
                                                F(3, 687186)      =    1554.74
                                                Prob > F          =     0.0000
                                                R-squared         =     0.0018
                                                Root MSE          =     10.887

                                      (Std. err. adjusted for 687,187 clusters in id_bal)
-----------------------------------------------------------------------------------------
                        |               Robust
         pos_delta_pctl | Coefficient  std. err.      t    P>|t|     [95% conf. interval]
------------------------+----------------------------------------------------------------
             1.pandemic |  -.4739314   .0267668   -17.71   0.000    -.5263934   -.4214694
                        |
         financiamiento |
               Pública  |  -1.101392    .016615   -66.29   0.000    -1.133957   -1.068827
                        |
pandemic#financiamiento |
             1#Pública  |   .6039374   .0308412    19.58   0.000     .5434896    .6643852
                        |
                  _cons |   4.871961    .014353   339.44   0.000      4.84383    4.900093
-----------------------------------------------------------------------------------------

. reg pos_delta_pctl ib2018.anio##i.financiamiento,  vce(cluster id_bal)

Linear regression                               Number of obs     =  3,435,935
                                                F(9, 687186)      =     773.26
                                                Prob > F          =     0.0000
                                                R-squared         =     0.0024
                                                Root MSE          =     10.884

                                  (Std. err. adjusted for 687,187 clusters in id_bal)
-------------------------------------------------------------------------------------
                    |               Robust
     pos_delta_pctl | Coefficient  std. err.      t    P>|t|     [95% conf. interval]
--------------------+----------------------------------------------------------------
               anio |
              2019  |  -.5576769   .0378555   -14.73   0.000    -.6318725   -.4834813
              2020  |   -.863029    .035427   -24.36   0.000    -.9324648   -.7935931
              2021  |  -.5031543    .037517   -13.41   0.000    -.5766864   -.4296222
              2022  |  -.4955593   .0371304   -13.35   0.000    -.5683336    -.422785
                    |
     financiamiento |
           Pública  |  -.9206298   .0327864   -28.08   0.000      -.98489   -.8563696
                    |
anio#financiamiento |
      2019#Pública  |  -.2206461   .0437678    -5.04   0.000    -.3064295   -.1348626
      2020#Pública  |   .4231752   .0411355    10.29   0.000     .3425509    .5037995
      2021#Pública  |  -.1908242    .043468    -4.39   0.000    -.2760201   -.1056282
      2022#Pública  |  -.3115787   .0430227    -7.24   0.000    -.3959017   -.2272557
                    |
              _cons |   5.261059   .0280016   187.88   0.000     5.206177    5.315941
-------------------------------------------------------------------------------------

. reg pos_delta_pctl ib2019.anio##i.financiamiento,  vce(cluster id_bal)

Linear regression                               Number of obs     =  3,435,935
                                                F(9, 687186)      =     773.26
                                                Prob > F          =     0.0000
                                                R-squared         =     0.0024
                                                Root MSE          =     10.884

                                  (Std. err. adjusted for 687,187 clusters in id_bal)
-------------------------------------------------------------------------------------
                    |               Robust
     pos_delta_pctl | Coefficient  std. err.      t    P>|t|     [95% conf. interval]
--------------------+----------------------------------------------------------------
               anio |
              2018  |   .5576769   .0378555    14.73   0.000     .4834813    .6318725
              2020  |  -.3053521   .0344348    -8.87   0.000    -.3728431   -.2378611
              2021  |   .0545226   .0362019     1.51   0.132    -.0164319    .1254771
              2022  |   .0621176   .0355767     1.75   0.081    -.0076117    .1318468
                    |
     financiamiento |
           Pública  |  -1.141276   .0295691   -38.60   0.000     -1.19923   -1.083321
                    |
anio#financiamiento |
      2018#Pública  |   .2206461   .0437678     5.04   0.000     .1348626    .3064295
      2020#Pública  |   .6438213   .0395554    16.28   0.000      .566294    .7213485
      2021#Pública  |   .0298219   .0414316     0.72   0.472    -.0513827    .1110265
      2022#Pública  |  -.0909326   .0406845    -2.24   0.025    -.1706729   -.0111923
                    |
              _cons |   4.703382   .0257698   182.52   0.000     4.652874     4.75389
-------------------------------------------------------------------------------------

. reg pos_delta_pctl ib2020.anio##i.financiamiento,  vce(cluster id_bal)

Linear regression                               Number of obs     =  3,435,935
                                                F(9, 687186)      =     773.26
                                                Prob > F          =     0.0000
                                                R-squared         =     0.0024
                                                Root MSE          =     10.884

                                  (Std. err. adjusted for 687,187 clusters in id_bal)
-------------------------------------------------------------------------------------
                    |               Robust
     pos_delta_pctl | Coefficient  std. err.      t    P>|t|     [95% conf. interval]
--------------------+----------------------------------------------------------------
               anio |
              2018  |    .863029    .035427    24.36   0.000     .7935931    .9324648
              2019  |   .3053521   .0344348     8.87   0.000     .2378611    .3728431
              2021  |   .3598747   .0360486     9.98   0.000     .2892205    .4305288
              2022  |   .3674697   .0344147    10.68   0.000      .300018    .4349214
                    |
     financiamiento |
           Pública  |  -.4974546   .0265781   -18.72   0.000    -.5495468   -.4453625
                    |
anio#financiamiento |
      2018#Pública  |  -.4231752   .0411355   -10.29   0.000    -.5037995   -.3425509
      2019#Pública  |  -.6438213   .0395554   -16.28   0.000    -.7213485    -.566294
      2021#Pública  |  -.6139994   .0414139   -14.83   0.000    -.6951692   -.5328295
      2022#Pública  |  -.7347539   .0394964   -18.60   0.000    -.8121656   -.6573422
                    |
              _cons |    4.39803   .0230067   191.16   0.000     4.352938    4.443122
-------------------------------------------------------------------------------------

. reg pos_delta_pctl ib2021.anio##i.financiamiento,  vce(cluster id_bal)

Linear regression                               Number of obs     =  3,435,935
                                                F(9, 687186)      =     773.26
                                                Prob > F          =     0.0000
                                                R-squared         =     0.0024
                                                Root MSE          =     10.884

                                  (Std. err. adjusted for 687,187 clusters in id_bal)
-------------------------------------------------------------------------------------
                    |               Robust
     pos_delta_pctl | Coefficient  std. err.      t    P>|t|     [95% conf. interval]
--------------------+----------------------------------------------------------------
               anio |
              2018  |   .5031543    .037517    13.41   0.000     .4296222    .5766864
              2019  |  -.0545226   .0362019    -1.51   0.132    -.1254771    .0164319
              2020  |  -.3598747   .0360486    -9.98   0.000    -.4305288   -.2892205
              2022  |    .007595   .0379464     0.20   0.841    -.0667787    .0819687
                    |
     financiamiento |
           Pública  |  -1.111454   .0312435   -35.57   0.000     -1.17269   -1.050218
                    |
anio#financiamiento |
      2018#Pública  |   .1908242    .043468     4.39   0.000     .1056282    .2760201
      2019#Pública  |  -.0298219   .0414316    -0.72   0.472    -.1110265    .0513827
      2020#Pública  |   .6139994   .0414139    14.83   0.000     .5328295    .6951692
      2022#Pública  |  -.1207545   .0433655    -2.78   0.005    -.2057495   -.0357596
                    |
              _cons |   4.757905   .0272746   174.44   0.000     4.704447    4.811362
-------------------------------------------------------------------------------------

. reg pos_delta_pctl ib2022.anio##i.financiamiento,  vce(cluster id_bal)

Linear regression                               Number of obs     =  3,435,935
                                                F(9, 687186)      =     773.26
                                                Prob > F          =     0.0000
                                                R-squared         =     0.0024
                                                Root MSE          =     10.884

                                  (Std. err. adjusted for 687,187 clusters in id_bal)
-------------------------------------------------------------------------------------
                    |               Robust
     pos_delta_pctl | Coefficient  std. err.      t    P>|t|     [95% conf. interval]
--------------------+----------------------------------------------------------------
               anio |
              2018  |   .4955593   .0371304    13.35   0.000      .422785    .5683336
              2019  |  -.0621176   .0355767    -1.75   0.081    -.1318468    .0076117
              2020  |  -.3674697   .0344147   -10.68   0.000    -.4349214    -.300018
              2021  |   -.007595   .0379464    -0.20   0.841    -.0819687    .0667787
                    |
     financiamiento |
           Pública  |  -1.232209   .0300982   -40.94   0.000      -1.2912   -1.173217
                    |
anio#financiamiento |
      2018#Pública  |   .3115787   .0430227     7.24   0.000     .2272557    .3959017
      2019#Pública  |   .0909326   .0406845     2.24   0.025     .0111923    .1706729
      2020#Pública  |   .7347539   .0394964    18.60   0.000     .6573422    .8121656
      2021#Pública  |   .1207545   .0433655     2.78   0.005     .0357596    .2057495
                    |
              _cons |     4.7655   .0262833   181.31   0.000     4.713985    4.817014
-------------------------------------------------------------------------------------

. 
. ***** X financiamiento *****
. 
. reg pos_delta_pctl pandemic,  vce(cluster id_bal)

Linear regression                               Number of obs     =  8,810,145
                                                F(1, 1762028)     =     557.36
                                                Prob > F          =     0.0000
                                                R-squared         =     0.0001
                                                Root MSE          =     10.495

                         (Std. err. adjusted for 1,762,029 clusters in id_bal)
------------------------------------------------------------------------------
             |               Robust
pos_delta~tl | Coefficient  std. err.      t    P>|t|     [95% conf. interval]
-------------+----------------------------------------------------------------
    pandemic |   .1945936   .0082425    23.61   0.000     .1784385    .2107486
       _cons |   4.313055   .0043771   985.37   0.000     4.304476    4.321634
------------------------------------------------------------------------------

. reg pos_delta_pctl i.pandemic##i.financiamiento,  vce(cluster id_bal)

Linear regression                               Number of obs     =  3,435,935
                                                F(3, 687186)      =    1554.74
                                                Prob > F          =     0.0000
                                                R-squared         =     0.0018
                                                Root MSE          =     10.887

                                      (Std. err. adjusted for 687,187 clusters in id_bal)
-----------------------------------------------------------------------------------------
                        |               Robust
         pos_delta_pctl | Coefficient  std. err.      t    P>|t|     [95% conf. interval]
------------------------+----------------------------------------------------------------
             1.pandemic |  -.4739314   .0267668   -17.71   0.000    -.5263934   -.4214694
                        |
         financiamiento |
               Pública  |  -1.101392    .016615   -66.29   0.000    -1.133957   -1.068827
                        |
pandemic#financiamiento |
             1#Pública  |   .6039374   .0308412    19.58   0.000     .5434896    .6643852
                        |
                  _cons |   4.871961    .014353   339.44   0.000      4.84383    4.900093
-----------------------------------------------------------------------------------------

. reg pos_delta_pctl ib2018.anio##i.financiamiento,  vce(cluster id_bal)

Linear regression                               Number of obs     =  3,435,935
                                                F(9, 687186)      =     773.26
                                                Prob > F          =     0.0000
                                                R-squared         =     0.0024
                                                Root MSE          =     10.884

                                  (Std. err. adjusted for 687,187 clusters in id_bal)
-------------------------------------------------------------------------------------
                    |               Robust
     pos_delta_pctl | Coefficient  std. err.      t    P>|t|     [95% conf. interval]
--------------------+----------------------------------------------------------------
               anio |
              2019  |  -.5576769   .0378555   -14.73   0.000    -.6318725   -.4834813
              2020  |   -.863029    .035427   -24.36   0.000    -.9324648   -.7935931
              2021  |  -.5031543    .037517   -13.41   0.000    -.5766864   -.4296222
              2022  |  -.4955593   .0371304   -13.35   0.000    -.5683336    -.422785
                    |
     financiamiento |
           Pública  |  -.9206298   .0327864   -28.08   0.000      -.98489   -.8563696
                    |
anio#financiamiento |
      2019#Pública  |  -.2206461   .0437678    -5.04   0.000    -.3064295   -.1348626
      2020#Pública  |   .4231752   .0411355    10.29   0.000     .3425509    .5037995
      2021#Pública  |  -.1908242    .043468    -4.39   0.000    -.2760201   -.1056282
      2022#Pública  |  -.3115787   .0430227    -7.24   0.000    -.3959017   -.2272557
                    |
              _cons |   5.261059   .0280016   187.88   0.000     5.206177    5.315941
-------------------------------------------------------------------------------------

. reg pos_delta_pctl ib2019.anio##i.financiamiento,  vce(cluster id_bal)

Linear regression                               Number of obs     =  3,435,935
                                                F(9, 687186)      =     773.26
                                                Prob > F          =     0.0000
                                                R-squared         =     0.0024
                                                Root MSE          =     10.884

                                  (Std. err. adjusted for 687,187 clusters in id_bal)
-------------------------------------------------------------------------------------
                    |               Robust
     pos_delta_pctl | Coefficient  std. err.      t    P>|t|     [95% conf. interval]
--------------------+----------------------------------------------------------------
               anio |
              2018  |   .5576769   .0378555    14.73   0.000     .4834813    .6318725
              2020  |  -.3053521   .0344348    -8.87   0.000    -.3728431   -.2378611
              2021  |   .0545226   .0362019     1.51   0.132    -.0164319    .1254771
              2022  |   .0621176   .0355767     1.75   0.081    -.0076117    .1318468
                    |
     financiamiento |
           Pública  |  -1.141276   .0295691   -38.60   0.000     -1.19923   -1.083321
                    |
anio#financiamiento |
      2018#Pública  |   .2206461   .0437678     5.04   0.000     .1348626    .3064295
      2020#Pública  |   .6438213   .0395554    16.28   0.000      .566294    .7213485
      2021#Pública  |   .0298219   .0414316     0.72   0.472    -.0513827    .1110265
      2022#Pública  |  -.0909326   .0406845    -2.24   0.025    -.1706729   -.0111923
                    |
              _cons |   4.703382   .0257698   182.52   0.000     4.652874     4.75389
-------------------------------------------------------------------------------------

. reg pos_delta_pctl ib2020.anio##i.financiamiento,  vce(cluster id_bal)

Linear regression                               Number of obs     =  3,435,935
                                                F(9, 687186)      =     773.26
                                                Prob > F          =     0.0000
                                                R-squared         =     0.0024
                                                Root MSE          =     10.884

                                  (Std. err. adjusted for 687,187 clusters in id_bal)
-------------------------------------------------------------------------------------
                    |               Robust
     pos_delta_pctl | Coefficient  std. err.      t    P>|t|     [95% conf. interval]
--------------------+----------------------------------------------------------------
               anio |
              2018  |    .863029    .035427    24.36   0.000     .7935931    .9324648
              2019  |   .3053521   .0344348     8.87   0.000     .2378611    .3728431
              2021  |   .3598747   .0360486     9.98   0.000     .2892205    .4305288
              2022  |   .3674697   .0344147    10.68   0.000      .300018    .4349214
                    |
     financiamiento |
           Pública  |  -.4974546   .0265781   -18.72   0.000    -.5495468   -.4453625
                    |
anio#financiamiento |
      2018#Pública  |  -.4231752   .0411355   -10.29   0.000    -.5037995   -.3425509
      2019#Pública  |  -.6438213   .0395554   -16.28   0.000    -.7213485    -.566294
      2021#Pública  |  -.6139994   .0414139   -14.83   0.000    -.6951692   -.5328295
      2022#Pública  |  -.7347539   .0394964   -18.60   0.000    -.8121656   -.6573422
                    |
              _cons |    4.39803   .0230067   191.16   0.000     4.352938    4.443122
-------------------------------------------------------------------------------------

. reg pos_delta_pctl ib2021.anio##i.financiamiento,  vce(cluster id_bal)

Linear regression                               Number of obs     =  3,435,935
                                                F(9, 687186)      =     773.26
                                                Prob > F          =     0.0000
                                                R-squared         =     0.0024
                                                Root MSE          =     10.884

                                  (Std. err. adjusted for 687,187 clusters in id_bal)
-------------------------------------------------------------------------------------
                    |               Robust
     pos_delta_pctl | Coefficient  std. err.      t    P>|t|     [95% conf. interval]
--------------------+----------------------------------------------------------------
               anio |
              2018  |   .5031543    .037517    13.41   0.000     .4296222    .5766864
              2019  |  -.0545226   .0362019    -1.51   0.132    -.1254771    .0164319
              2020  |  -.3598747   .0360486    -9.98   0.000    -.4305288   -.2892205
              2022  |    .007595   .0379464     0.20   0.841    -.0667787    .0819687
                    |
     financiamiento |
           Pública  |  -1.111454   .0312435   -35.57   0.000     -1.17269   -1.050218
                    |
anio#financiamiento |
      2018#Pública  |   .1908242    .043468     4.39   0.000     .1056282    .2760201
      2019#Pública  |  -.0298219   .0414316    -0.72   0.472    -.1110265    .0513827
      2020#Pública  |   .6139994   .0414139    14.83   0.000     .5328295    .6951692
      2022#Pública  |  -.1207545   .0433655    -2.78   0.005    -.2057495   -.0357596
                    |
              _cons |   4.757905   .0272746   174.44   0.000     4.704447    4.811362
-------------------------------------------------------------------------------------

. reg pos_delta_pctl ib2022.anio##i.financiamiento,  vce(cluster id_bal)

Linear regression                               Number of obs     =  3,435,935
                                                F(9, 687186)      =     773.26
                                                Prob > F          =     0.0000
                                                R-squared         =     0.0024
                                                Root MSE          =     10.884

                                  (Std. err. adjusted for 687,187 clusters in id_bal)
-------------------------------------------------------------------------------------
                    |               Robust
     pos_delta_pctl | Coefficient  std. err.      t    P>|t|     [95% conf. interval]
--------------------+----------------------------------------------------------------
               anio |
              2018  |   .4955593   .0371304    13.35   0.000      .422785    .5683336
              2019  |  -.0621176   .0355767    -1.75   0.081    -.1318468    .0076117
              2020  |  -.3674697   .0344147   -10.68   0.000    -.4349214    -.300018
              2021  |   -.007595   .0379464    -0.20   0.841    -.0819687    .0667787
                    |
     financiamiento |
           Pública  |  -1.232209   .0300982   -40.94   0.000      -1.2912   -1.173217
                    |
anio#financiamiento |
      2018#Pública  |   .3115787   .0430227     7.24   0.000     .2272557    .3959017
      2019#Pública  |   .0909326   .0406845     2.24   0.025     .0111923    .1706729
      2020#Pública  |   .7347539   .0394964    18.60   0.000     .6573422    .8121656
      2021#Pública  |   .1207545   .0433655     2.78   0.005     .0357596    .2057495
                    |
              _cons |     4.7655   .0262833   181.31   0.000     4.713985    4.817014
-------------------------------------------------------------------------------------

. 
. 
. ***** X Nivel *****
. 
. reg pos_delta_pctl pandemic,  vce(cluster id_bal)

Linear regression                               Number of obs     =  8,810,145
                                                F(1, 1762028)     =     557.36
                                                Prob > F          =     0.0000
                                                R-squared         =     0.0001
                                                Root MSE          =     10.495

                         (Std. err. adjusted for 1,762,029 clusters in id_bal)
------------------------------------------------------------------------------
             |               Robust
pos_delta~tl | Coefficient  std. err.      t    P>|t|     [95% conf. interval]
-------------+----------------------------------------------------------------
    pandemic |   .1945936   .0082425    23.61   0.000     .1784385    .2107486
       _cons |   4.313055   .0043771   985.37   0.000     4.304476    4.321634
------------------------------------------------------------------------------

. reg pos_delta_pctl i.pandemic##i.tercer_nivel,  vce(cluster id_bal)

Linear regression                               Number of obs     =  3,491,560
                                                F(3, 698311)      =    2339.03
                                                Prob > F          =     0.0000
                                                R-squared         =     0.0020
                                                Root MSE          =     10.905

                                    (Std. err. adjusted for 698,312 clusters in id_bal)
---------------------------------------------------------------------------------------
                      |               Robust
       pos_delta_pctl | Coefficient  std. err.      t    P>|t|     [95% conf. interval]
----------------------+----------------------------------------------------------------
           1.pandemic |  -.2641035   .0271803    -9.72   0.000    -.3173759   -.2108311
       1.tercer_nivel |   1.171803   .0172545    67.91   0.000     1.137985    1.205621
                      |
pandemic#tercer_nivel |
                 1 1  |    .249338   .0311516     8.00   0.000     .1882819    .3103942
                      |
                _cons |   3.174608   .0151719   209.24   0.000     3.144872    3.204345
---------------------------------------------------------------------------------------

. reg pos_delta_pctl ib2018.anio##i.tercer_nivel,  vce(cluster id_bal)

Linear regression                               Number of obs     =  3,491,560
                                                F(9, 698311)      =    1003.53
                                                Prob > F          =     0.0000
                                                R-squared         =     0.0027
                                                Root MSE          =     10.901

                                (Std. err. adjusted for 698,312 clusters in id_bal)
-----------------------------------------------------------------------------------
                  |               Robust
   pos_delta_pctl | Coefficient  std. err.      t    P>|t|     [95% conf. interval]
------------------+----------------------------------------------------------------
             anio |
            2019  |  -.4622745   .0387097   -11.94   0.000    -.5381442   -.3864048
            2020  |  -.4662687   .0362477   -12.86   0.000    -.5373131   -.3952243
            2021  |  -.0559543   .0393544    -1.42   0.155    -.1330876    .0211791
            2022  |   -.290432   .0384623    -7.55   0.000    -.3658169    -.215047
                  |
   1.tercer_nivel |   1.571124   .0337198    46.59   0.000     1.505034    1.637214
                  |
anio#tercer_nivel |
          2019 1  |  -.3200577   .0443928    -7.21   0.000    -.4070661   -.2330493
          2020 1  |  -.1499832   .0416908    -3.60   0.000    -.2316958   -.0682707
          2021 1  |  -.7319816   .0448815   -16.31   0.000    -.8199479   -.6440152
          2022 1  |  -.5452459   .0440072   -12.39   0.000    -.6314986   -.4589931
                  |
            _cons |   3.376773   .0293547   115.03   0.000     3.319239    3.434308
-----------------------------------------------------------------------------------

. reg pos_delta_pctl ib2019.anio##i.tercer_nivel,  vce(cluster id_bal)

Linear regression                               Number of obs     =  3,491,560
                                                F(9, 698311)      =    1003.53
                                                Prob > F          =     0.0000
                                                R-squared         =     0.0027
                                                Root MSE          =     10.901

                                (Std. err. adjusted for 698,312 clusters in id_bal)
-----------------------------------------------------------------------------------
                  |               Robust
   pos_delta_pctl | Coefficient  std. err.      t    P>|t|     [95% conf. interval]
------------------+----------------------------------------------------------------
             anio |
            2018  |   .4622745   .0387097    11.94   0.000     .3864048    .5381442
            2020  |  -.0039942    .034771    -0.11   0.909    -.0721443    .0641559
            2021  |   .4063203    .037143    10.94   0.000     .3335213    .4791193
            2022  |   .1718426   .0358239     4.80   0.000     .1016288    .2420563
                  |
   1.tercer_nivel |   1.251066   .0297182    42.10   0.000      1.19282    1.309313
                  |
anio#tercer_nivel |
          2018 1  |   .3200577   .0443928     7.21   0.000     .2330493    .4070661
          2020 1  |   .1700745   .0398261     4.27   0.000     .0920166    .2481324
          2021 1  |  -.4119238   .0422486    -9.75   0.000    -.4947297   -.3291179
          2022 1  |  -.2251882   .0409266    -5.50   0.000     -.305403   -.1449733
                  |
            _cons |   2.914499   .0259426   112.34   0.000     2.863652    2.965346
-----------------------------------------------------------------------------------

. reg pos_delta_pctl ib2020.anio##i.tercer_nivel,  vce(cluster id_bal)

Linear regression                               Number of obs     =  3,491,560
                                                F(9, 698311)      =    1003.53
                                                Prob > F          =     0.0000
                                                R-squared         =     0.0027
                                                Root MSE          =     10.901

                                (Std. err. adjusted for 698,312 clusters in id_bal)
-----------------------------------------------------------------------------------
                  |               Robust
   pos_delta_pctl | Coefficient  std. err.      t    P>|t|     [95% conf. interval]
------------------+----------------------------------------------------------------
             anio |
            2018  |   .4662687   .0362477    12.86   0.000     .3952243    .5373131
            2019  |   .0039942    .034771     0.11   0.909    -.0641559    .0721443
            2021  |   .4103144   .0372687    11.01   0.000      .337269    .4833598
            2022  |   .1758367   .0349854     5.03   0.000     .1072664    .2444071
                  |
   1.tercer_nivel |   1.421141   .0269916    52.65   0.000     1.368238    1.474043
                  |
anio#tercer_nivel |
          2018 1  |   .1499832   .0416908     3.60   0.000     .0682707    .2316958
          2019 1  |  -.1700745   .0398261    -4.27   0.000    -.2481324   -.0920166
          2021 1  |  -.5819983   .0424171   -13.72   0.000    -.6651345   -.4988621
          2022 1  |  -.3952626   .0399628    -9.89   0.000    -.4735884   -.3169368
                  |
            _cons |   2.910505   .0235816   123.42   0.000     2.864286    2.956724
-----------------------------------------------------------------------------------

. reg pos_delta_pctl ib2021.anio##i.tercer_nivel,  vce(cluster id_bal)

Linear regression                               Number of obs     =  3,491,560
                                                F(9, 698311)      =    1003.53
                                                Prob > F          =     0.0000
                                                R-squared         =     0.0027
                                                Root MSE          =     10.901

                                (Std. err. adjusted for 698,312 clusters in id_bal)
-----------------------------------------------------------------------------------
                  |               Robust
   pos_delta_pctl | Coefficient  std. err.      t    P>|t|     [95% conf. interval]
------------------+----------------------------------------------------------------
             anio |
            2018  |   .0559543   .0393544     1.42   0.155    -.0211791    .1330876
            2019  |  -.4063203    .037143   -10.94   0.000    -.4791193   -.3335213
            2020  |  -.4103144   .0372687   -11.01   0.000    -.4833598    -.337269
            2022  |  -.2344777   .0391616    -5.99   0.000    -.3112332   -.1577222
                  |
   1.tercer_nivel |   .8391424   .0325641    25.77   0.000     .7753178     .902967
                  |
anio#tercer_nivel |
          2018 1  |   .7319816   .0448815    16.31   0.000     .6440152    .8199479
          2019 1  |   .4119238   .0422486     9.75   0.000     .3291179    .4947297
          2020 1  |   .5819983   .0424171    13.72   0.000     .4988621    .6651345
          2022 1  |   .1867357    .044424     4.20   0.000     .0996661    .2738052
                  |
            _cons |   3.320819   .0288325   115.18   0.000     3.264309     3.37733
-----------------------------------------------------------------------------------

. reg pos_delta_pctl ib2022.anio##i.tercer_nivel,  vce(cluster id_bal)

Linear regression                               Number of obs     =  3,491,560
                                                F(9, 698311)      =    1003.53
                                                Prob > F          =     0.0000
                                                R-squared         =     0.0027
                                                Root MSE          =     10.901

                                (Std. err. adjusted for 698,312 clusters in id_bal)
-----------------------------------------------------------------------------------
                  |               Robust
   pos_delta_pctl | Coefficient  std. err.      t    P>|t|     [95% conf. interval]
------------------+----------------------------------------------------------------
             anio |
            2018  |    .290432   .0384623     7.55   0.000      .215047    .3658169
            2019  |  -.1718426   .0358239    -4.80   0.000    -.2420563   -.1016288
            2020  |  -.1758367   .0349854    -5.03   0.000    -.2444071   -.1072664
            2021  |   .2344777   .0391616     5.99   0.000     .1577222    .3112332
                  |
   1.tercer_nivel |   1.025878   .0308063    33.30   0.000     .9654987    1.086258
                  |
anio#tercer_nivel |
          2018 1  |   .5452459   .0440072    12.39   0.000     .4589931    .6314986
          2019 1  |   .2251882   .0409266     5.50   0.000     .1449733     .305403
          2020 1  |   .3952626   .0399628     9.89   0.000     .3169368    .4735884
          2021 1  |  -.1867357    .044424    -4.20   0.000    -.2738052   -.0996661
                  |
            _cons |   3.086342   .0271203   113.80   0.000     3.033187    3.139496
-----------------------------------------------------------------------------------

. 
. 
. log close
      name:  <unnamed>
       log:  D:/DTO_ESTUDIOS_E1/B_INVESTIGADORES_EXTERNOS/2025.12.01_Santiago_Valdivieso//Resultados/Movilidad_Regre
> sion/interacciones.log
  log type:  text
 closed on:  29 Jun 2026, 16:20:32
--------------------------------------------------------------------------------------------------------------------
