--------------------------------------------------------------------------------------------------------------------
      name:  <unnamed>
       log:  D:/DTO_ESTUDIOS_E1/B_INVESTIGADORES_EXTERNOS/2025.12.01_Santiago_Valdivieso//Resultados/Movilidad_Regre
> sion/movilidad_relativa.log
  log type:  text
 opened on:  29 Jun 2026, 16:16:49

. 
. * --- Descriptiva: matriz de transición por quintil ---
. gen byte q_t0 = ceil(percentil_t0/20)
(1,762,029 missing values generated)

. gen byte q_t1 = ceil(percentil_t1/20)

. replace q_t0 = 5 if q_t0>5 & !missing(q_t0)
(0 real changes made)

. replace q_t1 = 5 if q_t1>5 & !missing(q_t1)
(0 real changes made)

. di as result _n "  Matriz de transición de RANGO (quintiles) — NO pandemia:"

  Matriz de transición de RANGO (quintiles) — NO pandemia:

. tab q_t0 q_t1 if pandemic==0, row nofreq

           |                          q_t1
      q_t0 |         1          2          3          4          5 |     Total
-----------+-------------------------------------------------------+----------
         1 |     71.39      17.98       5.26       3.06       2.31 |    100.00 
         2 |     19.14      63.79      12.36       3.01       1.70 |    100.00 
         3 |      4.39      14.35      68.41      10.07       2.78 |    100.00 
         4 |      2.90       2.47      11.66      71.78      11.19 |    100.00 
         5 |      2.22       1.35       2.29      12.11      82.03 |    100.00 
-----------+-------------------------------------------------------+----------
     Total |     20.02      19.98      20.00      20.00      20.00 |    100.00 

. di as result _n "  Matriz de transición de RANGO (quintiles) — PANDEMIA:"

  Matriz de transición de RANGO (quintiles) — PANDEMIA:

. tab q_t0 q_t1 if pandemic==1, row nofreq

           |                          q_t1
      q_t0 |         1          2          3          4          5 |     Total
-----------+-------------------------------------------------------+----------
         1 |     69.40      23.01       4.01       2.06       1.52 |    100.00 
         2 |     17.71      60.47      18.08       2.58       1.16 |    100.00 
         3 |      5.94      11.29      66.42      14.22       2.13 |    100.00 
         4 |      3.80       3.28       8.79      70.40      13.72 |    100.00 
         5 |      3.14       1.95       2.94      10.50      81.48 |    100.00 
-----------+-------------------------------------------------------+----------
     Total |     20.00      20.00      20.05      19.95      20.00 |    100.00 

. 
. 
. tab q_t0 q_t1 if anio == 2018, row nofreq

           |                          q_t1
      q_t0 |         1          2          3          4          5 |     Total
-----------+-------------------------------------------------------+----------
         1 |     67.73      18.88       6.87       4.32       2.20 |    100.00 
         2 |     24.37      60.22      10.56       3.20       1.65 |    100.00 
         3 |      3.84      17.53      67.41       8.61       2.61 |    100.00 
         4 |      2.43       2.31      13.40      70.84      11.02 |    100.00 
         5 |      1.63       1.05       1.84      12.95      82.52 |    100.00 
-----------+-------------------------------------------------------+----------
     Total |     20.00      20.00      20.02      19.98      20.00 |    100.00 

. tab q_t0 q_t1 if anio == 2019, row nofreq

           |                          q_t1
      q_t0 |         1          2          3          4          5 |     Total
-----------+-------------------------------------------------------+----------
         1 |     74.46      16.32       4.84       2.50       1.87 |    100.00 
         2 |     17.55      65.45      12.65       2.92       1.43 |    100.00 
         3 |      3.71      14.63      68.71      10.47       2.47 |    100.00 
         4 |      2.44       2.38      11.59      72.04      11.55 |    100.00 
         5 |      1.83       1.22       2.17      12.11      82.68 |    100.00 
-----------+-------------------------------------------------------+----------
     Total |     20.00      20.00      20.00      20.00      20.00 |    100.00 

. tab q_t0 q_t1 if anio == 2020, row nofreq

           |                          q_t1
      q_t0 |         1          2          3          4          5 |     Total
-----------+-------------------------------------------------------+----------
         1 |     69.40      23.01       4.01       2.06       1.52 |    100.00 
         2 |     17.71      60.47      18.08       2.58       1.16 |    100.00 
         3 |      5.94      11.29      66.42      14.22       2.13 |    100.00 
         4 |      3.80       3.28       8.79      70.40      13.72 |    100.00 
         5 |      3.14       1.95       2.94      10.50      81.48 |    100.00 
-----------+-------------------------------------------------------+----------
     Total |     20.00      20.00      20.05      19.95      20.00 |    100.00 

. tab q_t0 q_t1 if anio == 2021, row nofreq

           |                          q_t1
      q_t0 |         1          2          3          4          5 |     Total
-----------+-------------------------------------------------------+----------
         1 |     72.65      17.14       4.58       2.78       2.85 |    100.00 
         2 |     18.61      65.38      11.33       2.74       1.93 |    100.00 
         3 |      4.20      13.33      69.36      10.01       3.09 |    100.00 
         4 |      2.79       2.54      12.54      71.60      10.53 |    100.00 
         5 |      2.07       1.26       2.05      13.01      81.61 |    100.00 
-----------+-------------------------------------------------------+----------
     Total |     20.06      19.94      20.00      20.00      20.00 |    100.00 

. tab q_t0 q_t1 if anio == 2022, row nofreq

           |                          q_t1
      q_t0 |         1          2          3          4          5 |     Total
-----------+-------------------------------------------------------+----------
         1 |     70.71      19.59       4.74       2.64       2.31 |    100.00 
         2 |     16.02      64.10      14.91       3.17       1.79 |    100.00 
         3 |      5.81      11.92      68.15      11.20       2.93 |    100.00 
         4 |      3.93       2.65       9.14      72.63      11.66 |    100.00 
         5 |      3.35       1.89       3.09      10.37      81.30 |    100.00 
-----------+-------------------------------------------------------+----------
     Total |     20.00      20.00      20.00      20.00      20.00 |    100.00 

. 
. ******* Absoluto ******
. 
. tabstat abs_delta_pctl stay_top stay_bottom, by(pandemic) ///
>     stat(mean sd n) format(%9.4f)

Summary statistics: Mean, SD, N
Group variable: pandemic (Transición pandemia (2019→2020))

pandemic |  abs_d~tl  stay_top  stay_b~m
---------+------------------------------
       0 |    8.6256    0.7644    0.5400
         |   13.5136    0.4243    0.4984
         |  7.05e+06  7.75e+05  7.05e+05
---------+------------------------------
       1 |    8.9938    0.7622    0.5129
         |   13.5751    0.4258    0.4998
         |  1.76e+06  1.94e+05  1.76e+05
---------+------------------------------
   Total |    8.6993    0.7640    0.5345
         |   13.5268    0.4246    0.4988
         |  8.81e+06  9.69e+05  8.81e+05
----------------------------------------

. 
. reg abs_delta_pctl pandemic,  vce(cluster id_bal)

Linear regression                               Number of obs     =  8,810,145
                                                F(1, 1762028)     =    1567.92
                                                Prob > F          =     0.0000
                                                R-squared         =     0.0001
                                                Root MSE          =     13.526

                         (Std. err. adjusted for 1,762,029 clusters in id_bal)
------------------------------------------------------------------------------
             |               Robust
abs_delta~tl | Coefficient  std. err.      t    P>|t|     [95% conf. interval]
-------------+----------------------------------------------------------------
    pandemic |   .3681402   .0092972    39.60   0.000     .3499181    .3863624
       _cons |   8.625628   .0066573  1295.67   0.000      8.61258    8.638676
------------------------------------------------------------------------------

. estimates store b_abs1

. reg abs_delta_pctl ib2018.anio, vce(cluster id_bal)

Linear regression                               Number of obs     =  8,810,145
                                                F(4, 1762028)     =    3607.31
                                                Prob > F          =     0.0000
                                                R-squared         =     0.0010
                                                Root MSE          =      13.52

                         (Std. err. adjusted for 1,762,029 clusters in id_bal)
------------------------------------------------------------------------------
             |               Robust
abs_delta~tl | Coefficient  std. err.      t    P>|t|     [95% conf. interval]
-------------+----------------------------------------------------------------
        anio |
       2019  |  -.9928145   .0112725   -88.07   0.000    -1.014908   -.9707208
       2020  |   .0318423   .0125592     2.54   0.011     .0072266    .0564579
       2021  |  -.4902297   .0128769   -38.07   0.000     -.515468   -.4649914
       2022  |   .1378524    .013541    10.18   0.000     .1113126    .1643923
             |
       _cons |   8.961926   .0098678   908.20   0.000     8.942586    8.981267
------------------------------------------------------------------------------

. reg stay_top pandemic,  vce(cluster id_bal)

Linear regression                               Number of obs     =    969,115
                                                F(1, 327334)      =       4.94
                                                Prob > F          =     0.0263
                                                R-squared         =     0.0000
                                                Root MSE          =     .42463

                           (Std. err. adjusted for 327,335 clusters in id_bal)
------------------------------------------------------------------------------
             |               Robust
    stay_top | Coefficient  std. err.      t    P>|t|     [95% conf. interval]
-------------+----------------------------------------------------------------
    pandemic |  -.0022714   .0010222    -2.22   0.026    -.0042749   -.0002679
       _cons |    .764441   .0005576  1370.90   0.000     .7633481    .7655339
------------------------------------------------------------------------------

. estimates store b_stop

. reg stay_bottom pandemic, vce(cluster id_bal)

Linear regression                               Number of obs     =    881,033
                                                F(1, 437915)      =     461.33
                                                Prob > F          =     0.0000
                                                R-squared         =     0.0005
                                                Root MSE          =     .49869

                           (Std. err. adjusted for 437,916 clusters in id_bal)
------------------------------------------------------------------------------
             |               Robust
 stay_bottom | Coefficient  std. err.      t    P>|t|     [95% conf. interval]
-------------+----------------------------------------------------------------
    pandemic |  -.0270885   .0012612   -21.48   0.000    -.0295604   -.0246166
       _cons |   .5399572   .0006593   818.97   0.000     .5386649    .5412494
------------------------------------------------------------------------------

. estimates store b_sbot

. 
. ***** Solo cambios positivos *****
. 
. * Decil
. 
. reg abs_delta_decil pandemic,  vce(cluster id_bal)

Linear regression                               Number of obs     =  8,810,145
                                                F(1, 1762028)     =    3621.83
                                                Prob > F          =     0.0000
                                                R-squared         =     0.0003
                                                Root MSE          =     1.3938

                         (Std. err. adjusted for 1,762,029 clusters in id_bal)
------------------------------------------------------------------------------
             |               Robust
abs_delta~il | Coefficient  std. err.      t    P>|t|     [95% conf. interval]
-------------+----------------------------------------------------------------
    pandemic |   .0585653   .0009731    60.18   0.000      .056658    .0604726
       _cons |   .8455776   .0006733  1255.82   0.000     .8442579    .8468973
------------------------------------------------------------------------------

. reg pos_delta_decil pandemic,  vce(cluster id_bal)

Linear regression                               Number of obs     =  8,810,145
                                                F(1, 1762028)     =    3610.38
                                                Prob > F          =     0.0000
                                                R-squared         =     0.0004
                                                Root MSE          =     1.0707

                         (Std. err. adjusted for 1,762,029 clusters in id_bal)
------------------------------------------------------------------------------
             |               Robust
pos_delta~il | Coefficient  std. err.      t    P>|t|     [95% conf. interval]
-------------+----------------------------------------------------------------
    pandemic |   .0519476   .0008645    60.09   0.000     .0502532    .0536421
       _cons |   .4174992   .0004399   949.10   0.000     .4166371    .4183614
------------------------------------------------------------------------------

. 
. 
. reg abs_delta_decil ib2018.anio,  vce(cluster id_bal)

Linear regression                               Number of obs     =  8,810,145
                                                F(4, 1762028)     =    2720.01
                                                Prob > F          =     0.0000
                                                R-squared         =     0.0008
                                                Root MSE          =     1.3934

                         (Std. err. adjusted for 1,762,029 clusters in id_bal)
------------------------------------------------------------------------------
             |               Robust
abs_delta~il | Coefficient  std. err.      t    P>|t|     [95% conf. interval]
-------------+----------------------------------------------------------------
        anio |
       2019  |  -.0507449   .0012048   -42.12   0.000    -.0531063   -.0483835
       2020  |   .0524435   .0013203    39.72   0.000     .0498558    .0550312
       2021  |  -.0203135   .0013466   -15.08   0.000    -.0229529   -.0176742
       2022  |   .0465713   .0014074    33.09   0.000     .0438129    .0493297
             |
       _cons |   .8516994   .0010313   825.82   0.000      .849678    .8537208
------------------------------------------------------------------------------

. reg pos_delta_decil ib2018.anio,  vce(cluster id_bal)

Linear regression                               Number of obs     =  8,810,145
                                                F(4, 1762028)     =    2016.71
                                                Prob > F          =     0.0000
                                                R-squared         =     0.0009
                                                Root MSE          =     1.0704

                         (Std. err. adjusted for 1,762,029 clusters in id_bal)
------------------------------------------------------------------------------
             |               Robust
pos_delta~il | Coefficient  std. err.      t    P>|t|     [95% conf. interval]
-------------+----------------------------------------------------------------
        anio |
       2019  |  -.0419142   .0011418   -36.71   0.000    -.0441521   -.0396763
       2020  |   .0441304   .0011135    39.63   0.000     .0419479    .0463128
       2021  |  -.0200672   .0011458   -17.51   0.000     -.022313   -.0178215
       2022  |   .0307123   .0011472    26.77   0.000     .0284638    .0329609
             |
       _cons |   .4253165   .0008502   500.25   0.000     .4236501    .4269829
------------------------------------------------------------------------------

. 
. * Percentil
. 
. reg abs_delta_pctl pandemic,  vce(cluster id_bal)

Linear regression                               Number of obs     =  8,810,145
                                                F(1, 1762028)     =    1567.92
                                                Prob > F          =     0.0000
                                                R-squared         =     0.0001
                                                Root MSE          =     13.526

                         (Std. err. adjusted for 1,762,029 clusters in id_bal)
------------------------------------------------------------------------------
             |               Robust
abs_delta~tl | Coefficient  std. err.      t    P>|t|     [95% conf. interval]
-------------+----------------------------------------------------------------
    pandemic |   .3681402   .0092972    39.60   0.000     .3499181    .3863624
       _cons |   8.625628   .0066573  1295.67   0.000      8.61258    8.638676
------------------------------------------------------------------------------

. reg pos_delta_pctl pandemic,  vce(cluster id_bal)

Linear regression                               Number of obs     =  8,810,145
                                                F(1, 1762028)     =     557.36
                                                Prob > F          =     0.0000
                                                R-squared         =     0.0001
                                                Root MSE          =     10.495

                         (Std. err. adjusted for 1,762,029 clusters in id_bal)
------------------------------------------------------------------------------
             |               Robust
pos_delta~tl | Coefficient  std. err.      t    P>|t|     [95% conf. interval]
-------------+----------------------------------------------------------------
    pandemic |   .1945936   .0082425    23.61   0.000     .1784385    .2107486
       _cons |   4.313055   .0043771   985.37   0.000     4.304476    4.321634
------------------------------------------------------------------------------

. 
. 
. reg abs_delta_pctl ib2018.anio,  vce(cluster id_bal)

Linear regression                               Number of obs     =  8,810,145
                                                F(4, 1762028)     =    3607.31
                                                Prob > F          =     0.0000
                                                R-squared         =     0.0010
                                                Root MSE          =      13.52

                         (Std. err. adjusted for 1,762,029 clusters in id_bal)
------------------------------------------------------------------------------
             |               Robust
abs_delta~tl | Coefficient  std. err.      t    P>|t|     [95% conf. interval]
-------------+----------------------------------------------------------------
        anio |
       2019  |  -.9928145   .0112725   -88.07   0.000    -1.014908   -.9707208
       2020  |   .0318423   .0125592     2.54   0.011     .0072266    .0564579
       2021  |  -.4902297   .0128769   -38.07   0.000     -.515468   -.4649914
       2022  |   .1378524    .013541    10.18   0.000     .1113126    .1643923
             |
       _cons |   8.961926   .0098678   908.20   0.000     8.942586    8.981267
------------------------------------------------------------------------------

. reg pos_delta_pctl ib2018.anio,  vce(cluster id_bal)

Linear regression                               Number of obs     =  8,810,145
                                                F(4, 1762028)     =     967.47
                                                Prob > F          =     0.0000
                                                R-squared         =     0.0004
                                                Root MSE          =     10.493

                         (Std. err. adjusted for 1,762,029 clusters in id_bal)
------------------------------------------------------------------------------
             |               Robust
pos_delta~tl | Coefficient  std. err.      t    P>|t|     [95% conf. interval]
-------------+----------------------------------------------------------------
        anio |
       2019  |  -.4698345   .0111945   -41.97   0.000    -.4917753   -.4478937
       2020  |   .0503153   .0107846     4.67   0.000     .0291778    .0714528
       2021  |  -.2144278   .0113203   -18.94   0.000    -.2366153   -.1922403
       2022  |   .1071492   .0112624     9.51   0.000     .0850752    .1292232
             |
       _cons |   4.457334   .0084247   529.08   0.000     4.440822    4.473846
------------------------------------------------------------------------------

. 
. reg pos_delta_pctl ib2019.anio,  vce(cluster id_bal)

Linear regression                               Number of obs     =  8,810,145
                                                F(4, 1762028)     =     967.47
                                                Prob > F          =     0.0000
                                                R-squared         =     0.0004
                                                Root MSE          =     10.493

                         (Std. err. adjusted for 1,762,029 clusters in id_bal)
------------------------------------------------------------------------------
             |               Robust
pos_delta~tl | Coefficient  std. err.      t    P>|t|     [95% conf. interval]
-------------+----------------------------------------------------------------
        anio |
       2018  |   .4698345   .0111945    41.97   0.000     .4478937    .4917753
       2020  |   .5201498   .0103521    50.25   0.000       .49986    .5404396
       2021  |   .2554067   .0107998    23.65   0.000     .2342394     .276574
       2022  |   .5769837   .0106929    53.96   0.000     .5560259    .5979415
             |
       _cons |   3.987499    .007633   522.41   0.000     3.972539    4.002459
------------------------------------------------------------------------------

. reg pos_delta_pctl ib2020.anio,  vce(cluster id_bal)

Linear regression                               Number of obs     =  8,810,145
                                                F(4, 1762028)     =     967.47
                                                Prob > F          =     0.0000
                                                R-squared         =     0.0004
                                                Root MSE          =     10.493

                         (Std. err. adjusted for 1,762,029 clusters in id_bal)
------------------------------------------------------------------------------
             |               Robust
pos_delta~tl | Coefficient  std. err.      t    P>|t|     [95% conf. interval]
-------------+----------------------------------------------------------------
        anio |
       2018  |  -.0503153   .0107846    -4.67   0.000    -.0714528   -.0291778
       2019  |  -.5201498   .0103521   -50.25   0.000    -.5404396     -.49986
       2021  |  -.2647431    .011036   -23.99   0.000    -.2863733   -.2431129
       2022  |   .0568339   .0106127     5.36   0.000     .0360333    .0776345
             |
       _cons |   4.507649   .0070473   639.63   0.000     4.493836    4.521461
------------------------------------------------------------------------------

. reg pos_delta_pctl ib2021.anio,  vce(cluster id_bal)

Linear regression                               Number of obs     =  8,810,145
                                                F(4, 1762028)     =     967.47
                                                Prob > F          =     0.0000
                                                R-squared         =     0.0004
                                                Root MSE          =     10.493

                         (Std. err. adjusted for 1,762,029 clusters in id_bal)
------------------------------------------------------------------------------
             |               Robust
pos_delta~tl | Coefficient  std. err.      t    P>|t|     [95% conf. interval]
-------------+----------------------------------------------------------------
        anio |
       2018  |   .2144278   .0113203    18.94   0.000     .1922403    .2366153
       2019  |  -.2554067   .0107998   -23.65   0.000     -.276574   -.2342394
       2020  |   .2647431    .011036    23.99   0.000     .2431129    .2863733
       2022  |    .321577   .0115447    27.85   0.000     .2989497    .3442043
             |
       _cons |   4.242906   .0082701   513.04   0.000     4.226697    4.259115
------------------------------------------------------------------------------

. reg pos_delta_pctl ib2022.anio,  vce(cluster id_bal)

Linear regression                               Number of obs     =  8,810,145
                                                F(4, 1762028)     =     967.47
                                                Prob > F          =     0.0000
                                                R-squared         =     0.0004
                                                Root MSE          =     10.493

                         (Std. err. adjusted for 1,762,029 clusters in id_bal)
------------------------------------------------------------------------------
             |               Robust
pos_delta~tl | Coefficient  std. err.      t    P>|t|     [95% conf. interval]
-------------+----------------------------------------------------------------
        anio |
       2018  |  -.1071492   .0112624    -9.51   0.000    -.1292232   -.0850752
       2019  |  -.5769837   .0106929   -53.96   0.000    -.5979415   -.5560259
       2020  |  -.0568339   .0106127    -5.36   0.000    -.0776345   -.0360333
       2021  |   -.321577   .0115447   -27.85   0.000    -.3442043   -.2989497
             |
       _cons |   4.564483   .0080713   565.52   0.000     4.548663    4.580302
------------------------------------------------------------------------------

. 
. 
. log close
      name:  <unnamed>
       log:  D:/DTO_ESTUDIOS_E1/B_INVESTIGADORES_EXTERNOS/2025.12.01_Santiago_Valdivieso//Resultados/Movilidad_Regre
> sion/movilidad_relativa.log
  log type:  text
 closed on:  29 Jun 2026, 16:17:54
--------------------------------------------------------------------------------------------------------------------
