
  ___  ____  ____  ____  ____ (R)
 /__    /   ____/   /   ____/
___/   /   /___/   /   /___/   16.0   Copyright 1985-2019 StataCorp LLC
  Statistics/Data Analysis            StataCorp
                                      4905 Lakeway Drive
     Special Edition                  College Station, Texas 77845 USA
                                      800-STATA-PC        http://www.stata.com
                                      979-696-4600        stata@stata.com
                                      979-696-4601 (fax)

Single-user Stata perpetual license:
       Serial number:  12345678910
         Licensed to:  Santiago Valdivieso
                       None

Notes:
      1.  Stata is running in batch mode.
      2.  Unicode is supported; see help unicode_advice.
      3.  Maximum number of variables is set to 5000; see help set_maxvar.

. use describe using "/Users/vero/Library/CloudStorage/GoogleDrive-santy85258@g
> mail.com/Mi unidad/Trabajos/Observatorio de Políticas Públicas/Observatorio G
> H/SRI/Procesamiento/Bases/Fake/03_BDD/F107/F107_anonimizada_2015.dta" 
variable describe not found
r(111);
