
  ___  ____  ____  ____  ____ ®
 /__    /   ____/   /   ____/      StataNow 19.5
___/   /   /___/   /   /___/       SE—Standard Edition

 Statistics and Data Science       Copyright 1985-2025 StataCorp LLC
                                   StataCorp
                                   4905 Lakeway Drive
                                   College Station, Texas 77845 USA
                                   800-782-8272        https://www.stata.com
                                   979-696-4600        service@stata.com

Stata license: Unlimited-user network, expiring 15 Aug 2028
Serial number: 401909300808
  Licensed to: Santiago Valdivieso
               MIT

Notes:
      1. Stata is running in batch mode.
      2. Unicode is supported; see help unicode_advice.
      3. Maximum number of variables is set to 5,000 but can be increased;
          see help set_maxvar.

. do armonizacion_institucion_formal.do 

. *============================================================================
> ==*
. * ARMONIZACIÓN: ESTABLECIMIENTO TIENE RUC (2001-2025)                        
> *
. * tiene_ruc = 1 si el establecimiento tiene RUC, 0 en otro caso              
>  *
. * "No sabe" se codifica como missing (.)                                     
>  *
. *============================================================================
> ==*
. 
. * Definición de rutas globales para facilitar la portabilidad del código
. global user_root "/Users/santiago/Library/CloudStorage/GoogleDrive-observator
> io.pobreza@flacso.edu.ec/Mi unidad/"

. global bases "$user_root/Bases"

. global raw "$bases/ENEMDU/Procesadas/Armonizacion/Variables base/Mensuales"

. global salarios "$bases/Salarios"

. global out "$bases/ENEMDU/Procesadas/analisis informalidad/Santiago"

. global gh "/Users/santiago/Documents/GH/Observatorio-Desigualdad-Pobreza/"

. global out_plot "$user_root/Boletín 3/2. Armonización de variables/Gráficos d
> e control"

. 
. global important_variable tiene_ruc

. 
. use "$raw/empleo1990.dta" in 1, clear 

. destring area, replace
area: all characters numeric; replaced as byte

. drop in 1
(1 observation deleted)

. 
. tempfile ruc_acumulado

. save `ruc_acumulado', replace
(dataset contains 0 observations)
(file /var/folders/v8/j2_3wzqd1rqc2l_95p5k_2l00000gn/T//St19931.000001 not
    found)
file /var/folders/v8/j2_3wzqd1rqc2l_95p5k_2l00000gn/T//St19931.000001 saved
    as .dta format

. 
. foreach y of numlist 2001(1)2025 {
  2. 
.     di "*****************   `y'   ************************"
  3. 
.     use "$raw/empleo`y'.dta", clear 
  4.     
.     rename *, lower
  5.     
.     * Inicializar variable armonizada de RUC
.     gen tiene_ruc = .
  6.     
.     *------------------------------------------------------------------------
> --*
.     * PERÍODO 1990-2000: NO DISPONIBLE
.     *------------------------------------------------------------------------
> --*
.     if (inrange(`y', 1990, 2000)) {
  7.         * No hay información de RUC en estos años
.         replace tiene_ruc = .
  8.     }
  9.     
.     *------------------------------------------------------------------------
> --*
.     * 2001: Variable pe51 (el establecimiento tiene ruc)
.     * 1 si / 2 no
.     *------------------------------------------------------------------------
> --*
.     if (`y' == 2001) {
 10.         capture confirm variable pe51
 11.         if !_rc {
 12.             *replace tiene_ruc = 1 if pe51 == 1  // Sí
.             *replace tiene_ruc = 0 if pe51 == 2  // No
.             *replace tiene_ruc = . if missing(pe51)
.                         gen no_tiene_ruc = (pe51 == 2) if inlist(pe51, 1, 2)
 13.                         replace no_tiene_ruc = . if inrange(condact, 5, 8)
>                       
 14.                         replace tiene_ruc = (no_tiene_ruc * - 1) + 1
 15.                         gen institucion_formal = cond(catetrab == 1, 1, ti
> ene_ruc)
 16.                         replace institucion_formal = 1 if pertrabn == 2
 17. 
.         }
 18.     }
 19.     
.     *------------------------------------------------------------------------
> --*
.     * 2002: Variable pe49 (el establecimiento donde trabaja tiene ruc)
.     * 1 si / 2 no / 9 no sabe
.     *------------------------------------------------------------------------
> --*
.     if (`y' == 2002) {
 20. 
.         capture confirm variable pe49
 21.         if !_rc {
 22.            * replace tiene_ruc = 1 if pe49 == 1  // Sí
.            * replace tiene_ruc = 0 if pe49 == 2  // No
.            * replace tiene_ruc = . if pe49 == 9  // No sabe → missing
.            * replace tiene_ruc = . if missing(pe49)
.                    
.                         gen no_tiene_ruc = (pe49 == 2) if inlist(pe49, 1, 2)
 23.                         replace no_tiene_ruc = . if inrange(condact, 5, 8)
>  | pe49 == 9          
 24.                         replace tiene_ruc = (no_tiene_ruc * - 1) + 1
 25.                         gen institucion_formal = cond(catetrab == 1, 1, ti
> ene_ruc)
 26.                         replace institucion_formal = 1 if pertrabn == 2
 27.                         
.         }
 28.     }
 29.     
.     *------------------------------------------------------------------------
> --*
.     * PERÍODO 2003-2006: Variable pe49 (establecimiento tiene ruc)
.     * 1 si / 2 no / 3 no sabe
.     *------------------------------------------------------------------------
> --*
.     if (inrange(`y', 2003, 2006)) {
 30.                         
.         capture confirm variable pe49
 31.         if !_rc {
 32.                         
.             *replace tiene_ruc = 1 if pe49 == 1  // Sí
.             *replace tiene_ruc = 0 if pe49 == 2  // No
.             *replace tiene_ruc = . if pe49 == 3  // No sabe → missing
.             *replace tiene_ruc = . if missing(pe49)
.                         gen no_tiene_ruc = pe49 == 2
 33.                         replace no_tiene_ruc = . if inrange(condact, 5, 8)
>  | pe49 == 3 | missing(pe49)          
 34.                         replace tiene_ruc = (no_tiene_ruc * - 1) + 1
 35.                         gen institucion_formal = cond(catetrab == 1, 1, ti
> ene_ruc)
 36.                         replace institucion_formal = 1 if pertrabn == 2
 37.                         
.         }
 38.     }
 39.     
.     *------------------------------------------------------------------------
> --*
.     * PERÍODO 2007-2025: Variable p49 (El establecimiento tiene RUC)
.     * 1 Si / 2 No / 3 No sabe
.     *------------------------------------------------------------------------
> --*
.     if (`y' >= 2007) {
 40.                 
.         capture confirm variable p49
 41.         if !_rc {
 42.             *replace tiene_ruc = 1 if p49 == 1  // Sí
.             *replace tiene_ruc = 0 if p49 == 2  // No
.             *replace tiene_ruc = . if p49 == 3  // No sabe → missing
.             *replace tiene_ruc = . if missing(p49)
.                         
.                         cap confirm variable condactn 
 43.                         if !_rc local condact_var condactn
 44.                         else    local condact_var condact
 45.                         
.                         gen no_tiene_ruc = p49 == 2 if p49 != 3 & !missing(p4
> 9) & empleo == 1
 46.                         replace tiene_ruc = (no_tiene_ruc * - 1) + 1
 47. 
.                         gen institucion_formal = cond(p47a == 2, 1, tiene_ruc
> ) ///
>                         if empleo == 1
 48.                         
.         }
 49.     }
 50.     
.     * Etiquetar variable RUC
.     label define lbl_ruc 0 "No tiene RUC" 1 "Tiene RUC", replace
 51.     label values tiene_ruc lbl_ruc
 52.     label variable tiene_ruc "Establecimiento tiene RUC (armonizado)"
 53.         
.          * Etiquetar variable institucion formal
.     label define lbl_if 0 "No Institucion Formal" 1 "Institucion Formal", rep
> lace
 54.     label values institucion_formal lbl_if
 55.     label variable institucion_formal "Trabaja en institucion formal"
 56. 
.     
.     * do "$gh/Generales/id_persona_loop.do"
.     
.     capture confirm variable area 
 57.     if  !_rc {
 58.         local area_var area
 59.         destring area, replace 
 60.     }
 61.     else local area_var 
 62.     
.     keep id_persona $important_variable anio `area_var' institucion_formal no
> _tiene_ruc fexp
 63.     
.     append using `ruc_acumulado'
 64.     
.     keep id_persona $important_variable anio `area_var' institucion_formal  n
> o_tiene_ruc fexp
 65.         
.     save `ruc_acumulado', replace
 66.     
.     di "*************** `y' *****************"
 67.     
.     count if id_persona == ""
 68.     local n = r(N)
 69.     
.     if (`n' != 0) asd
 70. 
. }
*****************   2001   ************************
  (all newnames==oldnames)
(60,749 missing values generated)
(51,155 missing values generated)
(11 real changes made, 11 to missing)
(9,583 real changes made)
(48,891 missing values generated)
(1,957 real changes made)
area already numeric; no replace
(variable id_persona was str18, now str19 to accommodate using data's values)
(label peamsiu already defined)
(label condact already defined)
(label LABD already defined)
(label pertrabn already defined)
(label condina already defined)
(label motnobus already defined)
(label LABC already defined)
(label ratmeh already defined)
(label pornot already defined)
(label actayuda already defined)
(label LABB already defined)
(label nivinst already defined)
(label sexo already defined)
(label reljefe already defined)
file /var/folders/v8/j2_3wzqd1rqc2l_95p5k_2l00000gn/T//St19931.000001 saved
    as .dta format
*************** 2001 *****************
  0
*****************   2002   ************************
  (all newnames==oldnames)
(24,799 missing values generated)
(15,696 missing values generated)
(70 real changes made, 70 to missing)
(9,033 real changes made)
(14,558 missing values generated)
(106 real changes made)
area already numeric; no replace
(variable id_persona was str18, now str19 to accommodate using data's values)
(label lbl_if already defined)
(label lbl_ruc already defined)
file /var/folders/v8/j2_3wzqd1rqc2l_95p5k_2l00000gn/T//St19931.000001 saved
    as .dta format
*************** 2002 *****************
  0
*****************   2003   ************************
  (all newnames==oldnames)
(82,317 missing values generated)
(55,508 real changes made, 55,508 to missing)
(26,809 real changes made)
(52,430 missing values generated)
(318 real changes made)
area already numeric; no replace
(label lbl_if already defined)
(label lbl_ruc already defined)
file /var/folders/v8/j2_3wzqd1rqc2l_95p5k_2l00000gn/T//St19931.000001 saved
    as .dta format
*************** 2003 *****************
  0
*****************   2004   ************************
  (all newnames==oldnames)
(83,043 missing values generated)
(51,397 real changes made, 51,397 to missing)
(31,646 real changes made)
(48,316 missing values generated)
(317 real changes made)
area already numeric; no replace
(variable id_persona was str20, now str21 to accommodate using data's values)
(label lbl_if already defined)
(label lbl_ruc already defined)
file /var/folders/v8/j2_3wzqd1rqc2l_95p5k_2l00000gn/T//St19931.000001 saved
    as .dta format
*************** 2004 *****************
  0
*****************   2005   ************************
  (all newnames==oldnames)
(77,050 missing values generated)
(49,258 real changes made, 49,258 to missing)
(27,792 real changes made)
(46,410 missing values generated)
(226 real changes made)
area already numeric; no replace
(variable id_persona was str20, now str21 to accommodate using data's values)
(label lbl_if already defined)
(label lbl_ruc already defined)
file /var/folders/v8/j2_3wzqd1rqc2l_95p5k_2l00000gn/T//St19931.000001 saved
    as .dta format
*************** 2005 *****************
  0
*****************   2006   ************************
  (all newnames==oldnames)
(77,964 missing values generated)
(48,587 real changes made, 48,587 to missing)
(29,377 real changes made)
(45,704 missing values generated)
(2,278 real changes made)
area already numeric; no replace
(variable id_persona was str20, now str21 to accommodate using data's values)
(label lbl_if already defined)
(label lbl_ruc already defined)
file /var/folders/v8/j2_3wzqd1rqc2l_95p5k_2l00000gn/T//St19931.000001 saved
    as .dta format
*************** 2006 *****************
  0
*****************   2007   ************************
  (all newnames==oldnames)
(76,921 missing values generated)
(52,950 missing values generated)
(23,971 real changes made)
(47,887 missing values generated)
area already numeric; no replace
(variable id_persona was str20, now str21 to accommodate using data's values)
(label lbl_if already defined)
(label lbl_ruc already defined)
file /var/folders/v8/j2_3wzqd1rqc2l_95p5k_2l00000gn/T//St19931.000001 saved
    as .dta format
*************** 2007 *****************
  0
*****************   2008   ************************
  (all newnames==oldnames)
(78,742 missing values generated)
(54,731 missing values generated)
(24,011 real changes made)
(49,545 missing values generated)
area already numeric; no replace
(variable id_persona was str20, now str21 to accommodate using data's values)
(label lbl_if already defined)
(label lbl_ruc already defined)
(label area already defined)
file /var/folders/v8/j2_3wzqd1rqc2l_95p5k_2l00000gn/T//St19931.000001 saved
    as .dta format
*************** 2008 *****************
  0
*****************   2009   ************************
  (all newnames==oldnames)
(78,878 missing values generated)
(54,833 missing values generated)
(24,045 real changes made)
(49,740 missing values generated)
area already numeric; no replace
(variable id_persona was str20, now str21 to accommodate using data's values)
(label lbl_if already defined)
(label lbl_ruc already defined)
(label area already defined)
file /var/folders/v8/j2_3wzqd1rqc2l_95p5k_2l00000gn/T//St19931.000001 saved
    as .dta format
*************** 2009 *****************
  0
*****************   2010   ************************
  (all newnames==oldnames)
(82,774 missing values generated)
(57,168 missing values generated)
(25,606 real changes made)
(51,408 missing values generated)
area already numeric; no replace
(variable id_persona was str20, now str21 to accommodate using data's values)
(label lbl_if already defined)
(label lbl_ruc already defined)
(label area already defined)
file /var/folders/v8/j2_3wzqd1rqc2l_95p5k_2l00000gn/T//St19931.000001 saved
    as .dta format
*************** 2010 *****************
  0
*****************   2011   ************************
  (all newnames==oldnames)
(69,653 missing values generated)
(48,477 missing values generated)
(21,176 real changes made)
(43,393 missing values generated)
area already numeric; no replace
(variable id_persona was str20, now str21 to accommodate using data's values)
(label lbl_if already defined)
(label lbl_ruc already defined)
(label area already defined)
file /var/folders/v8/j2_3wzqd1rqc2l_95p5k_2l00000gn/T//St19931.000001 saved
    as .dta format
*************** 2011 *****************
  0
*****************   2012   ************************
  (all newnames==oldnames)
(73,686 missing values generated)
(51,265 missing values generated)
(22,421 real changes made)
(45,750 missing values generated)
area already numeric; no replace
(variable id_persona was str20, now str21 to accommodate using data's values)
(label lbl_if already defined)
(label lbl_ruc already defined)
(label area already defined)
file /var/folders/v8/j2_3wzqd1rqc2l_95p5k_2l00000gn/T//St19931.000001 saved
    as .dta format
*************** 2012 *****************
  0
*****************   2013   ************************
  (all newnames==oldnames)
(81,386 missing values generated)
(57,335 missing values generated)
(24,051 real changes made)
(51,580 missing values generated)
area already numeric; no replace
(variable id_persona was str20, now str21 to accommodate using data's values)
(label lbl_if already defined)
(label lbl_ruc already defined)
(label area already defined)
file /var/folders/v8/j2_3wzqd1rqc2l_95p5k_2l00000gn/T//St19931.000001 saved
    as .dta format
*************** 2013 *****************
  0
*****************   2014   ************************
  (all newnames==oldnames)
(116,505 missing values generated)
(79,632 missing values generated)
(36,873 real changes made)
(69,922 missing values generated)
area already numeric; no replace
(variable area was byte, now double to accommodate using data's values)
(variable id_persona was str20, now str21 to accommodate using data's values)
(label lbl_if already defined)
(label lbl_ruc already defined)
file /var/folders/v8/j2_3wzqd1rqc2l_95p5k_2l00000gn/T//St19931.000001 saved
    as .dta format
*************** 2014 *****************
  0
*****************   2015   ************************
  (all newnames==oldnames)
(112,821 missing values generated)
(77,066 missing values generated)
(35,755 real changes made)
(67,340 missing values generated)
area already numeric; no replace
(variable area was byte, now double to accommodate using data's values)
(variable id_persona was str20, now str21 to accommodate using data's values)
(label lbl_if already defined)
(label lbl_ruc already defined)
file /var/folders/v8/j2_3wzqd1rqc2l_95p5k_2l00000gn/T//St19931.000001 saved
    as .dta format
*************** 2015 *****************
  0
*****************   2016   ************************
  (all newnames==oldnames)
(114,086 missing values generated)
(75,180 missing values generated)
(38,906 real changes made)
(65,736 missing values generated)
area already numeric; no replace
(variable area was byte, now double to accommodate using data's values)
(variable id_persona was str20, now str21 to accommodate using data's values)
(label lbl_if already defined)
(label lbl_ruc already defined)
file /var/folders/v8/j2_3wzqd1rqc2l_95p5k_2l00000gn/T//St19931.000001 saved
    as .dta format
*************** 2016 *****************
  0
*****************   2017   ************************
  (all newnames==oldnames)
(110,283 missing values generated)
(71,214 missing values generated)
(39,069 real changes made)
(61,973 missing values generated)
area already numeric; no replace
(variable area was byte, now double to accommodate using data's values)
(variable id_persona was str20, now str21 to accommodate using data's values)
(label lbl_if already defined)
(label lbl_ruc already defined)
(label labels0 already defined)
file /var/folders/v8/j2_3wzqd1rqc2l_95p5k_2l00000gn/T//St19931.000001 saved
    as .dta format
*************** 2017 *****************
  0
*****************   2018   ************************
  (all newnames==oldnames)
(59,350 missing values generated)
(38,016 missing values generated)
(21,334 real changes made)
(33,211 missing values generated)
area already numeric; no replace
(variable area was byte, now double to accommodate using data's values)
(variable id_persona was str20, now str21 to accommodate using data's values)
(label lbl_if already defined)
(label lbl_ruc already defined)
(label labels0 already defined)
file /var/folders/v8/j2_3wzqd1rqc2l_95p5k_2l00000gn/T//St19931.000001 saved
    as .dta format
*************** 2018 *****************
  0
*****************   2019   ************************
  (all newnames==oldnames)
(59,208 missing values generated)
(37,712 missing values generated)
(21,496 real changes made)
(32,999 missing values generated)
area already numeric; no replace
(variable area was byte, now double to accommodate using data's values)
(variable id_persona was str20, now str21 to accommodate using data's values)
(label lbl_if already defined)
(label lbl_ruc already defined)
(label labels0 already defined)
file /var/folders/v8/j2_3wzqd1rqc2l_95p5k_2l00000gn/T//St19931.000001 saved
    as .dta format
*************** 2019 *****************
  0
*****************   2020   ************************
  (all newnames==oldnames)
(30,646 missing values generated)
(19,633 missing values generated)
(11,013 real changes made)
(17,324 missing values generated)
area already numeric; no replace
(variable area was byte, now double to accommodate using data's values)
(variable id_persona was str20, now str21 to accommodate using data's values)
(label lbl_if already defined)
(label lbl_ruc already defined)
(label labels0 already defined)
file /var/folders/v8/j2_3wzqd1rqc2l_95p5k_2l00000gn/T//St19931.000001 saved
    as .dta format
*************** 2020 *****************
  0
*****************   2021   ************************
  (all newnames==oldnames)
(30,026 missing values generated)
(18,667 missing values generated)
(11,359 real changes made)
(16,021 missing values generated)
area already numeric; no replace
(variable area was byte, now double to accommodate using data's values)
(variable id_persona was str20, now str21 to accommodate using data's values)
(label lbl_if already defined)
(label lbl_ruc already defined)
(label labels0 already defined)
file /var/folders/v8/j2_3wzqd1rqc2l_95p5k_2l00000gn/T//St19931.000001 saved
    as .dta format
*************** 2021 *****************
  0
*****************   2022   ************************
  (all newnames==oldnames)
(28,993 missing values generated)
(18,208 missing values generated)
(10,785 real changes made)
(15,581 missing values generated)
area already numeric; no replace
(variable area was byte, now double to accommodate using data's values)
(variable id_persona was str20, now str21 to accommodate using data's values)
(label lbl_if already defined)
(label lbl_ruc already defined)
(label labels0 already defined)
file /var/folders/v8/j2_3wzqd1rqc2l_95p5k_2l00000gn/T//St19931.000001 saved
    as .dta format
*************** 2022 *****************
  0
*****************   2023   ************************
  (all newnames==oldnames)
(28,306 missing values generated)
(17,572 missing values generated)
(10,734 real changes made)
(15,108 missing values generated)
area already numeric; no replace
(variable area was byte, now double to accommodate using data's values)
(variable id_persona was str20, now str21 to accommodate using data's values)
(label lbl_if already defined)
(label lbl_ruc already defined)
(label labels0 already defined)
file /var/folders/v8/j2_3wzqd1rqc2l_95p5k_2l00000gn/T//St19931.000001 saved
    as .dta format
*************** 2023 *****************
  0
*****************   2024   ************************
  (all newnames==oldnames)
(27,610 missing values generated)
(17,072 missing values generated)
(10,538 real changes made)
(14,715 missing values generated)
area already numeric; no replace
(variable id_persona was str20, now str21 to accommodate using data's values)
(label lbl_if already defined)
(label lbl_ruc already defined)
file /var/folders/v8/j2_3wzqd1rqc2l_95p5k_2l00000gn/T//St19931.000001 saved
    as .dta format
*************** 2024 *****************
  0
*****************   2025   ************************
  (all newnames==oldnames)
(27,808 missing values generated)
(17,475 missing values generated)
(10,333 real changes made)
(15,028 missing values generated)
area already numeric; no replace
(variable area was byte, now double to accommodate using data's values)
(variable id_persona was str20, now str21 to accommodate using data's values)
(label lbl_if already defined)
(label lbl_ruc already defined)
file /var/folders/v8/j2_3wzqd1rqc2l_95p5k_2l00000gn/T//St19931.000001 saved
    as .dta format
*************** 2025 *****************
  0

. 
. save "$out/historico_ruc.dta", replace
file
    /Users/santiago/Library/CloudStorage/GoogleDrive-observatorio.pobreza@fla
    > cso.edu.ec/Mi unidad//Bases/ENEMDU/Procesadas/analisis
    informalidad/Santiago/historico_ruc.dta saved

. 
. use "$out/historico_ruc.dta", clear

. 
. * Verificación
. tab anio tiene_ruc [iw = fexp], nofreq row

           | Establecimiento tiene
           |   RUC (armonizado)
      anio | No tiene   Tiene RUC |     Total
-----------+----------------------+----------
      2001 |     80.17      19.83 |    100.00 
      2002 |     52.07      47.93 |    100.00 
      2003 |     62.45      37.55 |    100.00 
      2004 |     64.32      35.68 |    100.00 
      2005 |     61.74      38.26 |    100.00 
      2006 |     68.35      31.65 |    100.00 
      2007 |     64.59      35.41 |    100.00 
      2008 |     61.53      38.47 |    100.00 
      2009 |     61.84      38.16 |    100.00 
      2010 |     59.94      40.06 |    100.00 
      2011 |     60.98      39.02 |    100.00 
      2012 |     57.72      42.28 |    100.00 
      2013 |     57.31      42.69 |    100.00 
      2014 |     57.24      42.76 |    100.00 
      2015 |     58.35      41.65 |    100.00 
      2016 |     61.25      38.75 |    100.00 
      2017 |     59.49      40.51 |    100.00 
      2018 |     61.86      38.14 |    100.00 
      2019 |     62.92      37.08 |    100.00 
      2020 |     66.80      33.20 |    100.00 
      2021 |     65.72      34.28 |    100.00 
      2022 |     67.27      32.73 |    100.00 
      2023 |     68.36      31.64 |    100.00 
      2024 |     70.92      29.08 |    100.00 
      2025 |     67.12      32.88 |    100.00 
-----------+----------------------+----------
     Total |     63.36      36.64 |    100.00 

. tab anio institucion_formal [iw = fexp], nofreq row

           |      Trabaja en
           |  institucion formal
      anio | No Instit  Instituci |     Total
-----------+----------------------+----------
      2001 |     54.32      45.68 |    100.00 
      2002 |     44.97      55.03 |    100.00 
      2003 |     55.07      44.93 |    100.00 
      2004 |     57.83      42.17 |    100.00 
      2005 |     55.95      44.05 |    100.00 
      2006 |     56.52      43.48 |    100.00 
      2007 |     52.42      47.58 |    100.00 
      2008 |     49.75      50.25 |    100.00 
      2009 |     50.05      49.95 |    100.00 
      2010 |     47.57      52.43 |    100.00 
      2011 |     47.89      52.11 |    100.00 
      2012 |     45.60      54.40 |    100.00 
      2013 |     44.80      55.20 |    100.00 
      2014 |     43.81      56.19 |    100.00 
      2015 |     44.42      55.58 |    100.00 
      2016 |     47.86      52.14 |    100.00 
      2017 |     47.38      52.62 |    100.00 
      2018 |     49.97      50.03 |    100.00 
      2019 |     51.14      48.86 |    100.00 
      2020 |     55.17      44.83 |    100.00 
      2021 |     53.96      46.04 |    100.00 
      2022 |     55.62      44.38 |    100.00 
      2023 |     57.40      42.60 |    100.00 
      2024 |     60.14      39.86 |    100.00 
      2025 |     56.41      43.59 |    100.00 
-----------+----------------------+----------
     Total |     51.72      48.28 |    100.00 

. 
end of do-file
