-------------------------------------------------------------------------------------------------------------------------------------------
      name:  movlog
       log:  D:/DTO_ESTUDIOS_E1/B_INVESTIGADORES_EXTERNOS/2025.12.01_Santiago_Valdivieso//Proyectos/Impacto shocks/resultados/movilidad_v2/
> covid/dos_anios/winsorized/descriptivos/transiciones_covid.log
  log type:  text
 opened on:   5 Oct 2026, 13:41:54
.     di as result _n "== MATRICES DE TRANSICION (fila = decil de origen, % por fila) =="

== MATRICES DE TRANSICION (fila = decil de origen, % por fila) ==
.     di as result    "   $shock_lab"
   covid | pre 2019 | orden a=2017 b=2015-2017 | base 2018 | origen D6-D10 | principal lg | solo 2019 vs 2020 | winsorizado p1
.     local si = 0
.     foreach s of global samples {
  2.         local si = `si' + 1
  3.         foreach v of global inc_vars {
  4.             foreach j in a b {
  5.                 di as result _n "##### muestra `s' | `v' | definicion de t0: (`j') #####"
  6.                 foreach y of global out_years {
  7.                     di as result _n "  anio = `y'"
  8.                     tabulate decil0_`j'_`v' decil_`v' if anio == `y' & muestra == `si', ///
>                         row nofreq
  9.                 }
 10.             }
 11.         }
 12.     }

##### muestra unbal | ingreso | definicion de t0: (a) #####

  anio = 2019

  Decil de |
    origen |
 (def. a): |                                        Decil dentro del anio: ingreso
   ingreso |         1          2          3          4          5          6          7          8          9         10 |     Total
-----------+--------------------------------------------------------------------------------------------------------------+----------
         6 |      2.55       3.12       4.09       2.95       5.98      27.71      31.88      13.92       5.46       2.34 |    100.00 
         7 |      1.41       1.93       2.21       1.52       2.32       4.60      43.20      32.31       7.73       2.78 |    100.00 
         8 |      1.38       1.85       2.30       1.48       2.05       3.19       5.92      38.02      37.81       6.01 |    100.00 
         9 |      1.34       1.59       2.07       1.32       1.80       2.45       3.33       9.80      49.40      26.91 |    100.00 
        10 |      1.05       1.04       1.37       0.92       0.97       1.30       1.70       3.50       9.46      78.69 |    100.00 
-----------+--------------------------------------------------------------------------------------------------------------+----------
     Total |      1.54       1.90       2.41       1.64       2.62       7.83      17.18      19.51      21.99      23.39 |    100.00 

  anio = 2020

  Decil de |
    origen |
 (def. a): |                                        Decil dentro del anio: ingreso
   ingreso |         1          2          3          4          5          6          7          8          9         10 |     Total
-----------+--------------------------------------------------------------------------------------------------------------+----------
         6 |      3.23       3.86       5.85       4.30       7.35      23.50      29.65      14.02       5.67       2.58 |    100.00 
         7 |      1.81       2.17       3.39       2.16       3.15       5.41      38.23      32.90       7.65       3.12 |    100.00 
         8 |      1.89       2.25       2.99       2.16       2.56       3.71       6.40      30.20      41.36       6.49 |    100.00 
         9 |      2.02       2.13       2.89       2.11       2.32       3.05       4.04      10.38      44.09      26.97 |    100.00 
        10 |      1.64       1.47       1.97       1.48       1.44       1.76       2.05       4.11      10.45      73.61 |    100.00 
-----------+--------------------------------------------------------------------------------------------------------------+----------
     Total |      2.11       2.37       3.41       2.44       3.35       7.43      16.10      18.39      21.81      22.59 |    100.00 

##### muestra unbal | ingreso | definicion de t0: (b) #####

  anio = 2019

  Decil de |
    origen |
 (def. b): |                                        Decil dentro del anio: ingreso
   ingreso |         1          2          3          4          5          6          7          8          9         10 |     Total
-----------+--------------------------------------------------------------------------------------------------------------+----------
         6 |      1.75       2.25       2.81       2.12       3.37       9.54      44.99      23.36       7.23       2.57 |    100.00 
         7 |      1.50       1.99       2.52       1.72       2.53       4.39      18.81      45.16      16.80       4.57 |    100.00 
         8 |      1.37       1.83       2.26       1.46       1.97       2.90       4.62      21.47      51.76      10.37 |    100.00 
         9 |      1.28       1.46       1.95       1.29       1.56       2.15       2.76       6.97      41.55      39.01 |    100.00 
        10 |      0.95       0.99       1.27       0.87       0.95       1.23       1.58       3.21       8.04      80.89 |    100.00 
-----------+--------------------------------------------------------------------------------------------------------------+----------
     Total |      1.37       1.70       2.16       1.49       2.07       4.04      14.53      20.02      25.08      27.52 |    100.00 

  anio = 2020

  Decil de |
    origen |
 (def. b): |                                        Decil dentro del anio: ingreso
   ingreso |         1          2          3          4          5          6          7          8          9         10 |     Total
-----------+--------------------------------------------------------------------------------------------------------------+----------
         6 |      2.27       2.62       4.22       3.02       4.56       9.94      38.93      24.50       7.13       2.80 |    100.00 
         7 |      1.99       2.42       3.35       2.47       3.13       5.24      17.87      38.53      20.17       4.84 |    100.00 
         8 |      1.88       2.17       2.98       2.20       2.45       3.44       5.20      18.35      50.45      10.88 |    100.00 
         9 |      1.83       2.02       2.69       1.91       2.02       2.65       3.43       7.82      38.17      37.46 |    100.00 
        10 |      1.55       1.38       1.88       1.45       1.42       1.66       1.91       3.87       8.95      75.94 |    100.00 
-----------+--------------------------------------------------------------------------------------------------------------+----------
     Total |      1.90       2.12       3.02       2.21       2.72       4.59      13.50      18.62      24.89      26.43 |    100.00 

##### muestra unbal | D1R | definicion de t0: (a) #####

  anio = 2019

  Decil de |
    origen |
 (def. a): |                                          Decil dentro del anio: D1R
       D1R |         1          2          3          4          5          6          7          8          9         10 |     Total
-----------+--------------------------------------------------------------------------------------------------------------+----------
         6 |      2.51       3.01       3.70       2.39       4.84      25.95      39.10      12.06       4.70       1.73 |    100.00 
         7 |      1.24       1.65       1.79       1.17       1.75       4.04      35.42      44.73       6.39       1.84 |    100.00 
         8 |      1.19       1.60       1.92       1.05       1.51       2.42       5.71      40.15      38.90       5.55 |    100.00 
         9 |      0.89       1.30       1.51       0.80       1.20       1.43       2.21       4.80      59.29      26.56 |    100.00 
        10 |      0.81       0.86       1.03       0.63       0.65       0.92       1.22       1.96       6.08      85.84 |    100.00 
-----------+--------------------------------------------------------------------------------------------------------------+----------
     Total |      1.33       1.68       1.99       1.21       1.99       6.95      16.73      20.77      23.11      24.23 |    100.00 

  anio = 2020

  Decil de |
    origen |
 (def. a): |                                          Decil dentro del anio: D1R
       D1R |         1          2          3          4          5          6          7          8          9         10 |     Total
-----------+--------------------------------------------------------------------------------------------------------------+----------
         6 |      3.09       3.69       5.64       3.78       7.66      24.92      30.93      13.05       5.12       2.10 |    100.00 
         7 |      1.50       1.73       3.23       1.71       2.67       5.50      39.27      35.92       6.30       2.17 |    100.00 
         8 |      1.51       1.90       2.53       1.68       2.17       3.29       6.62      34.52      39.51       6.27 |    100.00 
         9 |      1.24       1.47       2.01       1.20       1.50       1.93       2.70       6.88      54.55      26.52 |    100.00 
        10 |      1.11       1.08       1.45       0.93       0.91       1.06       1.38       2.59       7.46      82.03 |    100.00 
-----------+--------------------------------------------------------------------------------------------------------------+----------
     Total |      1.69       1.97       2.97       1.85       2.97       7.30      16.26      18.74      22.64      23.60 |    100.00 

##### muestra unbal | D1R | definicion de t0: (b) #####

  anio = 2019

  Decil de |
    origen |
 (def. b): |                                          Decil dentro del anio: D1R
       D1R |         1          2          3          4          5          6          7          8          9         10 |     Total
-----------+--------------------------------------------------------------------------------------------------------------+----------
         6 |      1.85       2.15       2.66       1.86       3.12      10.52      39.23      27.82       8.43       2.36 |    100.00 
         7 |      1.20       1.66       1.77       1.11       1.83       3.18      21.06      50.13      14.28       3.79 |    100.00 
         8 |      1.02       1.40       1.68       0.95       1.26       1.86       3.58      21.18      57.94       9.13 |    100.00 
         9 |      0.88       1.24       1.50       0.82       1.04       1.37       1.99       3.94      46.73      40.49 |    100.00 
        10 |      0.83       0.86       1.04       0.68       0.66       0.86       1.23       1.92       4.93      87.00 |    100.00 
-----------+--------------------------------------------------------------------------------------------------------------+----------
     Total |      1.16       1.46       1.73       1.08       1.58       3.56      13.43      21.03      26.51      28.45 |    100.00 

  anio = 2020

  Decil de |
    origen |
 (def. b): |                                          Decil dentro del anio: D1R
       D1R |         1          2          3          4          5          6          7          8          9         10 |     Total
-----------+--------------------------------------------------------------------------------------------------------------+----------
         6 |      2.27       2.56       4.22       2.77       4.88      12.50      34.66      24.51       8.89       2.72 |    100.00 
         7 |      1.44       1.86       2.89       1.72       2.48       4.47      25.47      42.06      13.46       4.14 |    100.00 
         8 |      1.30       1.59       2.11       1.46       1.78       2.46       4.25      21.00      54.37       9.67 |    100.00 
         9 |      1.18       1.40       1.93       1.19       1.38       1.72       2.41       5.67      43.91      39.22 |    100.00 
        10 |      1.10       1.08       1.43       0.93       0.91       1.03       1.25       2.40       5.81      84.07 |    100.00 
-----------+--------------------------------------------------------------------------------------------------------------+----------
     Total |      1.46       1.70       2.52       1.62       2.29       4.45      13.69      19.27      25.35      27.64 |    100.00 

##### muestra unbal | capital | definicion de t0: (a) #####

  anio = 2019

  Decil de |
    origen |
 (def. a): |                                        Decil dentro del anio: capital
   capital |         1          2          3          4          5          6          7          8          9         10 |     Total
-----------+--------------------------------------------------------------------------------------------------------------+----------
         6 |      0.77       1.03       2.03       3.07       6.34      16.21      40.37      19.77       6.41       4.01 |    100.00 
         7 |      0.80       1.01       1.39       2.15       3.38       7.64      23.02      42.56      13.14       4.92 |    100.00 
         8 |      0.61       1.05       1.43       1.51       2.17       4.00       7.81      31.78      40.50       9.14 |    100.00 
         9 |      0.51       0.87       1.29       1.33       1.49       2.85       3.97       9.07      47.59      31.02 |    100.00 
        10 |      0.75       0.81       1.28       1.39       1.81       2.24       3.48       5.29      11.66      71.30 |    100.00 
-----------+--------------------------------------------------------------------------------------------------------------+----------
     Total |      0.69       0.95       1.48       1.87       2.98       6.42      15.25      21.39      24.13      24.85 |    100.00 

  anio = 2020

  Decil de |
    origen |
 (def. a): |                                        Decil dentro del anio: capital
   capital |         1          2          3          4          5          6          7          8          9         10 |     Total
-----------+--------------------------------------------------------------------------------------------------------------+----------
         6 |      1.39       1.51       1.74       2.32       4.91       9.54      22.41      35.03      14.84       6.30 |    100.00 
         7 |      1.01       1.10       1.24       2.03       3.37       7.05      13.29      34.62      28.12       8.17 |    100.00 
         8 |      0.91       1.07       1.19       1.63       2.11       3.68       7.79      18.17      46.61      16.84 |    100.00 
         9 |      0.63       0.34       1.14       1.32       2.15       2.71       4.94       9.60      33.99      43.18 |    100.00 
        10 |      1.67       0.63       0.94       2.01       2.30       2.97       5.16       7.59      15.60      61.15 |    100.00 
-----------+--------------------------------------------------------------------------------------------------------------+----------
     Total |      1.12       0.91       1.24       1.85       2.91       5.04      10.34      20.33      28.07      28.21 |    100.00 

##### muestra unbal | capital | definicion de t0: (b) #####

  anio = 2019

  Decil de |
    origen |
 (def. b): |                                        Decil dentro del anio: capital
   capital |         1          2          3          4          5          6          7          8          9         10 |     Total
-----------+--------------------------------------------------------------------------------------------------------------+----------
         6 |      0.67       1.06       1.36       1.66       2.48       4.72       9.50      30.80      39.52       8.23 |    100.00 
         7 |      0.49       0.67       1.16       1.41       2.14       3.24       5.90      14.34      56.07      14.58 |    100.00 
         8 |      0.71       0.71       0.92       1.24       1.48       2.66       4.34       8.77      40.42      38.77 |    100.00 
         9 |      0.44       0.94       1.00       1.03       1.35       2.12       3.35       6.53      17.63      65.60 |    100.00 
        10 |      0.49       0.43       0.61       0.90       1.13       1.45       2.49       4.37       9.30      78.83 |    100.00 
-----------+--------------------------------------------------------------------------------------------------------------+----------
     Total |      0.56       0.76       1.01       1.24       1.71       2.82       5.08      12.83      32.29      41.71 |    100.00 

  anio = 2020

  Decil de |
    origen |
 (def. b): |                                        Decil dentro del anio: capital
   capital |         1          2          3          4          5          6          7          8          9         10 |     Total
-----------+--------------------------------------------------------------------------------------------------------------+----------
         6 |      0.92       1.06       0.99       2.11       1.80       3.56       8.88      19.87      44.50      16.31 |    100.00 
         7 |      0.48       0.48       1.35       1.49       1.97       3.15       6.15      11.62      44.19      29.11 |    100.00 
         8 |      0.88       0.41       0.71       1.29       1.94       2.28       4.49       8.57      29.73      49.69 |    100.00 
         9 |      0.92       0.26       0.63       1.62       2.08       2.77       4.22       7.92      19.40      60.18 |    100.00 
        10 |      2.03       0.44       0.98       1.38       1.85       2.50       4.28       7.22      13.87      65.44 |    100.00 
-----------+--------------------------------------------------------------------------------------------------------------+----------
     Total |      1.04       0.53       0.93       1.58       1.93       2.85       5.59      11.01      30.33      44.22 |    100.00 

##### muestra unbal | liq_107 | definicion de t0: (a) #####

  anio = 2019

  Decil de |
    origen |
 (def. a): |                                        Decil dentro del anio: liq_107
   liq_107 |         1          2          3          4          5          6          7          8          9         10 |     Total
-----------+--------------------------------------------------------------------------------------------------------------+----------
         6 |      2.51       3.01       3.72       2.38       4.83      25.92      39.14      12.06       4.70       1.73 |    100.00 
         7 |      1.24       1.65       1.79       1.16       1.75       4.04      35.51      44.67       6.38       1.83 |    100.00 
         8 |      1.20       1.60       1.92       1.04       1.50       2.41       5.69      40.23      38.87       5.52 |    100.00 
         9 |      0.89       1.30       1.50       0.79       1.19       1.41       2.19       4.76      59.36      26.60 |    100.00 
        10 |      0.81       0.86       1.02       0.62       0.64       0.91       1.22       1.95       6.05      85.91 |    100.00 
-----------+--------------------------------------------------------------------------------------------------------------+----------
     Total |      1.33       1.68       1.99       1.20       1.98       6.94      16.76      20.77      23.11      24.23 |    100.00 

  anio = 2020

  Decil de |
    origen |
 (def. a): |                                        Decil dentro del anio: liq_107
   liq_107 |         1          2          3          4          5          6          7          8          9         10 |     Total
-----------+--------------------------------------------------------------------------------------------------------------+----------
         6 |      3.11       3.68       5.66       3.74       7.69      25.41      30.43      13.07       5.11       2.10 |    100.00 
         7 |      1.51       1.73       3.25       1.68       2.68       5.47      39.59      35.69       6.26       2.15 |    100.00 
         8 |      1.52       1.89       2.53       1.67       2.17       3.27       6.61      34.66      39.43       6.25 |    100.00 
         9 |      1.24       1.48       1.98       1.18       1.50       1.92       2.68       6.89      54.69      26.45 |    100.00 
        10 |      1.11       1.08       1.44       0.91       0.90       1.06       1.38       2.59       7.44      82.10 |    100.00 
-----------+--------------------------------------------------------------------------------------------------------------+----------
     Total |      1.69       1.97       2.97       1.83       2.98       7.38      16.23      18.73      22.63      23.58 |    100.00 

##### muestra unbal | liq_107 | definicion de t0: (b) #####

  anio = 2019

  Decil de |
    origen |
 (def. b): |                                        Decil dentro del anio: liq_107
   liq_107 |         1          2          3          4          5          6          7          8          9         10 |     Total
-----------+--------------------------------------------------------------------------------------------------------------+----------
         6 |      1.85       2.14       2.66       1.83       3.11      10.57      39.22      27.82       8.44       2.35 |    100.00 
         7 |      1.20       1.65       1.76       1.09       1.82       3.18      21.30      50.07      14.18       3.75 |    100.00 
         8 |      1.03       1.40       1.68       0.93       1.25       1.86       3.56      21.36      57.77       9.16 |    100.00 
         9 |      0.89       1.22       1.48       0.80       1.04       1.34       1.98       3.90      47.04      40.30 |    100.00 
        10 |      0.84       0.86       1.02       0.66       0.65       0.86       1.22       1.89       4.90      87.10 |    100.00 
-----------+--------------------------------------------------------------------------------------------------------------+----------
     Total |      1.16       1.46       1.72       1.06       1.58       3.57      13.48      21.05      26.51      28.41 |    100.00 

  anio = 2020

  Decil de |
    origen |
 (def. b): |                                        Decil dentro del anio: liq_107
   liq_107 |         1          2          3          4          5          6          7          8          9         10 |     Total
-----------+--------------------------------------------------------------------------------------------------------------+----------
         6 |      2.29       2.56       4.24       2.73       4.88      12.55      34.79      24.38       8.86       2.71 |    100.00 
         7 |      1.44       1.85       2.90       1.69       2.47       4.44      25.83      41.93      13.34       4.10 |    100.00 
         8 |      1.31       1.60       2.09       1.45       1.78       2.45       4.27      21.22      54.14       9.68 |    100.00 
         9 |      1.18       1.39       1.90       1.16       1.36       1.71       2.39       5.65      44.31      38.93 |    100.00 
        10 |      1.10       1.07       1.39       0.91       0.90       1.02       1.25       2.41       5.78      84.18 |    100.00 
-----------+--------------------------------------------------------------------------------------------------------------+----------
     Total |      1.47       1.70       2.51       1.59       2.29       4.45      13.79      19.27      25.35      27.58 |    100.00 

##### muestra bal | ingreso | definicion de t0: (a) #####

  anio = 2019

  Decil de |
    origen |
 (def. a): |                                        Decil dentro del anio: ingreso
   ingreso |         1          2          3          4          5          6          7          8          9         10 |     Total
-----------+--------------------------------------------------------------------------------------------------------------+----------
         6 |      1.90       2.67       1.96       2.79       7.48      33.49      32.39      10.69       4.63       2.01 |    100.00 
         7 |      1.07       1.48       1.07       1.36       2.17       6.35      49.67      27.61       6.77       2.45 |    100.00 
         8 |      1.11       1.49       1.09       1.36       1.73       3.40       6.13      45.05      33.10       5.53 |    100.00 
         9 |      1.12       1.31       0.95       1.12       1.36       2.36       2.90      11.81      53.40      23.67 |    100.00 
        10 |      0.86       0.98       0.67       0.66       0.76       1.18       1.34       3.03      10.48      80.02 |    100.00 
-----------+--------------------------------------------------------------------------------------------------------------+----------
     Total |      1.21       1.59       1.15       1.46       2.70       9.36      18.49      19.64      21.68      22.73 |    100.00 

  anio = 2020

  Decil de |
    origen |
 (def. a): |                                        Decil dentro del anio: ingreso
   ingreso |         1          2          3          4          5          6          7          8          9         10 |     Total
-----------+--------------------------------------------------------------------------------------------------------------+----------
         6 |      3.87       4.68       4.72       3.87       8.03      24.36      30.89      11.99       5.15       2.41 |    100.00 
         7 |      2.33       2.88       2.76       1.97       3.26       6.64      40.97      28.66       7.62       2.91 |    100.00 
         8 |      2.47       2.79       2.67       1.96       2.52       4.12       6.38      34.38      36.40       6.31 |    100.00 
         9 |      2.50       2.64       2.56       1.75       2.13       3.24       3.79      11.27      45.03      25.10 |    100.00 
        10 |      2.00       1.79       1.85       1.18       1.33       1.84       1.96       4.32      10.79      72.94 |    100.00 
-----------+--------------------------------------------------------------------------------------------------------------+----------
     Total |      2.63       2.96       2.91       2.15       3.46       8.04      16.80      18.12      21.00      21.93 |    100.00 

##### muestra bal | ingreso | definicion de t0: (b) #####

  anio = 2019

  Decil de |
    origen |
 (def. b): |                                        Decil dentro del anio: ingreso
   ingreso |         1          2          3          4          5          6          7          8          9         10 |     Total
-----------+--------------------------------------------------------------------------------------------------------------+----------
         6 |      1.16       1.69       1.29       1.79       3.45      15.66      54.42      13.76       5.00       1.77 |    100.00 
         7 |      1.38       1.85       1.43       1.82       2.68       6.38      21.06      44.74      14.43       4.22 |    100.00 
         8 |      1.11       1.48       1.08       1.26       1.66       2.98       4.78      31.07      45.73       8.84 |    100.00 
         9 |      1.06       1.25       0.96       1.01       1.24       2.07       2.51       8.27      47.87      33.75 |    100.00 
        10 |      0.82       0.95       0.67       0.67       0.76       1.10       1.25       2.83       8.45      82.50 |    100.00 
-----------+--------------------------------------------------------------------------------------------------------------+----------
     Total |      1.11       1.44       1.09       1.31       1.96       5.64      16.80      20.13      24.30      26.22 |    100.00 

  anio = 2020

  Decil de |
    origen |
 (def. b): |                                        Decil dentro del anio: ingreso
   ingreso |         1          2          3          4          5          6          7          8          9         10 |     Total
-----------+--------------------------------------------------------------------------------------------------------------+----------
         6 |      2.47       3.24       3.14       2.51       4.55      12.23      49.46      14.96       5.30       2.15 |    100.00 
         7 |      2.89       3.30       3.33       2.54       3.51       6.98      15.32      41.32      15.99       4.82 |    100.00 
         8 |      2.40       2.71       2.57       1.91       2.37       3.75       5.39      22.56      46.57       9.78 |    100.00 
         9 |      2.33       2.52       2.44       1.59       1.93       2.84       3.29       8.97      40.36      33.73 |    100.00 
        10 |      1.89       1.71       1.80       1.14       1.30       1.73       1.81       4.02       9.15      75.43 |    100.00 
-----------+--------------------------------------------------------------------------------------------------------------+----------
     Total |      2.40       2.70       2.66       1.94       2.73       5.51      15.05      18.37      23.47      25.18 |    100.00 

##### muestra bal | D1R | definicion de t0: (a) #####

  anio = 2019

  Decil de |
    origen |
 (def. a): |                                          Decil dentro del anio: D1R
       D1R |         1          2          3          4          5          6          7          8          9         10 |     Total
-----------+--------------------------------------------------------------------------------------------------------------+----------
         6 |      1.77       2.48       1.78       2.44       6.89      38.51      27.61      12.40       4.55       1.56 |    100.00 
         7 |      0.86       1.10       0.79       0.90       1.58       4.69      56.27      25.82       6.21       1.77 |    100.00 
         8 |      0.80       1.10       0.70       0.83       1.14       2.17       4.42      54.65      29.56       4.63 |    100.00 
         9 |      0.73       0.93       0.62       0.68       0.87       1.30       1.64       5.65      65.39      22.19 |    100.00 
        10 |      0.65       0.69       0.45       0.41       0.46       0.67       0.74       1.85       5.76      88.32 |    100.00 
-----------+--------------------------------------------------------------------------------------------------------------+----------
     Total |      0.96       1.26       0.87       1.06       2.19       9.49      18.19      20.11      22.29      23.58 |    100.00 

  anio = 2020

  Decil de |
    origen |
 (def. a): |                                          Decil dentro del anio: D1R
       D1R |         1          2          3          4          5          6          7          8          9         10 |     Total
-----------+--------------------------------------------------------------------------------------------------------------+----------
         6 |      3.83       4.92       4.11       3.76       8.62      29.25      25.32      13.30       4.95       1.95 |    100.00 
         7 |      1.85       2.69       2.05       1.51       3.05       5.79      49.81      24.64       6.47       2.13 |    100.00 
         8 |      1.84       2.23       1.86       1.38       1.88       3.25       5.10      41.98      34.91       5.56 |    100.00 
         9 |      1.77       1.92       1.65       1.10       1.43       2.12       2.50       8.22      55.44      23.85 |    100.00 
        10 |      1.40       1.44       1.18       0.73       0.81       1.13       1.15       2.97       7.40      81.78 |    100.00 
-----------+--------------------------------------------------------------------------------------------------------------+----------
     Total |      2.14       2.65       2.17       1.70       3.17       8.35      16.89      18.30      21.84      22.77 |    100.00 

##### muestra bal | D1R | definicion de t0: (b) #####

  anio = 2019

  Decil de |
    origen |
 (def. b): |                                          Decil dentro del anio: D1R
       D1R |         1          2          3          4          5          6          7          8          9         10 |     Total
-----------+--------------------------------------------------------------------------------------------------------------+----------
         6 |      1.26       1.79       1.35       1.79       3.67      20.26      40.67      20.52       6.74       1.97 |    100.00 
         7 |      0.85       1.10       0.79       0.94       1.60       3.89      35.03      41.08      11.63       3.10 |    100.00 
         8 |      0.74       1.02       0.72       0.76       1.02       1.79       3.06      35.21      48.37       7.33 |    100.00 
         9 |      0.72       0.87       0.65       0.65       0.79       1.20       1.48       4.69      53.69      35.26 |    100.00 
        10 |      0.69       0.74       0.51       0.47       0.47       0.67       0.77       1.83       5.41      88.44 |    100.00 
-----------+--------------------------------------------------------------------------------------------------------------+----------
     Total |      0.85       1.11       0.80       0.92       1.51       5.58      16.25      20.72      25.18      27.08 |    100.00 

  anio = 2020

  Decil de |
    origen |
 (def. b): |                                          Decil dentro del anio: D1R
       D1R |         1          2          3          4          5          6          7          8          9         10 |     Total
-----------+--------------------------------------------------------------------------------------------------------------+----------
         6 |      2.84       3.58       3.19       2.80       5.54      15.96      36.31      20.45       6.95       2.38 |    100.00 
         7 |      1.88       2.55       2.11       1.56       2.68       5.10      31.63      36.54      12.40       3.53 |    100.00 
         8 |      1.74       2.05       1.71       1.28       1.73       2.78       3.97      25.84      50.87       8.03 |    100.00 
         9 |      1.67       1.89       1.64       1.06       1.36       1.92       2.29       7.12      45.67      35.38 |    100.00 
        10 |      1.43       1.40       1.20       0.74       0.80       1.13       1.11       2.79       6.58      82.81 |    100.00 
-----------+--------------------------------------------------------------------------------------------------------------+----------
     Total |      1.91       2.30       1.98       1.50       2.43       5.41      15.17      18.65      24.53      26.11 |    100.00 

##### muestra bal | capital | definicion de t0: (a) #####

  anio = 2019

  Decil de |
    origen |
 (def. a): |                                        Decil dentro del anio: capital
   capital |         1          2          3          4          5          6          7          8          9         10 |     Total
-----------+--------------------------------------------------------------------------------------------------------------+----------
         6 |      0.76       1.01       2.08       3.05       6.38      16.37      40.27      19.55       6.47       4.06 |    100.00 
         7 |      0.79       1.01       1.43       2.05       3.16       7.55      23.27      42.57      13.06       5.11 |    100.00 
         8 |      0.58       1.01       1.27       1.45       2.18       3.70       7.51      32.08      41.10       9.12 |    100.00 
         9 |      0.52       0.76       1.27       1.13       1.45       2.70       3.83       8.45      48.61      31.29 |    100.00 
        10 |      0.70       0.81       1.28       1.36       1.73       2.11       3.36       5.31      11.78      71.57 |    100.00 
-----------+--------------------------------------------------------------------------------------------------------------+----------
     Total |      0.67       0.92       1.46       1.78       2.92       6.31      15.16      21.34      24.57      24.88 |    100.00 

  anio = 2020

  Decil de |
    origen |
 (def. a): |                                        Decil dentro del anio: capital
   capital |         1          2          3          4          5          6          7          8          9         10 |     Total
-----------+--------------------------------------------------------------------------------------------------------------+----------
         6 |      1.44       1.51       1.66       2.10       4.82       9.01      22.20      35.34      15.42       6.50 |    100.00 
         7 |      1.02       1.09       1.24       1.89       3.29       6.78      12.57      33.22      30.40       8.51 |    100.00 
         8 |      0.93       0.96       1.17       1.70       1.98       3.40       7.38      17.12      47.51      17.86 |    100.00 
         9 |      0.68       0.35       1.06       1.37       2.02       2.65       4.62       9.13      31.58      46.53 |    100.00 
        10 |      1.73       0.62       0.88       1.94       2.38       2.85       5.12       7.47      15.19      61.83 |    100.00 
-----------+--------------------------------------------------------------------------------------------------------------+----------
     Total |      1.15       0.89       1.19       1.78       2.84       4.82      10.07      19.97      28.41      28.88 |    100.00 

##### muestra bal | capital | definicion de t0: (b) #####

  anio = 2019

  Decil de |
    origen |
 (def. b): |                                        Decil dentro del anio: capital
   capital |         1          2          3          4          5          6          7          8          9         10 |     Total
-----------+--------------------------------------------------------------------------------------------------------------+----------
         6 |      0.60       1.04       1.14       1.84       2.41       4.42       8.97      31.28      40.58       7.73 |    100.00 
         7 |      0.54       0.67       1.11       1.34       2.14       3.05       5.80      14.57      55.98      14.81 |    100.00 
         8 |      0.62       0.69       1.02       1.08       1.38       2.33       3.81       8.22      41.37      39.47 |    100.00 
         9 |      0.36       0.89       0.83       0.96       1.39       2.15       3.50       6.12      18.64      65.16 |    100.00 
        10 |      0.56       0.43       0.66       0.86       1.12       1.35       2.53       4.74       9.15      78.60 |    100.00 
-----------+--------------------------------------------------------------------------------------------------------------+----------
     Total |      0.54       0.74       0.95       1.21       1.68       2.65       4.91      12.92      33.06      41.33 |    100.00 

  anio = 2020

  Decil de |
    origen |
 (def. b): |                                        Decil dentro del anio: capital
   capital |         1          2          3          4          5          6          7          8          9         10 |     Total
-----------+--------------------------------------------------------------------------------------------------------------+----------
         6 |      0.94       1.01       0.94       1.89       1.78       3.15       7.93      18.87      46.28      17.20 |    100.00 
         7 |      0.56       0.45       1.29       1.50       1.95       2.86       5.51      11.25      42.40      32.23 |    100.00 
         8 |      0.86       0.34       0.62       1.27       1.74       2.29       4.48       8.14      27.40      52.86 |    100.00 
         9 |      1.01       0.28       0.66       1.63       2.05       2.43       3.86       7.51      19.10      61.46 |    100.00 
        10 |      2.11       0.43       0.90       1.33       2.04       2.27       4.54       7.12      13.50      65.75 |    100.00 
-----------+--------------------------------------------------------------------------------------------------------------+----------
     Total |      1.07       0.50       0.88       1.53       1.91       2.61       5.28      10.64      30.08      45.51 |    100.00 

##### muestra bal | liq_107 | definicion de t0: (a) #####

  anio = 2019

  Decil de |
    origen |
 (def. a): |                                        Decil dentro del anio: liq_107
   liq_107 |         1          2          3          4          5          6          7          8          9         10 |     Total
-----------+--------------------------------------------------------------------------------------------------------------+----------
         6 |      1.76       2.50       1.76       2.44       6.88      38.55      27.59      12.41       4.55       1.56 |    100.00 
         7 |      0.86       1.11       0.77       0.90       1.57       4.69      56.40      25.78       6.18       1.75 |    100.00 
         8 |      0.81       1.10       0.68       0.83       1.13       2.17       4.39      54.79      29.49       4.61 |    100.00 
         9 |      0.73       0.92       0.60       0.68       0.86       1.30       1.63       5.61      65.49      22.20 |    100.00 
        10 |      0.66       0.69       0.44       0.41       0.46       0.68       0.74       1.83       5.70      88.40 |    100.00 
-----------+--------------------------------------------------------------------------------------------------------------+----------
     Total |      0.96       1.26       0.85       1.05       2.18       9.50      18.21      20.13      22.28      23.57 |    100.00 

  anio = 2020

  Decil de |
    origen |
 (def. a): |                                        Decil dentro del anio: liq_107
   liq_107 |         1          2          3          4          5          6          7          8          9         10 |     Total
-----------+--------------------------------------------------------------------------------------------------------------+----------
         6 |      3.83       4.91       4.11       3.77       8.63      29.26      25.28      13.31       4.95       1.95 |    100.00 
         7 |      1.85       2.69       2.04       1.51       3.05       5.80      49.98      24.54       6.44       2.11 |    100.00 
         8 |      1.84       2.22       1.85       1.37       1.88       3.26       5.07      42.09      34.88       5.54 |    100.00 
         9 |      1.77       1.92       1.62       1.10       1.43       2.12       2.49       8.20      55.56      23.80 |    100.00 
        10 |      1.40       1.44       1.15       0.72       0.81       1.13       1.15       2.97       7.37      81.86 |    100.00 
-----------+--------------------------------------------------------------------------------------------------------------+----------
     Total |      2.14       2.64       2.16       1.70       3.18       8.36      16.92      18.31      21.84      22.75 |    100.00 

##### muestra bal | liq_107 | definicion de t0: (b) #####

  anio = 2019

  Decil de |
    origen |
 (def. b): |                                        Decil dentro del anio: liq_107
   liq_107 |         1          2          3          4          5          6          7          8          9         10 |     Total
-----------+--------------------------------------------------------------------------------------------------------------+----------
         6 |      1.25       1.79       1.30       1.78       3.66      20.39      40.65      20.51       6.72       1.95 |    100.00 
         7 |      0.86       1.10       0.78       0.94       1.59       3.93      35.30      40.72      11.68       3.11 |    100.00 
         8 |      0.74       1.01       0.70       0.75       1.00       1.77       3.03      35.72      47.98       7.31 |    100.00 
         9 |      0.72       0.85       0.63       0.63       0.77       1.19       1.47       4.67      54.02      35.05 |    100.00 
        10 |      0.70       0.73       0.49       0.47       0.47       0.67       0.76       1.81       5.38      88.54 |    100.00 
-----------+--------------------------------------------------------------------------------------------------------------+----------
     Total |      0.85       1.10       0.78       0.91       1.50       5.61      16.30      20.74      25.17      27.04 |    100.00 

  anio = 2020

  Decil de |
    origen |
 (def. b): |                                        Decil dentro del anio: liq_107
   liq_107 |         1          2          3          4          5          6          7          8          9         10 |     Total
-----------+--------------------------------------------------------------------------------------------------------------+----------
         6 |      2.84       3.58       3.18       2.80       5.56      16.02      36.31      20.41       6.93       2.36 |    100.00 
         7 |      1.89       2.56       2.11       1.56       2.70       5.16      31.89      36.67      11.91       3.56 |    100.00 
         8 |      1.73       2.03       1.68       1.27       1.71       2.76       3.94      25.84      51.03       8.00 |    100.00 
         9 |      1.67       1.88       1.61       1.05       1.34       1.93       2.28       7.08      46.03      35.14 |    100.00 
        10 |      1.43       1.40       1.15       0.73       0.79       1.13       1.10       2.79       6.58      82.90 |    100.00 
-----------+--------------------------------------------------------------------------------------------------------------+----------
     Total |      1.92       2.29       1.95       1.49       2.43       5.44      15.22      18.67      24.53      26.07 |    100.00 
.     capture log close movlog
