
  ___  ____  ____  ____  ____ (R)
 /__    /   ____/   /   ____/
___/   /   /___/   /   /___/   16.0   Copyright 1985-2019 StataCorp LLC
  Statistics/Data Analysis            StataCorp
                                      4905 Lakeway Drive
     Special Edition                  College Station, Texas 77845 USA
                                      800-STATA-PC        http://www.stata.com
                                      979-696-4600        stata@stata.com
                                      979-696-4601 (fax)

Single-user Stata perpetual license:
       Serial number:  12345678910
         Licensed to:  Santiago Valdivieso
                       None

Notes:
      1.  Stata is running in batch mode.
      2.  Unicode is supported; see help unicode_advice.
      3.  Maximum number of variables is set to 5000; see help set_maxvar.

. do /Users/vero/Documents/Observatorio GH/Observatorio-Desigualdad-Pobreza/Bol
> etín 3/crear_pobreza_ingresos_pc.do 
file /Users/vero/Documents/Observatorio.do not found
r(601);
