---------------------------------------------------------------------------------------
      name:  <unnamed>
       log:  /Users/vero/Documents/Observatorio GH/Observatorio-Desigualdad-Pobreza/SRI
> /proyectos/impacto shocks/resultados/attrition_methods.log
  log type:  text
 opened on:  23 Jul 2026, 13:35:20

. 
. 
. * ============================================================================
. * [S0] REFERENCIA: SOLO STAYERS (sin imputacion)
. * ============================================================================
. di as result _n "===== [S0] Solo stayers ====="

===== [S0] Solo stayers =====

. forval j = 1/2 {
  2.     reg g_real_`j' ib2020.anio##ib2.decil_t0_`j', vce(cluster id_bal)
  3.     estimates store s0_`j'
  4. }

Linear regression                               Number of obs     =      8,063
                                                F(49, 2705)       =      29.91
                                                Prob > F          =     0.0000
                                                R-squared         =     0.1796
                                                Root MSE          =     .34249

                                (Std. err. adjusted for 2,706 clusters in id_bal)
---------------------------------------------------------------------------------
                |               Robust
       g_real_1 | Coefficient  std. err.      t    P>|t|     [95% conf. interval]
----------------+----------------------------------------------------------------
           anio |
          2018  |   .2857866   .0414967     6.89   0.000     .2044181    .3671552
          2019  |   .2821872   .0404639     6.97   0.000      .202844    .3615305
          2021  |   .6429792   .0593758    10.83   0.000     .5265526    .7594058
          2022  |   .2499069   .0421561     5.93   0.000     .1672454    .3325684
                |
     decil_t0_1 |
             1  |   .0112903   .0433901     0.26   0.795    -.0737907    .0963713
             3  |   .0052363   .0415966     0.13   0.900     -.076328    .0868006
             4  |   .0058533   .0385964     0.15   0.879    -.0698281    .0815346
             5  |   .0296362   .0389156     0.76   0.446    -.0466712    .1059436
             6  |  -.0122084   .0384673    -0.32   0.751    -.0876367    .0632198
             7  |  -.0127608   .0348963    -0.37   0.715    -.0811869    .0556653
             8  |  -.0131749   .0362046    -0.36   0.716    -.0841663    .0578166
             9  |  -.0083019    .035442    -0.23   0.815    -.0777981    .0611942
            10  |  -.0321701   .0347283    -0.93   0.354    -.1002669    .0359266
                |
anio#decil_t0_1 |
       2018  1  |   .0496465   .0618698     0.80   0.422    -.0716703    .1709633
       2018  3  |  -.0435813   .0577284    -0.75   0.450    -.1567775     .069615
       2018  4  |  -.0481881   .0557376    -0.86   0.387    -.1574808    .0611046
       2018  5  |   -.092658    .052465    -1.77   0.077    -.1955336    .0102175
       2018  6  |  -.0978104   .0543496    -1.80   0.072    -.2043813    .0087605
       2018  7  |  -.0806534   .0527178    -1.53   0.126    -.1840246    .0227178
       2018  8  |  -.1048068   .0516333    -2.03   0.042    -.2060515   -.0035621
       2018  9  |  -.1668387   .0517082    -3.23   0.001    -.2682304    -.065447
       2018 10  |  -.1628949   .0498678    -3.27   0.001    -.2606778    -.065112
       2019  1  |   .0446027   .0603892     0.74   0.460    -.0738109    .1630163
       2019  3  |  -.0250657   .0568946    -0.44   0.660    -.1366269    .0864956
       2019  4  |  -.0196493   .0527346    -0.37   0.709    -.1230534    .0837548
       2019  5  |  -.1761688    .052831    -3.33   0.001     -.279762   -.0725757
       2019  6  |  -.1083486   .0528328    -2.05   0.040    -.2119454   -.0047518
       2019  7  |  -.1286616   .0500391    -2.57   0.010    -.2267804   -.0305429
       2019  8  |  -.1541039   .0507254    -3.04   0.002    -.2535685   -.0546394
       2019  9  |  -.1245775   .0506077    -2.46   0.014     -.223811   -.0253439
       2019 10  |   -.140155   .0509993    -2.75   0.006    -.2401565   -.0401536
       2021  1  |   .1235746   .0904603     1.37   0.172    -.0538036    .3009529
       2021  3  |   .0235216   .0795551     0.30   0.768    -.1324734    .1795166
       2021  4  |  -.0945002   .0766106    -1.23   0.217    -.2447214     .055721
       2021  5  |   -.147847   .0736409    -2.01   0.045    -.2922451   -.0034489
       2021  6  |  -.2490906   .0717263    -3.47   0.001    -.3897344   -.1084468
       2021  7  |  -.2214854   .0705485    -3.14   0.002    -.3598199   -.0831509
       2021  8  |  -.3164927   .0693292    -4.57   0.000    -.4524363    -.180549
       2021  9  |  -.3530095   .0709145    -4.98   0.000    -.4920617   -.2139573
       2021 10  |  -.3848062   .0689242    -5.58   0.000    -.5199555   -.2496568
       2022  1  |   .0549399   .0681359     0.81   0.420    -.0786638    .1885436
       2022  3  |  -.0396392   .0622932    -0.64   0.525    -.1617863    .0825079
       2022  4  |  -.0076713    .059834    -0.13   0.898    -.1249964    .1096537
       2022  5  |  -.0363696   .0546156    -0.67   0.506     -.143462    .0707229
       2022  6  |  -.0597545   .0568528    -1.05   0.293    -.1712338    .0517248
       2022  7  |  -.1096009   .0520611    -2.11   0.035    -.2116845   -.0075172
       2022  8  |  -.0945085   .0538518    -1.75   0.079    -.2001034    .0110864
       2022  9  |  -.1441459   .0516312    -2.79   0.005    -.2453865   -.0429052
       2022 10  |  -.1672481   .0503049    -3.32   0.001    -.2658879   -.0686082
                |
          _cons |  -.1449278   .0284846    -5.09   0.000    -.2007815   -.0890741
---------------------------------------------------------------------------------

Linear regression                               Number of obs     =     10,551
                                                F(49, 2929)       =      23.42
                                                Prob > F          =     0.0000
                                                R-squared         =     0.0886
                                                Root MSE          =     .40033

                                (Std. err. adjusted for 2,930 clusters in id_bal)
---------------------------------------------------------------------------------
                |               Robust
       g_real_2 | Coefficient  std. err.      t    P>|t|     [95% conf. interval]
----------------+----------------------------------------------------------------
           anio |
          2018  |   .2547457   .0438074     5.82   0.000     .1688492    .3406422
          2019  |   .3242091   .0391622     8.28   0.000     .2474208    .4009974
          2021  |   .4064112   .0500789     8.12   0.000     .3082177    .5046047
          2022  |   .3358027   .0434416     7.73   0.000     .2506235     .420982
                |
     decil_t0_2 |
             1  |   .0460142   .0429585     1.07   0.284    -.0382176    .1302461
             3  |   -.000573   .0396245    -0.01   0.988    -.0782677    .0771216
             4  |   .0060051   .0406541     0.15   0.883    -.0737083    .0857185
             5  |  -.0104752   .0379447    -0.28   0.783    -.0848762    .0639257
             6  |   .0086202   .0381474     0.23   0.821    -.0661782    .0834187
             7  |  -.0033464   .0382781    -0.09   0.930    -.0784011    .0717083
             8  |  -.0252094   .0367011    -0.69   0.492    -.0971719    .0467531
             9  |   .0049615   .0362439     0.14   0.891    -.0661046    .0760276
            10  |   .0020523   .0373942     0.05   0.956    -.0712693     .075374
                |
anio#decil_t0_2 |
       2018  1  |   .0820043   .0617978     1.33   0.185    -.0391674    .2031759
       2018  3  |  -.0039922   .0565064    -0.07   0.944    -.1147885     .106804
       2018  4  |   -.059795   .0582092    -1.03   0.304      -.17393    .0543401
       2018  5  |  -.0219197    .055163    -0.40   0.691     -.130082    .0862425
       2018  6  |  -.1144839   .0545184    -2.10   0.036    -.2213821   -.0075858
       2018  7  |  -.0626977   .0544477    -1.15   0.250    -.1694573    .0440619
       2018  8  |  -.0721354   .0535303    -1.35   0.178    -.1770963    .0328255
       2018  9  |  -.0863074   .0542051    -1.59   0.111    -.1925915    .0199766
       2018 10  |  -.1580841   .0544185    -2.90   0.004    -.2647864   -.0513818
       2019  1  |   .0070025   .0617399     0.11   0.910    -.1140554    .1280604
       2019  3  |  -.0715462   .0537119    -1.33   0.183    -.1768632    .0337707
       2019  4  |  -.0911055   .0549341    -1.66   0.097    -.1988188    .0166079
       2019  5  |  -.1525817   .0499508    -3.05   0.002    -.2505239   -.0546396
       2019  6  |  -.1733628   .0513575    -3.38   0.001    -.2740634   -.0726623
       2019  7  |  -.1819006   .0508118    -3.58   0.000    -.2815311   -.0822702
       2019  8  |  -.1265674   .0487788    -2.59   0.010    -.2222116   -.0309233
       2019  9  |  -.1986211   .0495841    -4.01   0.000    -.2958443   -.1013979
       2019 10  |  -.2144437   .0480701    -4.46   0.000    -.3086984   -.1201891
       2021  1  |    .040568   .0768299     0.53   0.598    -.1100781     .191214
       2021  3  |  -.0604687   .0702421    -0.86   0.389    -.1981975    .0772602
       2021  4  |  -.0472944   .0675278    -0.70   0.484    -.1797012    .0851123
       2021  5  |  -.0910311   .0628459    -1.45   0.148    -.2142578    .0321955
       2021  6  |  -.1652147   .0607345    -2.72   0.007    -.2843013   -.0461281
       2021  7  |  -.1556435   .0615324    -2.53   0.011    -.2762947   -.0349923
       2021  8  |  -.2044764   .0603115    -3.39   0.001    -.3227337   -.0862192
       2021  9  |  -.2788396   .0576491    -4.84   0.000    -.3918765   -.1658027
       2021 10  |  -.2498213   .0578214    -4.32   0.000    -.3631961   -.1364465
       2022  1  |   .1114334   .0658169     1.69   0.091    -.0176186    .2404855
       2022  3  |   .0215256   .0639647     0.34   0.737    -.1038948     .146946
       2022  4  |  -.0738683   .0592293    -1.25   0.212    -.1900037     .042267
       2022  5  |  -.0270839   .0563406    -0.48   0.631    -.1375552    .0833873
       2022  6  |  -.1252065   .0567613    -2.21   0.027    -.2365026   -.0139104
       2022  7  |  -.1234395    .056259    -2.19   0.028    -.2337507   -.0131283
       2022  8  |  -.1367579   .0566188    -2.42   0.016    -.2477747   -.0257412
       2022  9  |  -.1713624   .0538284    -3.18   0.001    -.2769076   -.0658171
       2022 10  |  -.2516649   .0532023    -4.73   0.000    -.3559826   -.1473472
                |
          _cons |  -.1468741   .0297937    -4.93   0.000    -.2052928   -.0884554
---------------------------------------------------------------------------------

. 
. * ============================================================================
. * [S1]-[S2] IMPUTACIONES g = 0  Y  g = -1  (cotas "manuales" de analysis_2)
. * ============================================================================
. di as result _n "===== [S1] g(attriter) = 0   /  [S2] g(attriter) = -1 ====="

===== [S1] g(attriter) = 0   /  [S2] g(attriter) = -1 =====

. forval j = 1/2 {
  2.     forval i = 1/2 {
  3.         reg g_real_`j'_imp`i' ib2020.anio##ib2.decil_t0_`j', vce(cluster id_bal)
  4.         estimates store imp`i'_`j'
  5.     }
  6. }

Linear regression                               Number of obs     =      8,425
                                                F(39, 2957)       =      28.56
                                                Prob > F          =     0.0000
                                                R-squared         =     0.1309
                                                Root MSE          =      .3064

                                (Std. err. adjusted for 2,958 clusters in id_bal)
---------------------------------------------------------------------------------
                |               Robust
  g_real_1_imp1 | Coefficient  std. err.      t    P>|t|     [95% conf. interval]
----------------+----------------------------------------------------------------
           anio |
          2019  |   .1649325   .0255817     6.45   0.000     .1147727    .2150924
          2021  |    .297783   .0328617     9.06   0.000      .233349    .3622171
          2022  |   .1377093   .0259914     5.30   0.000     .0867463    .1886723
                |
     decil_t0_1 |
             1  |   .0201703   .0174697     1.15   0.248    -.0140837    .0544243
             3  |  -.0048761   .0203526    -0.24   0.811    -.0447829    .0350306
             4  |  -.0121543   .0198905    -0.61   0.541    -.0511549    .0268463
             5  |   .0033491   .0194906     0.17   0.864    -.0348674    .0415655
             6  |  -.0344822    .021438    -1.61   0.108    -.0765172    .0075527
             7  |  -.0496275   .0201905    -2.46   0.014    -.0892164   -.0100386
             8  |  -.0519075   .0215576    -2.41   0.016    -.0941769    -.009638
             9  |  -.0599408   .0219057    -2.74   0.006    -.1028929   -.0169888
            10  |  -.0911523    .022199    -4.11   0.000    -.1346794   -.0476252
                |
anio#decil_t0_1 |
       2019  1  |   .0011481   .0345421     0.03   0.973     -.066581    .0688772
       2019  3  |  -.0091722   .0356326    -0.26   0.797    -.0790395     .060695
       2019  4  |   .0136758   .0350333     0.39   0.696    -.0550163     .082368
       2019  5  |  -.1123099   .0339948    -3.30   0.001    -.1789657    -.045654
       2019  6  |    -.05253   .0361514    -1.45   0.146    -.1234144    .0183544
       2019  7  |  -.0554013   .0348303    -1.59   0.112    -.1236954    .0128928
       2019  8  |  -.0765698   .0360269    -2.13   0.034    -.1472101   -.0059295
       2019  9  |  -.0375974   .0367649    -1.02   0.307    -.1096848      .03449
       2019 10  |  -.0433867   .0384098    -1.13   0.259    -.1186993    .0319259
       2021  1  |   -.004572   .0465132    -0.10   0.922    -.0957735    .0866294
       2021  3  |   .1035394   .0496963     2.08   0.037     .0060966    .2009822
       2021  4  |   .0322093    .046402     0.69   0.488    -.0587743    .1231929
       2021  5  |   .0309415   .0458167     0.68   0.500    -.0588944    .1207774
       2021  6  |  -.0179998   .0441671    -0.41   0.684    -.1046012    .0686016
       2021  7  |   .0281139   .0456108     0.62   0.538    -.0613183     .117546
       2021  8  |  -.0355165   .0442219    -0.80   0.422    -.1222253    .0511924
       2021  9  |  -.0654407    .045629    -1.43   0.152    -.1549085    .0240272
       2021 10  |  -.0682304     .04592    -1.49   0.137    -.1582689    .0218081
       2022  1  |   .0207849   .0410797     0.51   0.613    -.0597629    .1013327
       2022  3  |  -.0150645   .0403128    -0.37   0.709    -.0941085    .0639795
       2022  4  |   .0108966   .0383589     0.28   0.776    -.0643162    .0861094
       2022  5  |   .0009441   .0349713     0.03   0.978    -.0676264    .0695146
       2022  6  |  -.0129955   .0384246    -0.34   0.735    -.0883373    .0623462
       2022  7  |  -.0400372   .0362578    -1.10   0.270    -.1111303    .0310558
       2022  8  |  -.0247344   .0380715    -0.65   0.516    -.0993837     .049915
       2022  9  |  -.0563702   .0364252    -1.55   0.122    -.1277916    .0150511
       2022 10  |  -.0704962   .0361335    -1.95   0.051    -.1413456    .0003532
                |
          _cons |  -.0634059   .0132934    -4.77   0.000    -.0894712   -.0373406
---------------------------------------------------------------------------------

Linear regression                               Number of obs     =      8,425
                                                F(39, 2957)       =      33.13
                                                Prob > F          =     0.0000
                                                R-squared         =     0.1077
                                                Root MSE          =     .53929

                                (Std. err. adjusted for 2,958 clusters in id_bal)
---------------------------------------------------------------------------------
                |               Robust
  g_real_1_imp2 | Coefficient  std. err.      t    P>|t|     [95% conf. interval]
----------------+----------------------------------------------------------------
           anio |
          2019  |   .4671019   .0483937     9.65   0.000     .3722132    .5619907
          2021  |   .3308713   .0652464     5.07   0.000     .2029383    .4588042
          2022  |   .4080015   .0547136     7.46   0.000     .3007208    .5152821
                |
     decil_t0_1 |
             1  |  -.0938003   .0414024    -2.27   0.024    -.1749807   -.0126199
             3  |   .0464298   .0426764     1.09   0.277    -.0372486    .1301082
             4  |   .0936528   .0428499     2.19   0.029     .0096342    .1776715
             5  |   .0867616   .0429586     2.02   0.044     .0025298    .1709934
             6  |   .1509686   .0430674     3.51   0.000     .0665235    .2354136
             7  |   .2296866   .0419221     5.48   0.000     .1474873     .311886
             8  |   .2399503   .0426473     5.63   0.000     .1563289    .3235717
             9  |   .3075384    .040813     7.54   0.000     .2275137    .3875631
            10  |    .344075   .0393991     8.73   0.000     .2668225    .4213274
                |
anio#decil_t0_1 |
       2019  1  |   .0114493   .0700646     0.16   0.870    -.1259311    .1488296
       2019  3  |  -.0552084   .0678584    -0.81   0.416    -.1882628     .077846
       2019  4  |    .002845     .06656     0.04   0.966    -.1276636    .1333536
       2019  5  |  -.1337041   .0652446    -2.05   0.041    -.2616335   -.0057747
       2019  6  |  -.1086547   .0648154    -1.68   0.094    -.2357425    .0184332
       2019  7  |   -.233115   .0634545    -3.67   0.000    -.3575344   -.1086956
       2019  8  |  -.2103193   .0628462    -3.35   0.001    -.3335461   -.0870924
       2019  9  |   -.234177   .0618039    -3.79   0.000      -.35536   -.1129939
       2019 10  |  -.2768419   .0609346    -4.54   0.000    -.3963204   -.1573634
       2021  1  |   .0337683   .0910221     0.37   0.711    -.1447049    .2122415
       2021  3  |   .2138291   .0945329     2.26   0.024     .0284722     .399186
       2021  4  |   .0772829   .0905566     0.85   0.393    -.1002774    .2548432
       2021  5  |   .1842578   .0908317     2.03   0.043     .0061581    .3623575
       2021  6  |   .0942538   .0856004     1.10   0.271    -.0735885    .2620962
       2021  7  |    .085108   .0864735     0.98   0.325    -.0844463    .2546623
       2021  8  |   .0747648   .0821145     0.91   0.363    -.0862426    .2357722
       2021  9  |  -.1064067   .0850485    -1.25   0.211    -.2731669    .0603535
       2021 10  |  -.0490459   .0782954    -0.63   0.531    -.2025648     .104473
       2022  1  |   .1001659   .0805514     1.24   0.214    -.0577766    .2581084
       2022  3  |  -.0038925   .0767745    -0.05   0.960    -.1544294    .1466445
       2022  4  |  -.0946282   .0783718    -1.21   0.227     -.248297    .0590406
       2022  5  |   .0097393   .0720069     0.14   0.892    -.1314493     .150928
       2022  6  |  -.0937385   .0725131    -1.29   0.196    -.2359198    .0484427
       2022  7  |  -.1434227   .0685591    -2.09   0.037     -.277851   -.0089944
       2022  8  |  -.1596501   .0701473    -2.28   0.023    -.2971926   -.0221075
       2022  9  |  -.2466859   .0674966    -3.65   0.000     -.379031   -.1143408
       2022 10  |   -.288633   .0649277    -4.45   0.000     -.415941    -.161325
                |
          _cons |  -.6259059   .0301418   -20.77   0.000    -.6850069    -.566805
---------------------------------------------------------------------------------

Linear regression                               Number of obs     =      8,425
                                                F(39, 2957)       =      24.29
                                                Prob > F          =     0.0000
                                                R-squared         =     0.0701
                                                Root MSE          =     .32226

                                (Std. err. adjusted for 2,958 clusters in id_bal)
---------------------------------------------------------------------------------
                |               Robust
  g_real_2_imp1 | Coefficient  std. err.      t    P>|t|     [95% conf. interval]
----------------+----------------------------------------------------------------
           anio |
          2019  |   .1868579   .0272321     6.86   0.000     .1334621    .2402537
          2021  |   .1910757   .0293123     6.52   0.000      .133601    .2485503
          2022  |   .1683447   .0323458     5.20   0.000     .1049222    .2317672
                |
     decil_t0_2 |
             1  |   .0141692   .0197905     0.72   0.474    -.0246353    .0529738
             3  |  -.0160346   .0213146    -0.75   0.452    -.0578277    .0257584
             4  |  -.0069988   .0226259    -0.31   0.757    -.0513629    .0373653
             5  |  -.0307175   .0213489    -1.44   0.150    -.0725777    .0111426
             6  |  -.0165114   .0214496    -0.77   0.441    -.0585691    .0255462
             7  |  -.0431279   .0228442    -1.89   0.059    -.0879201    .0016643
             8  |  -.0707115   .0224808    -3.15   0.002    -.1147911   -.0266318
             9  |  -.0446031    .023114    -1.93   0.054    -.0899242    .0007181
            10  |   -.051297   .0250324    -2.05   0.041    -.1003797   -.0022143
                |
anio#decil_t0_2 |
       2019  1  |  -.0378782   .0382806    -0.99   0.323    -.1129376    .0371811
       2019  3  |  -.0303961   .0370996    -0.82   0.413    -.1031397    .0423475
       2019  4  |  -.0423914   .0392024    -1.08   0.280    -.1192582    .0344754
       2019  5  |  -.0817818   .0362487    -2.26   0.024     -.152857   -.0107066
       2019  6  |  -.0868828   .0377134    -2.30   0.021      -.16083   -.0129357
       2019  7  |  -.0860739   .0370815    -2.32   0.020     -.158782   -.0133657
       2019  8  |  -.0284269   .0373833    -0.76   0.447    -.1017269    .0448731
       2019  9  |  -.0918912    .038686    -2.38   0.018    -.1677454   -.0160369
       2019 10  |  -.0863239    .037434    -2.31   0.021    -.1597232   -.0129246
       2021  1  |   .0229895   .0447926     0.51   0.608    -.0648383    .1108173
       2021  3  |   .0442868   .0469482     0.94   0.346    -.0477678    .1363413
       2021  4  |    .065489   .0449045     1.46   0.145    -.0225583    .1535363
       2021  5  |    .061017   .0434437     1.40   0.160    -.0241659    .1461999
       2021  6  |   .0291602     .03968     0.73   0.462     -.048643    .1069634
       2021  7  |   .0382634   .0424811     0.90   0.368    -.0450321    .1215588
       2021  8  |  -.0069371   .0418106    -0.17   0.868    -.0889178    .0750437
       2021  9  |  -.0877546   .0381774    -2.30   0.022    -.1626116   -.0128976
       2021 10  |  -.0469298   .0390841    -1.20   0.230    -.1235647     .029705
       2022  1  |   -.001571   .0471004    -0.03   0.973    -.0939239    .0907818
       2022  3  |   .0102366   .0448046     0.23   0.819    -.0776146    .0980879
       2022  4  |  -.0262953   .0453297    -0.58   0.562    -.1151762    .0625856
       2022  5  |   .0543929   .0439927     1.24   0.216    -.0318666    .1406523
       2022  6  |  -.0039421   .0430597    -0.09   0.927    -.0883721    .0804879
       2022  7  |  -.0092682   .0443955    -0.21   0.835    -.0963174    .0777809
       2022  8  |  -.0298071   .0443444    -0.67   0.502    -.1167561     .057142
       2022  9  |  -.0394199   .0434227    -0.91   0.364    -.1245617    .0457218
       2022 10  |  -.1001037    .042979    -2.33   0.020    -.1843754   -.0158319
                |
          _cons |  -.0618986    .015182    -4.08   0.000    -.0916669   -.0321303
---------------------------------------------------------------------------------

Linear regression                               Number of obs     =      8,425
                                                F(39, 2957)       =      34.75
                                                Prob > F          =     0.0000
                                                R-squared         =     0.1023
                                                Root MSE          =     .53863

                                (Std. err. adjusted for 2,958 clusters in id_bal)
---------------------------------------------------------------------------------
                |               Robust
  g_real_2_imp2 | Coefficient  std. err.      t    P>|t|     [95% conf. interval]
----------------+----------------------------------------------------------------
           anio |
          2019  |   .5161119   .0489341    10.55   0.000     .4201637    .6120602
          2021  |   .2021525   .0640279     3.16   0.002     .0766087    .3276962
          2022  |   .4809034   .0578485     8.31   0.000      .367476    .5943308
                |
     decil_t0_2 |
             1  |  -.0819602   .0433208    -1.89   0.059    -.1669021    .0029817
             3  |   .0394888   .0438249     0.90   0.368    -.0464416    .1254192
             4  |   .0954179   .0450072     2.12   0.034     .0071694    .1836665
             5  |   .0830016   .0436284     1.90   0.057    -.0025435    .1685466
             6  |    .168041   .0443065     3.79   0.000     .0811663    .2549156
             7  |   .1840969   .0441625     4.17   0.000     .0975045    .2706893
             8  |   .2304246   .0420967     5.47   0.000     .1478828    .3129664
             9  |   .3173326   .0420931     7.54   0.000     .2347979    .3998673
            10  |   .3593381   .0422041     8.51   0.000     .2765857    .4420904
                |
anio#decil_t0_2 |
       2019  1  |  -.0494178   .0733111    -0.67   0.500    -.1931637    .0943281
       2019  3  |  -.1166255   .0691394    -1.69   0.092    -.2521917    .0189408
       2019  4  |   -.131797   .0701519    -1.88   0.060    -.2693486    .0057545
       2019  5  |  -.1090811   .0649226    -1.68   0.093    -.2363792     .018217
       2019  6  |   -.173936   .0658113    -2.64   0.008    -.3029766   -.0448954
       2019  7  |  -.2407131   .0650566    -3.70   0.000    -.3682739   -.1131523
       2019  8  |  -.1848038   .0622626    -2.97   0.003    -.3068862   -.0627215
       2019  9  |  -.3208324    .062285    -5.15   0.000    -.4429587   -.1987061
       2019 10  |  -.3205669   .0601494    -5.33   0.000    -.4385057    -.202628
       2021  1  |   .0502244   .0930166     0.54   0.589    -.1321595    .2326083
       2021  3  |   .0839004   .0943395     0.89   0.374    -.1010773    .2688781
       2021  4  |   .1436798   .0913747     1.57   0.116    -.0354847    .3228442
       2021  5  |   .1487964   .0882136     1.69   0.092    -.0241698    .3217627
       2021  6  |   .1274769    .084296     1.51   0.131     -.037808    .2927617
       2021  7  |   .1038577   .0842413     1.23   0.218    -.0613198    .2690353
       2021  8  |   .1091899   .0797739     1.37   0.171     -.047228    .2656078
       2021  9  |  -.0343457   .0758498    -0.45   0.651    -.1830695     .114378
       2021 10  |  -.0280447   .0755027    -0.37   0.710    -.1760878    .1199984
       2022  1  |   .0230661   .0846154     0.27   0.785    -.1428449    .1889772
       2022  3  |  -.0686879   .0828298    -0.83   0.407    -.2310978     .093722
       2022  4  |  -.0940705   .0795604    -1.18   0.237    -.2500698    .0619289
       2022  5  |   .0001675   .0772306     0.00   0.998    -.1512638    .1515987
       2022  6  |  -.1533911    .076845    -2.00   0.046    -.3040661   -.0027161
       2022  7  |  -.0870472   .0741481    -1.17   0.241    -.2324344    .0583399
       2022  8  |  -.2155936   .0727664    -2.96   0.003    -.3582715   -.0729157
       2022  9  |   -.226369   .0705619    -3.21   0.001    -.3647244   -.0880135
       2022 10  |  -.3535707   .0697363    -5.07   0.000    -.4903073   -.2168341
                |
          _cons |   -.633951   .0315288   -20.11   0.000    -.6957716   -.5721304
---------------------------------------------------------------------------------

. 
. * ============================================================================
. * [M2] COTAS DE LEE (2009) — TRIMMING
. * ============================================================================
. * La seleccion (permanecer en el panel) difiere entre anios. Dentro de cada
. * decil t0 se iguala la tasa de retencion de todos los anios a la MINIMA del
. * decil, recortando el excedente de stayers:
. *   - lee_lo: se recorta la parte ALTA de g  -> cota inferior del g medio
. *   - lee_hi: se recorta la parte BAJA de g  -> cota superior del g medio
. * Las dos regresiones dan el rango [lo, hi] del efecto por anio x decil.
. s
command s is unrecognized
r(199);

end of do-file

r(199);

. do "/var/folders/0q/1yz0j50s36s2dbr49xng4lvw0000gn/T//SD73563.000000"

. 
. 
. local j = 1

.     * tasa de retencion por celda (anio x decil), solo filas en riesgo
.     bysort decil_t0_`j' anio: egen double _ret_cell = mean(1 - attrition) if attritio
> n != .
(6,495 missing values generated)

.     bysort decil_t0_`j': egen double _ret_min = min(_ret_cell)
(4,551 missing values generated)

.     gen double _trim = (_ret_cell - _ret_min) / _ret_cell
(6,495 missing values generated)

. 
end of do-file

. br

. br id_bal _ret_cell _ret_min _trim

. count
  14,920

. br id_bal attrition _ret_cell _ret_min _trim

. sort id_bal

. br id_bal attrition year _ret_cell _ret_min _trim
variable year not found
r(111);

. br id_bal anio attrition _ret_cell _ret_min _trim

. sort id_bal anio

. gen retention = 1-attrition
(6,495 missing values generated)

. mean retetention if anio == 2019 & decil == 1
decil ambiguous abbreviation
r(111);

. mean retetention if anio == 2019 & decil_t0_1 == 1
variable retetention not found
r(111);

. mean retention if anio == 2019 & decil_t0_1 == 1

Mean estimation                            Number of obs = 250

--------------------------------------------------------------
             |       Mean   Std. err.     [95% conf. interval]
-------------+------------------------------------------------
   retention |       .636   .0304916      .5759458    .6960542
--------------------------------------------------------------

. mean retention if anio == 2019 & decil_t0_1 == 1 & attrition != .

Mean estimation                            Number of obs = 250

--------------------------------------------------------------
             |       Mean   Std. err.     [95% conf. interval]
-------------+------------------------------------------------
   retention |       .636   .0304916      .5759458    .6960542
--------------------------------------------------------------

. br id_bal anio decil_t01 attrition _ret_cell _ret_min _trim
variable decil_t01 not found
r(111);

. br id_bal anio decil_t0_1 attrition _ret_cell _ret_min _trim

. mean retention if anio == 2019 & decil_t0_1 == 2

Mean estimation                            Number of obs = 242

--------------------------------------------------------------
             |       Mean   Std. err.     [95% conf. interval]
-------------+------------------------------------------------
   retention |   .7396694   .0282666      .6839884    .7953505
--------------------------------------------------------------

. exit, clear
