
  ___  ____  ____  ____  ____ (R)
 /__    /   ____/   /   ____/
___/   /   /___/   /   /___/   16.0   Copyright 1985-2019 StataCorp LLC
  Statistics/Data Analysis            StataCorp
                                      4905 Lakeway Drive
     Special Edition                  College Station, Texas 77845 USA
                                      800-STATA-PC        http://www.stata.com
                                      979-696-4600        stata@stata.com
                                      979-696-4601 (fax)

Single-user Stata perpetual license:
       Serial number:  12345678910
         Licensed to:  Santiago Valdivieso
                       None

Notes:
      1.  Stata is running in batch mode.
      2.  Unicode is supported; see help unicode_advice.
      3.  Maximum number of variables is set to 5000; see help set_maxvar.

. do "/Users/vero/Documents/Observatorio GH/Observatorio-Desigualdad-Pobreza/SR
> I/Procesamiento/Codigos/Renta/DINA_graficos/01_graficos_dina_distribucion_pal
> ma.do" 

. /****************************************************************************
> ***
> * Graficos DINA: participacion del ingreso e indice de Palma
> *
> * Fuente:
> *   Tablas_DINA_12_03_2026.xlsx
> *
> * Graficos:
> *   1. Participacion del 1% superior, 10% superior, 40% medio (P50-P90)
> *      y 50% inferior en el ingreso nacional (PreTaxHHI).
> *   2. Indice de Palma antes de tributacion (PreTaxHHI) y despues de
> *      tributacion (B6R).
> *
> * Nota:
> *   El archivo fuente entregado contiene serie 2010-2024 para estas hojas.
> *****************************************************************************
> **/
. 
. clear all

. set more off

. version 18.0
this is version 16.0 of Stata; it cannot run version 18.0 programs
     You can purchase the latest version of Stata by visiting 
     http://www.stata.com.
r(9);

end of do-file
r(9);
