-------------------------------------------------------------------------------
      name:  <unnamed>
       log:  /Users/vero/Documents/Observatorio GH/Observatorio-Desigualdad-Pob
> reza/SRI/Procesamiento/Codigos/impacto shocks/data/resultados/interacciones_u
> nbalanced.log
  log type:  text
 opened on:  20 Jul 2026, 18:48:33

. 
. ***** X universidad *****
. reg pos_delta_pctl pandemic, vce(cluster id_bal)

Linear regression                               Number of obs     =     20,099
                                                F(1, 3999)        =      76.99
                                                Prob > F          =     0.0000
                                                R-squared         =     0.0040
                                                Root MSE          =     6.1614

                             (Std. Err. adjusted for 4,000 clusters in id_bal)
------------------------------------------------------------------------------
             |               Robust
pos_delta~tl |      Coef.   Std. Err.      t    P>|t|     [95% Conf. Interval]
-------------+----------------------------------------------------------------
    pandemic |    .834091   .0950626     8.77   0.000     .6477153    1.020467
       _cons |   4.029194   .0533962    75.46   0.000     3.924508     4.13388
------------------------------------------------------------------------------

. reg pos_delta_pctl i.pandemic##i.universidad, vce(cluster id_bal)

Linear regression                               Number of obs     =     20,099
                                                F(3, 3999)        =      26.24
                                                Prob > F          =     0.0000
                                                R-squared         =     0.0041
                                                Root MSE          =     6.1615

                             (Std. Err. adjusted for 4,000 clusters in id_bal)
------------------------------------------------------------------------------
             |               Robust
pos_delta~tl |      Coef.   Std. Err.      t    P>|t|     [95% Conf. Interval]
-------------+----------------------------------------------------------------
  1.pandemic |   .7862613   .1378231     5.70   0.000     .5160512    1.056471
1.universi~d |  -.1259815   .0983297    -1.28   0.200    -.3187625    .0667994
             |
    pandemic#|
 universidad |
        1 1  |   .0964044    .197366     0.49   0.625    -.2905429    .4833517
             |
       _cons |   4.091986   .0725052    56.44   0.000     3.949835    4.234137
------------------------------------------------------------------------------

. reg pos_delta_pctl ib2018.anio##i.universidad, vce(cluster id_bal)

Linear regression                               Number of obs     =     20,099
                                                F(11, 3999)       =       7.60
                                                Prob > F          =     0.0000
                                                R-squared         =     0.0042
                                                Root MSE          =     6.1622

                             (Std. Err. adjusted for 4,000 clusters in id_bal)
------------------------------------------------------------------------------
             |               Robust
pos_delta~tl |      Coef.   Std. Err.      t    P>|t|     [95% Conf. Interval]
-------------+----------------------------------------------------------------
        anio |
       2017  |  -.2476935   .2005075    -1.24   0.217       -.6408     .145413
       2019  |  -.3009553    .208976    -1.44   0.150    -.7106647     .108754
       2020  |    .559331   .2286143     2.45   0.014     .1111195    1.007542
       2021  |   .5910889   .2300577     2.57   0.010     .1400476     1.04213
       2022  |  -.2842164   .2110024    -1.35   0.178    -.6978987    .1294659
             |
1.universi~d |  -.4445117     .21268    -2.09   0.037     -.861483   -.0275403
             |
        anio#|
 universidad |
     2017 1  |   .4003795   .2853974     1.40   0.161    -.1591584    .9599174
     2019 1  |   .4071753    .295037     1.38   0.168    -.1712617    .9856123
     2020 1  |   .5064734   .3186108     1.59   0.112    -.1181814    1.131128
     2021 1  |   .3215687   .3220154     1.00   0.318     -.309761    .9528984
     2022 1  |   .4459619   .2958102     1.51   0.132    -.1339909    1.025915
             |
       _cons |   4.302804   .1551217    27.74   0.000     3.998679    4.606929
------------------------------------------------------------------------------

. reg pos_delta_pctl ib2019.anio##i.universidad, vce(cluster id_bal)

Linear regression                               Number of obs     =     20,099
                                                F(11, 3999)       =       7.60
                                                Prob > F          =     0.0000
                                                R-squared         =     0.0042
                                                Root MSE          =     6.1622

                             (Std. Err. adjusted for 4,000 clusters in id_bal)
------------------------------------------------------------------------------
             |               Robust
pos_delta~tl |      Coef.   Std. Err.      t    P>|t|     [95% Conf. Interval]
-------------+----------------------------------------------------------------
        anio |
       2017  |   .0532618    .188225     0.28   0.777     -.315764    .4222876
       2018  |   .3009553    .208976     1.44   0.150     -.108754    .7106647
       2020  |   .8602863   .2225992     3.86   0.000     .4238678    1.296705
       2021  |   .8920442   .2203571     4.05   0.000     .4600216    1.324067
       2022  |   .0167389   .2019272     0.08   0.934     -.379151    .4126289
             |
1.universi~d |  -.0373364   .1996357    -0.19   0.852    -.4287337    .3540609
             |
        anio#|
 universidad |
     2017 1  |  -.0067958   .2723273    -0.02   0.980     -.540709    .5271174
     2018 1  |  -.4071753    .295037    -1.38   0.168    -.9856123    .1712617
     2020 1  |   .0992981   .3134177     0.32   0.751    -.5151752    .7137714
     2021 1  |  -.0856065   .3103276    -0.28   0.783    -.6940216    .5228085
     2022 1  |   .0387866   .2814974     0.14   0.890    -.5131053    .5906785
             |
       _cons |   4.001848   .1419769    28.19   0.000     3.723495    4.280202
------------------------------------------------------------------------------

. reg pos_delta_pctl ib2020.anio##i.universidad, vce(cluster id_bal)

Linear regression                               Number of obs     =     20,099
                                                F(11, 3999)       =       7.60
                                                Prob > F          =     0.0000
                                                R-squared         =     0.0042
                                                Root MSE          =     6.1622

                             (Std. Err. adjusted for 4,000 clusters in id_bal)
------------------------------------------------------------------------------
             |               Robust
pos_delta~tl |      Coef.   Std. Err.      t    P>|t|     [95% Conf. Interval]
-------------+----------------------------------------------------------------
        anio |
       2017  |  -.8070245   .2099331    -3.84   0.000     -1.21861   -.3954386
       2018  |   -.559331   .2286143    -2.45   0.014    -1.007542   -.1111195
       2019  |  -.8602863   .2225992    -3.86   0.000    -1.296705   -.4238678
       2021  |    .031758   .2423393     0.13   0.896    -.4433621    .5068781
       2022  |  -.8435473   .2207746    -3.82   0.000    -1.276389    -.410706
             |
1.universi~d |   .0619617   .2394825     0.26   0.796    -.4075575    .5314809
             |
        anio#|
 universidad |
     2017 1  |  -.1060939   .3005916    -0.35   0.724     -.695421    .4832332
     2018 1  |  -.5064734   .3186108    -1.59   0.112    -1.131128    .1181814
     2019 1  |  -.0992981   .3134177    -0.32   0.751    -.7137714    .5151752
     2021 1  |  -.1849046   .3370244    -0.55   0.583    -.8456604    .4758511
     2022 1  |  -.0605115   .3162329    -0.19   0.848    -.6805042    .5594813
             |
       _cons |   4.862135   .1716637    28.32   0.000     4.525578    5.198691
------------------------------------------------------------------------------

. reg pos_delta_pctl ib2021.anio##i.universidad, vce(cluster id_bal)

Linear regression                               Number of obs     =     20,099
                                                F(11, 3999)       =       7.60
                                                Prob > F          =     0.0000
                                                R-squared         =     0.0042
                                                Root MSE          =     6.1622

                             (Std. Err. adjusted for 4,000 clusters in id_bal)
------------------------------------------------------------------------------
             |               Robust
pos_delta~tl |      Coef.   Std. Err.      t    P>|t|     [95% Conf. Interval]
-------------+----------------------------------------------------------------
        anio |
       2017  |  -.8387824   .2133776    -3.93   0.000    -1.257122   -.4204433
       2018  |  -.5910889   .2300577    -2.57   0.010     -1.04213   -.1400476
       2019  |  -.8920442   .2203571    -4.05   0.000    -1.324067   -.4600216
       2020  |   -.031758   .2423393    -0.13   0.896    -.5068781    .4433621
       2022  |  -.8753053   .2223072    -3.94   0.000    -1.311151   -.4394592
             |
1.universi~d |  -.1229429    .240762    -0.51   0.610    -.5949706    .3490847
             |
        anio#|
 universidad |
     2017 1  |   .0788108    .302234     0.26   0.794    -.5137363    .6713579
     2018 1  |  -.3215687   .3220154    -1.00   0.318    -.9528984     .309761
     2019 1  |   .0856065   .3103276     0.28   0.783    -.5228085    .6940216
     2020 1  |   .1849046   .3370244     0.55   0.583    -.4758511    .8456604
     2022 1  |   .1243931   .3186002     0.39   0.696    -.5002409    .7490272
             |
       _cons |   4.893893   .1728566    28.31   0.000     4.554997    5.232788
------------------------------------------------------------------------------

. reg pos_delta_pctl ib2022.anio##i.universidad, vce(cluster id_bal)

Linear regression                               Number of obs     =     20,099
                                                F(11, 3999)       =       7.60
                                                Prob > F          =     0.0000
                                                R-squared         =     0.0042
                                                Root MSE          =     6.1622

                             (Std. Err. adjusted for 4,000 clusters in id_bal)
------------------------------------------------------------------------------
             |               Robust
pos_delta~tl |      Coef.   Std. Err.      t    P>|t|     [95% Conf. Interval]
-------------+----------------------------------------------------------------
        anio |
       2017  |   .0365229   .1936444     0.19   0.850    -.3431282    .4161739
       2018  |   .2842164   .2110024     1.35   0.178    -.1294659    .6978987
       2019  |  -.0167389   .2019272    -0.08   0.934    -.4126289     .379151
       2020  |   .8435473   .2207746     3.82   0.000      .410706    1.276389
       2021  |   .8753053   .2223072     3.94   0.000     .4394592    1.311151
             |
1.universi~d |   .0014502   .2047121     0.01   0.994    -.3998997    .4028001
             |
        anio#|
 universidad |
     2017 1  |  -.0455824   .2765196    -0.16   0.869     -.587715    .4965502
     2018 1  |  -.4459619   .2958102    -1.51   0.132    -1.025915    .1339909
     2019 1  |  -.0387866   .2814974    -0.14   0.890    -.5906785    .5131053
     2020 1  |   .0605115   .3162329     0.19   0.848    -.5594813    .6805042
     2021 1  |  -.1243931   .3186002    -0.39   0.696    -.7490272    .5002409
             |
       _cons |   4.018587   .1453216    27.65   0.000     3.733676    4.303499
------------------------------------------------------------------------------

. 
. ***** X sexo *****
. reg pos_delta_pctl pandemic, vce(cluster id_bal)

Linear regression                               Number of obs     =     20,099
                                                F(1, 3999)        =      76.99
                                                Prob > F          =     0.0000
                                                R-squared         =     0.0040
                                                Root MSE          =     6.1614

                             (Std. Err. adjusted for 4,000 clusters in id_bal)
------------------------------------------------------------------------------
             |               Robust
pos_delta~tl |      Coef.   Std. Err.      t    P>|t|     [95% Conf. Interval]
-------------+----------------------------------------------------------------
    pandemic |    .834091   .0950626     8.77   0.000     .6477153    1.020467
       _cons |   4.029194   .0533962    75.46   0.000     3.924508     4.13388
------------------------------------------------------------------------------

. reg pos_delta_pctl i.pandemic##i.genero, vce(cluster id_bal)

Linear regression                               Number of obs     =     20,099
                                                F(3, 3999)        =      25.82
                                                Prob > F          =     0.0000
                                                R-squared         =     0.0040
                                                Root MSE          =     6.1616

                             (Std. Err. adjusted for 4,000 clusters in id_bal)
------------------------------------------------------------------------------
             |               Robust
pos_delta~tl |      Coef.   Std. Err.      t    P>|t|     [95% Conf. Interval]
-------------+----------------------------------------------------------------
  1.pandemic |   .7876322   .1341371     5.87   0.000     .5246487    1.050616
    1.genero |   .0446369   .1003371     0.44   0.656    -.1520796    .2413535
             |
    pandemic#|
      genero |
        1 1  |   .0925277   .1960518     0.47   0.637    -.2918431    .4768986
             |
       _cons |   4.007113   .0724786    55.29   0.000     3.865014    4.149211
------------------------------------------------------------------------------

. reg pos_delta_pctl ib2018.anio##i.genero, vce(cluster id_bal)

Linear regression                               Number of obs     =     20,099
                                                F(11, 3999)       =       7.46
                                                Prob > F          =     0.0000
                                                R-squared         =     0.0042
                                                Root MSE          =     6.1623

                             (Std. Err. adjusted for 4,000 clusters in id_bal)
------------------------------------------------------------------------------
             |               Robust
pos_delta~tl |      Coef.   Std. Err.      t    P>|t|     [95% Conf. Interval]
-------------+----------------------------------------------------------------
        anio |
       2017  |   .0839918   .1929205     0.44   0.663    -.2942399    .4622235
       2019  |   .0039421   .1996451     0.02   0.984    -.3874735    .3953577
       2020  |   .9627661   .2181982     4.41   0.000     .5349759    1.390556
       2021  |   .7306891   .2213788     3.30   0.001     .2966632    1.164715
       2022  |   .1451657   .2077248     0.70   0.485    -.2620907    .5524222
             |
    1.genero |   .2616221   .2126891     1.23   0.219    -.1553672    .6786113
             |
 anio#genero |
     2017 1  |  -.2598057   .2820213    -0.92   0.357    -.8127247    .2931133
     2019 1  |  -.1960652   .2890109    -0.68   0.498    -.7626877    .3705574
     2020 1  |  -.2955045   .3215584    -0.92   0.358    -.9259382    .3349292
     2021 1  |   .0465446   .3195269     0.15   0.884    -.5799061    .6729954
     2022 1  |  -.4059456   .2936594    -1.38   0.167    -.9816817    .1697904
             |
       _cons |   3.948125   .1484578    26.59   0.000     3.657065    4.239185
------------------------------------------------------------------------------

. reg pos_delta_pctl ib2019.anio##i.genero, vce(cluster id_bal)

Linear regression                               Number of obs     =     20,099
                                                F(11, 3999)       =       7.46
                                                Prob > F          =     0.0000
                                                R-squared         =     0.0042
                                                Root MSE          =     6.1623

                             (Std. Err. adjusted for 4,000 clusters in id_bal)
------------------------------------------------------------------------------
             |               Robust
pos_delta~tl |      Coef.   Std. Err.      t    P>|t|     [95% Conf. Interval]
-------------+----------------------------------------------------------------
        anio |
       2017  |   .0800497   .1860838     0.43   0.667    -.2847782    .4448776
       2018  |  -.0039421   .1996451    -0.02   0.984    -.3953577    .3874735
       2020  |    .958824    .213244     4.50   0.000      .540747    1.376901
       2021  |    .726747   .2147251     3.38   0.001      .305766    1.147728
       2022  |   .1412236   .2024504     0.70   0.485     -.255692    .5381392
             |
    1.genero |   .0655569   .2000366     0.33   0.743    -.3266264    .4577402
             |
 anio#genero |
     2017 1  |  -.0637405   .2722732    -0.23   0.815    -.5975477    .4700667
     2018 1  |   .1960652   .2890109     0.68   0.498    -.3705574    .7626877
     2020 1  |  -.0994394   .3169302    -0.31   0.754    -.7207992    .5219205
     2021 1  |   .2426098   .3089248     0.79   0.432    -.3630551    .8482746
     2022 1  |  -.2098805   .2868937    -0.73   0.464    -.7723521    .3525911
             |
       _cons |   3.952067   .1369654    28.85   0.000     3.683538    4.220596
------------------------------------------------------------------------------

. reg pos_delta_pctl ib2020.anio##i.genero, vce(cluster id_bal)

Linear regression                               Number of obs     =     20,099
                                                F(11, 3999)       =       7.46
                                                Prob > F          =     0.0000
                                                R-squared         =     0.0042
                                                Root MSE          =     6.1623

                             (Std. Err. adjusted for 4,000 clusters in id_bal)
------------------------------------------------------------------------------
             |               Robust
pos_delta~tl |      Coef.   Std. Err.      t    P>|t|     [95% Conf. Interval]
-------------+----------------------------------------------------------------
        anio |
       2017  |  -.8787743   .2065792    -4.25   0.000    -1.283785   -.4737639
       2018  |  -.9627661   .2181982    -4.41   0.000    -1.390556   -.5349759
       2019  |   -.958824    .213244    -4.50   0.000    -1.376901    -.540747
       2021  |   -.232077   .2344881    -0.99   0.322    -.6918044    .2276504
       2022  |  -.8176004   .2197823    -3.72   0.000    -1.248496   -.3867046
             |
    1.genero |  -.0338824   .2393865    -0.14   0.887    -.5032134    .4354485
             |
 anio#genero |
     2017 1  |   .0356988   .3006882     0.12   0.906    -.5538176    .6252152
     2018 1  |   .2955045   .3215584     0.92   0.358    -.3349292    .9259382
     2019 1  |   .0994394   .3169302     0.31   0.754    -.5219205    .7207992
     2021 1  |   .3420491    .341078     1.00   0.316    -.3266538    1.010752
     2022 1  |  -.1104411   .3152412    -0.35   0.726    -.7284896    .5076074
             |
       _cons |   4.910891   .1655738    29.66   0.000     4.586274    5.235508
------------------------------------------------------------------------------

. reg pos_delta_pctl ib2021.anio##i.genero, vce(cluster id_bal)

Linear regression                               Number of obs     =     20,099
                                                F(11, 3999)       =       7.46
                                                Prob > F          =     0.0000
                                                R-squared         =     0.0042
                                                Root MSE          =     6.1623

                             (Std. Err. adjusted for 4,000 clusters in id_bal)
------------------------------------------------------------------------------
             |               Robust
pos_delta~tl |      Coef.   Std. Err.      t    P>|t|     [95% Conf. Interval]
-------------+----------------------------------------------------------------
        anio |
       2017  |  -.6466973   .2050845    -3.15   0.002    -1.048777   -.2446174
       2018  |  -.7306891   .2213788    -3.30   0.001    -1.164715   -.2966632
       2019  |   -.726747   .2147251    -3.38   0.001    -1.147728    -.305766
       2020  |    .232077   .2344881     0.99   0.322    -.2276504    .6918044
       2022  |  -.5855233   .2236851    -2.62   0.009    -1.024071   -.1469759
             |
    1.genero |   .3081667   .2407448     1.28   0.201    -.1638273    .7801607
             |
 anio#genero |
     2017 1  |  -.3063503   .2995752    -1.02   0.307    -.8936847     .280984
     2018 1  |  -.0465446   .3195269    -0.15   0.884    -.6729954    .5799061
     2019 1  |  -.2426098   .3089248    -0.79   0.432    -.8482746    .3630551
     2020 1  |  -.3420491    .341078    -1.00   0.316    -1.010752    .3266538
     2022 1  |  -.4524902   .3181155    -1.42   0.155    -1.076174    .1711934
             |
       _cons |   4.678814   .1682411    27.81   0.000     4.348968     5.00866
------------------------------------------------------------------------------

. reg pos_delta_pctl ib2022.anio##i.genero, vce(cluster id_bal)

Linear regression                               Number of obs     =     20,099
                                                F(11, 3999)       =       7.46
                                                Prob > F          =     0.0000
                                                R-squared         =     0.0042
                                                Root MSE          =     6.1623

                             (Std. Err. adjusted for 4,000 clusters in id_bal)
------------------------------------------------------------------------------
             |               Robust
pos_delta~tl |      Coef.   Std. Err.      t    P>|t|     [95% Conf. Interval]
-------------+----------------------------------------------------------------
        anio |
       2017  |  -.0611739   .1927215    -0.32   0.751    -.4390156    .3166677
       2018  |  -.1451657   .2077248    -0.70   0.485    -.5524222    .2620907
       2019  |  -.1412236   .2024504    -0.70   0.485    -.5381392     .255692
       2020  |   .8176004   .2197823     3.72   0.000     .3867046    1.248496
       2021  |   .5855233   .2236851     2.62   0.009     .1469759    1.024071
             |
    1.genero |  -.1443235   .2049674    -0.70   0.481     -.546174    .2575269
             |
 anio#genero |
     2017 1  |   .1461399   .2734056     0.53   0.593    -.3898874    .6821672
     2018 1  |   .4059456   .2936594     1.38   0.167    -.1697904    .9816817
     2019 1  |   .2098805   .2868937     0.73   0.464    -.3525911    .7723521
     2020 1  |   .1104411   .3152412     0.35   0.726    -.5076074    .7284896
     2021 1  |   .4524902   .3181155     1.42   0.155    -.1711934    1.076174
             |
       _cons |   4.093291   .1494169    27.40   0.000      3.80035    4.386231
------------------------------------------------------------------------------

. 
. ***** X financiamiento *****
. reg pos_delta_pctl pandemic, vce(cluster id_bal)

Linear regression                               Number of obs     =     20,099
                                                F(1, 3999)        =      76.99
                                                Prob > F          =     0.0000
                                                R-squared         =     0.0040
                                                Root MSE          =     6.1614

                             (Std. Err. adjusted for 4,000 clusters in id_bal)
------------------------------------------------------------------------------
             |               Robust
pos_delta~tl |      Coef.   Std. Err.      t    P>|t|     [95% Conf. Interval]
-------------+----------------------------------------------------------------
    pandemic |    .834091   .0950626     8.77   0.000     .6477153    1.020467
       _cons |   4.029194   .0533962    75.46   0.000     3.924508     4.13388
------------------------------------------------------------------------------

. reg pos_delta_pctl i.pandemic##i.financiamiento, vce(cluster id_bal)

Linear regression                               Number of obs     =     20,099
                                                F(5, 3999)        =      15.78
                                                Prob > F          =     0.0000
                                                R-squared         =     0.0041
                                                Root MSE          =     6.1617

                             (Std. Err. adjusted for 4,000 clusters in id_bal)
------------------------------------------------------------------------------
             |               Robust
pos_delta~tl |      Coef.   Std. Err.      t    P>|t|     [95% Conf. Interval]
-------------+----------------------------------------------------------------
  1.pandemic |   .9405531   .1729044     5.44   0.000     .6015642    1.279542
             |
financiami~o |
          2  |  -.0078706   .1227732    -0.06   0.949    -.2485745    .2328333
          3  |  -.0820228   .1223522    -0.67   0.503    -.3219014    .1578557
             |
    pandemic#|
financiami~o |
        1 2  |  -.2136245   .2448541    -0.87   0.383     -.693675     .266426
        1 3  |  -.1034912    .241528    -0.43   0.668    -.5770206    .3700383
             |
       _cons |   4.058978     .08958    45.31   0.000     3.883352    4.234605
------------------------------------------------------------------------------

. reg pos_delta_pctl ib2018.anio##i.financiamiento, vce(cluster id_bal)

Linear regression                               Number of obs     =     20,099
                                                F(17, 3999)       =       4.94
                                                Prob > F          =     0.0000
                                                R-squared         =     0.0043
                                                Root MSE          =      6.163

                             (Std. Err. adjusted for 4,000 clusters in id_bal)
------------------------------------------------------------------------------
             |               Robust
pos_delta~tl |      Coef.   Std. Err.      t    P>|t|     [95% Conf. Interval]
-------------+----------------------------------------------------------------
        anio |
       2017  |   .2546048   .2393922     1.06   0.288    -.2147375     .723947
       2019  |   .0583328   .2503924     0.23   0.816    -.4325759    .5492415
       2020  |   1.035649    .281056     3.68   0.000     .4846227    1.586676
       2021  |    1.01784   .2738392     3.72   0.000     .4809628    1.554718
       2022  |  -.0082891   .2494475    -0.03   0.973    -.4973452    .4807671
             |
financiami~o |
          2  |   .2253782   .2629734     0.86   0.391    -.2901962    .7409526
          3  |   .0941445   .2562575     0.37   0.713     -.408263    .5965521
             |
        anio#|
financiami~o |
     2017 2  |  -.5291624   .3447976    -1.53   0.125    -1.205158    .1468331
     2017 3  |  -.3739907   .3399525    -1.10   0.271    -1.040487    .2925056
     2019 2  |  -.2158382   .3620401    -0.60   0.551    -.9256385    .4939621
     2019 3  |  -.2444709   .3560534    -0.69   0.492    -.9425341    .4535923
     2020 2  |  -.3770531   .4040785    -0.93   0.351    -1.169272    .4151659
     2020 3  |   -.284215   .3930114    -0.72   0.470    -1.054736    .4863064
     2021 2  |  -.5167334   .3947255    -1.31   0.191    -1.290615    .2571485
     2021 3  |  -.2750568   .3884207    -0.71   0.479    -1.036578    .4864642
     2022 2  |  -.1162337   .3568198    -0.33   0.745    -.8157994    .5833319
     2022 3  |  -.0374716   .3639122    -0.10   0.918    -.7509423    .6759991
             |
       _cons |    3.97277   .1816245    21.87   0.000     3.616685    4.328855
------------------------------------------------------------------------------

. reg pos_delta_pctl ib2019.anio##i.financiamiento, vce(cluster id_bal)

Linear regression                               Number of obs     =     20,099
                                                F(17, 3999)       =       4.94
                                                Prob > F          =     0.0000
                                                R-squared         =     0.0043
                                                Root MSE          =      6.163

                             (Std. Err. adjusted for 4,000 clusters in id_bal)
------------------------------------------------------------------------------
             |               Robust
pos_delta~tl |      Coef.   Std. Err.      t    P>|t|     [95% Conf. Interval]
-------------+----------------------------------------------------------------
        anio |
       2017  |    .196272   .2338196     0.84   0.401    -.2621448    .6546888
       2018  |  -.0583328   .2503924    -0.23   0.816    -.5492415    .4325759
       2020  |   .9773163   .2734993     3.57   0.000     .4411052    1.513527
       2021  |   .9595076   .2664678     3.60   0.000     .4370822    1.481933
       2022  |  -.0666219   .2448478    -0.27   0.786      -.54666    .4134163
             |
financiami~o |
          2  |     .00954   .2459675     0.04   0.969    -.4726934    .4917734
          3  |  -.1503264   .2457819    -0.61   0.541    -.6321959    .3315431
             |
        anio#|
financiami~o |
     2017 2  |  -.3133242   .3334427    -0.94   0.347    -.9670578    .3404094
     2017 3  |  -.1295198   .3330627    -0.39   0.697    -.7825083    .5234686
     2018 2  |   .2158382   .3620401     0.60   0.551    -.4939621    .9256385
     2018 3  |   .2444709   .3560534     0.69   0.492    -.4535923    .9425341
     2020 2  |  -.1612149   .3818743    -0.42   0.673    -.9099013    .5874716
     2020 3  |  -.0397441   .3812286    -0.10   0.917    -.7871646    .7076765
     2021 2  |  -.3008952   .3771755    -0.80   0.425    -1.040369     .438579
     2021 3  |  -.0305859   .3808445    -0.08   0.936    -.7772534    .7160817
     2022 2  |   .0996045   .3478298     0.29   0.775    -.5823358    .7815448
     2022 3  |   .2069994   .3496069     0.59   0.554    -.4784251    .8924238
             |
       _cons |   4.031103   .1765294    22.84   0.000     3.685007    4.377199
------------------------------------------------------------------------------

. reg pos_delta_pctl ib2020.anio##i.financiamiento, vce(cluster id_bal)

Linear regression                               Number of obs     =     20,099
                                                F(17, 3999)       =       4.94
                                                Prob > F          =     0.0000
                                                R-squared         =     0.0043
                                                Root MSE          =      6.163

                             (Std. Err. adjusted for 4,000 clusters in id_bal)
------------------------------------------------------------------------------
             |               Robust
pos_delta~tl |      Coef.   Std. Err.      t    P>|t|     [95% Conf. Interval]
-------------+----------------------------------------------------------------
        anio |
       2017  |  -.7810444   .2670649    -2.92   0.003     -1.30464   -.2574483
       2018  |  -1.035649    .281056    -3.68   0.000    -1.586676   -.4846227
       2019  |  -.9773163   .2734993    -3.57   0.000    -1.513527   -.4411052
       2021  |  -.0178088   .2879508    -0.06   0.951    -.5823529    .5467353
       2022  |  -1.043938   .2679131    -3.90   0.000    -1.569197   -.5186793
             |
financiami~o |
          2  |  -.1516749   .2957595    -0.51   0.608    -.7315284    .4281786
          3  |  -.1900705   .2945772    -0.65   0.519    -.7676059     .387465
             |
        anio#|
financiami~o |
     2017 2  |  -.1521093   .3748384    -0.41   0.685    -.8870016     .582783
     2017 3  |  -.0897757    .369424    -0.24   0.808    -.8140527    .6345012
     2018 2  |   .3770531   .4040785     0.93   0.351    -.4151659    1.169272
     2018 3  |    .284215   .3930114     0.72   0.470    -.4863064    1.054736
     2019 2  |   .1612149   .3818743     0.42   0.673    -.5874716    .9099013
     2019 3  |   .0397441   .3812286     0.10   0.917    -.7076765    .7871646
     2021 2  |  -.1396803   .4117865    -0.34   0.734    -.9470113    .6676507
     2021 3  |   .0091582   .4119259     0.02   0.982    -.7984461    .8167625
     2022 2  |   .2608194   .3845644     0.68   0.498    -.4931411     1.01478
     2022 3  |   .2467434   .3853593     0.64   0.522    -.5087755    1.002262
             |
       _cons |   5.008419   .2126662    23.55   0.000     4.591475    5.425363
------------------------------------------------------------------------------

. reg pos_delta_pctl ib2021.anio##i.financiamiento, vce(cluster id_bal)

Linear regression                               Number of obs     =     20,099
                                                F(17, 3999)       =       4.94
                                                Prob > F          =     0.0000
                                                R-squared         =     0.0043
                                                Root MSE          =      6.163

                             (Std. Err. adjusted for 4,000 clusters in id_bal)
------------------------------------------------------------------------------
             |               Robust
pos_delta~tl |      Coef.   Std. Err.      t    P>|t|     [95% Conf. Interval]
-------------+----------------------------------------------------------------
        anio |
       2017  |  -.7632356   .2601747    -2.93   0.003    -1.273323   -.2531482
       2018  |   -1.01784   .2738392    -3.72   0.000    -1.554718   -.4809628
       2019  |  -.9595076   .2664678    -3.60   0.000    -1.481933   -.4370822
       2020  |   .0178088   .2879508     0.06   0.951    -.5467353    .5823529
       2022  |  -1.026129   .2666453    -3.85   0.000    -1.548903    -.503356
             |
financiami~o |
          2  |  -.2913552   .2953949    -0.99   0.324    -.8704939    .2877835
          3  |  -.1809122   .2933346    -0.62   0.537    -.7560116    .3941871
             |
        anio#|
financiami~o |
     2017 2  |   -.012429   .3698936    -0.03   0.973    -.7376266    .7127685
     2017 3  |   -.098934   .3716514    -0.27   0.790    -.8275778    .6297099
     2018 2  |   .5167334   .3947255     1.31   0.191    -.2571485    1.290615
     2018 3  |   .2750568   .3884207     0.71   0.479    -.4864642    1.036578
     2019 2  |   .3008952   .3771755     0.80   0.425     -.438579    1.040369
     2019 3  |   .0305859   .3808445     0.08   0.936    -.7160817    .7772534
     2020 2  |   .1396803   .4117865     0.34   0.734    -.6676507    .9470113
     2020 3  |  -.0091582   .4119259    -0.02   0.982    -.8167625    .7984461
     2022 2  |   .4004997   .3864318     1.04   0.300     -.357122    1.158121
     2022 3  |   .2375852   .3854857     0.62   0.538    -.5181815     .993352
             |
       _cons |    4.99061   .2070229    24.11   0.000      4.58473    5.396491
------------------------------------------------------------------------------

. reg pos_delta_pctl ib2022.anio##i.financiamiento, vce(cluster id_bal)

Linear regression                               Number of obs     =     20,099
                                                F(17, 3999)       =       4.94
                                                Prob > F          =     0.0000
                                                R-squared         =     0.0043
                                                Root MSE          =      6.163

                             (Std. Err. adjusted for 4,000 clusters in id_bal)
------------------------------------------------------------------------------
             |               Robust
pos_delta~tl |      Coef.   Std. Err.      t    P>|t|     [95% Conf. Interval]
-------------+----------------------------------------------------------------
        anio |
       2017  |   .2628938   .2369551     1.11   0.267    -.2016703     .727458
       2018  |   .0082891   .2494475     0.03   0.973    -.4807671    .4973452
       2019  |   .0666219   .2448478     0.27   0.786    -.4134163      .54666
       2020  |   1.043938   .2679131     3.90   0.000     .5186793    1.569197
       2021  |   1.026129   .2666453     3.85   0.000      .503356    1.548903
             |
financiami~o |
          2  |   .1091445   .2469722     0.44   0.659    -.3750587    .5933477
          3  |    .056673   .2520663     0.22   0.822    -.4375174    .5508634
             |
        anio#|
financiami~o |
     2017 2  |  -.4129287   .3374008    -1.22   0.221    -1.074422    .2485649
     2017 3  |  -.3365192   .3360076    -1.00   0.317    -.9952814     .322243
     2018 2  |   .1162337   .3568198     0.33   0.745    -.5833319    .8157994
     2018 3  |   .0374716   .3639122     0.10   0.918    -.6759991    .7509423
     2019 2  |  -.0996045   .3478298    -0.29   0.775    -.7815448    .5823358
     2019 3  |  -.2069994   .3496069    -0.59   0.554    -.8924238    .4784251
     2020 2  |  -.2608194   .3845644    -0.68   0.498     -1.01478    .4931411
     2020 3  |  -.2467434   .3853593    -0.64   0.522    -1.002262    .5087755
     2021 2  |  -.4004997   .3864318    -1.04   0.300    -1.158121     .357122
     2021 3  |  -.2375852   .3854857    -0.62   0.538     -.993352    .5181815
             |
       _cons |   3.964481   .1733994    22.86   0.000     3.624521     4.30444
------------------------------------------------------------------------------

. 
. ***** X Nivel *****
. reg pos_delta_pctl pandemic, vce(cluster id_bal)

Linear regression                               Number of obs     =     20,099
                                                F(1, 3999)        =      76.99
                                                Prob > F          =     0.0000
                                                R-squared         =     0.0040
                                                Root MSE          =     6.1614

                             (Std. Err. adjusted for 4,000 clusters in id_bal)
------------------------------------------------------------------------------
             |               Robust
pos_delta~tl |      Coef.   Std. Err.      t    P>|t|     [95% Conf. Interval]
-------------+----------------------------------------------------------------
    pandemic |    .834091   .0950626     8.77   0.000     .6477153    1.020467
       _cons |   4.029194   .0533962    75.46   0.000     3.924508     4.13388
------------------------------------------------------------------------------

. reg pos_delta_pctl i.pandemic##i.tercer_nivel, vce(cluster id_bal)

Linear regression                               Number of obs     =     20,099
                                                F(3, 3999)        =      25.87
                                                Prob > F          =     0.0000
                                                R-squared         =     0.0040
                                                Root MSE          =     6.1617

                             (Std. Err. adjusted for 4,000 clusters in id_bal)
------------------------------------------------------------------------------
             |               Robust
pos_delta~tl |      Coef.   Std. Err.      t    P>|t|     [95% Conf. Interval]
-------------+----------------------------------------------------------------
  1.pandemic |   .8793181   .1535016     5.73   0.000     .5783694    1.180267
1.tercer_n~l |  -.0231648   .1012751    -0.23   0.819    -.2217204    .1753907
             |
    pandemic#|
tercer_nivel |
        1 1  |  -.0750309   .2033452    -0.37   0.712    -.4737008     .323639
             |
       _cons |   4.043042   .0804795    50.24   0.000     3.885258    4.200827
------------------------------------------------------------------------------

. reg pos_delta_pctl ib2018.anio##i.tercer_nivel, vce(cluster id_bal)

Linear regression                               Number of obs     =     20,099
                                                F(11, 3999)       =       7.36
                                                Prob > F          =     0.0000
                                                R-squared         =     0.0041
                                                Root MSE          =     6.1625

                             (Std. Err. adjusted for 4,000 clusters in id_bal)
------------------------------------------------------------------------------
             |               Robust
pos_delta~tl |      Coef.   Std. Err.      t    P>|t|     [95% Conf. Interval]
-------------+----------------------------------------------------------------
        anio |
       2017  |  -.0342029   .2217627    -0.15   0.877    -.4689814    .4005757
       2019  |   .0021441   .2362053     0.01   0.993      -.46095    .4652382
       2020  |   .8375953   .2488403     3.37   0.001     .3497296    1.325461
       2021  |   .9460722    .254933     3.71   0.000     .4462613    1.445883
       2022  |    .100614   .2404682     0.42   0.676    -.3708377    .5720657
             |
1.tercer_n~l |   .0818427   .2181793     0.38   0.708    -.3459103    .5095957
             |
        anio#|
tercer_nivel |
     2017 1  |  -.0175039   .2916675    -0.06   0.952    -.5893348     .554327
     2019 1  |  -.1628053   .3030461    -0.54   0.591    -.7569445     .431334
     2020 1  |  -.0384129   .3273038    -0.12   0.907    -.6801108     .603285
     2021 1  |  -.3218168   .3309252    -0.97   0.331    -.9706146    .3269811
     2022 1  |  -.2646672   .3040654    -0.87   0.384    -.8608049    .3314704
             |
       _cons |   4.030063   .1704935    23.64   0.000     3.695801    4.364326
------------------------------------------------------------------------------

. reg pos_delta_pctl ib2019.anio##i.tercer_nivel, vce(cluster id_bal)

Linear regression                               Number of obs     =     20,099
                                                F(11, 3999)       =       7.36
                                                Prob > F          =     0.0000
                                                R-squared         =     0.0041
                                                Root MSE          =     6.1625

                             (Std. Err. adjusted for 4,000 clusters in id_bal)
------------------------------------------------------------------------------
             |               Robust
pos_delta~tl |      Coef.   Std. Err.      t    P>|t|     [95% Conf. Interval]
-------------+----------------------------------------------------------------
        anio |
       2017  |  -.0363469    .212244    -0.17   0.864    -.4524635    .3797696
       2018  |  -.0021441   .2362053    -0.01   0.993    -.4652382      .46095
       2020  |   .8354512   .2449018     3.41   0.001     .3553071    1.315595
       2021  |   .9439281   .2497722     3.78   0.000     .4542353    1.433621
       2022  |   .0984699   .2314147     0.43   0.670     -.355232    .5521718
             |
1.tercer_n~l |  -.0809626   .2054298    -0.39   0.694    -.4837196    .3217944
             |
        anio#|
tercer_nivel |
     2017 1  |   .1453014   .2758866     0.53   0.598    -.3955902    .6861929
     2018 1  |   .1628053   .3030461     0.54   0.591     -.431334    .7569445
     2020 1  |   .1243924   .3192008     0.39   0.697     -.501419    .7502038
     2021 1  |  -.1590115   .3213576    -0.49   0.621    -.7890515    .4710285
     2022 1  |   -.101862   .2941812    -0.35   0.729     -.678621    .4748971
             |
       _cons |   4.032207   .1615656    24.96   0.000     3.715449    4.348966
------------------------------------------------------------------------------

. reg pos_delta_pctl ib2020.anio##i.tercer_nivel, vce(cluster id_bal)

Linear regression                               Number of obs     =     20,099
                                                F(11, 3999)       =       7.36
                                                Prob > F          =     0.0000
                                                R-squared         =     0.0041
                                                Root MSE          =     6.1625

                             (Std. Err. adjusted for 4,000 clusters in id_bal)
------------------------------------------------------------------------------
             |               Robust
pos_delta~tl |      Coef.   Std. Err.      t    P>|t|     [95% Conf. Interval]
-------------+----------------------------------------------------------------
        anio |
       2017  |  -.8717981    .232345    -3.75   0.000    -1.327324   -.4162725
       2018  |  -.8375953   .2488403    -3.37   0.001    -1.325461   -.3497296
       2019  |  -.8354512   .2449018    -3.41   0.001    -1.315595   -.3553071
       2021  |   .1084769    .269127     0.40   0.687     -.419162    .6361158
       2022  |  -.7369813   .2509469    -2.94   0.003    -1.228977   -.2449855
             |
1.tercer_n~l |   .0434298    .243188     0.18   0.858    -.4333542    .5202139
             |
        anio#|
tercer_nivel |
     2017 1  |    .020909   .3069816     0.07   0.946     -.580946    .6227639
     2018 1  |   .0384129   .3273038     0.12   0.907     -.603285    .6801108
     2019 1  |  -.1243924   .3192008    -0.39   0.697    -.7502038     .501419
     2021 1  |  -.2834039   .3463396    -0.82   0.413    -.9624225    .3956147
     2022 1  |  -.2262544   .3243864    -0.70   0.486    -.8622325    .4097238
             |
       _cons |   4.867659   .1866997    26.07   0.000     4.501623    5.233694
------------------------------------------------------------------------------

. reg pos_delta_pctl ib2021.anio##i.tercer_nivel, vce(cluster id_bal)

Linear regression                               Number of obs     =     20,099
                                                F(11, 3999)       =       7.36
                                                Prob > F          =     0.0000
                                                R-squared         =     0.0041
                                                Root MSE          =     6.1625

                             (Std. Err. adjusted for 4,000 clusters in id_bal)
------------------------------------------------------------------------------
             |               Robust
pos_delta~tl |      Coef.   Std. Err.      t    P>|t|     [95% Conf. Interval]
-------------+----------------------------------------------------------------
        anio |
       2017  |  -.9802751   .2386579    -4.11   0.000    -1.448177   -.5123726
       2018  |  -.9460722    .254933    -3.71   0.000    -1.445883   -.4462613
       2019  |  -.9439281   .2497722    -3.78   0.000    -1.433621   -.4542353
       2020  |  -.1084769    .269127    -0.40   0.687    -.6361158     .419162
       2022  |  -.8454582   .2553133    -3.31   0.001    -1.346015   -.3449019
             |
1.tercer_n~l |  -.2399741   .2472116    -0.97   0.332    -.7246467    .2446985
             |
        anio#|
tercer_nivel |
     2017 1  |   .3043129   .3142408     0.97   0.333    -.3117743       .9204
     2018 1  |   .3218168   .3309252     0.97   0.331    -.3269811    .9706146
     2019 1  |   .1590115   .3213576     0.49   0.621    -.4710285    .7890515
     2020 1  |   .2834039   .3463396     0.82   0.413    -.3956147    .9624225
     2022 1  |   .0571496   .3264745     0.18   0.861    -.5829224    .6972216
             |
       _cons |   4.976135   .1938193    25.67   0.000     4.596142    5.356129
------------------------------------------------------------------------------

. reg pos_delta_pctl ib2022.anio##i.tercer_nivel, vce(cluster id_bal)

Linear regression                               Number of obs     =     20,099
                                                F(11, 3999)       =       7.36
                                                Prob > F          =     0.0000
                                                R-squared         =     0.0041
                                                Root MSE          =     6.1625

                             (Std. Err. adjusted for 4,000 clusters in id_bal)
------------------------------------------------------------------------------
             |               Robust
pos_delta~tl |      Coef.   Std. Err.      t    P>|t|     [95% Conf. Interval]
-------------+----------------------------------------------------------------
        anio |
       2017  |  -.1348169   .2174638    -0.62   0.535    -.5611671    .2915334
       2018  |   -.100614   .2404682    -0.42   0.676    -.5720657    .3708377
       2019  |  -.0984699   .2314147    -0.43   0.670    -.5521718     .355232
       2020  |   .7369813   .2509469     2.94   0.003     .2449855    1.228977
       2021  |   .8454582   .2553133     3.31   0.001     .3449019    1.346015
             |
1.tercer_n~l |  -.1828245   .2112685    -0.87   0.387    -.5970286    .2313795
             |
        anio#|
tercer_nivel |
     2017 1  |   .2471633   .2802051     0.88   0.378     -.302195    .7965216
     2018 1  |   .2646672   .3040654     0.87   0.384    -.3314704    .8608049
     2019 1  |    .101862   .2941812     0.35   0.729    -.4748971     .678621
     2020 1  |   .2262544   .3243864     0.70   0.486    -.4097238    .8622325
     2021 1  |  -.0571496   .3264745    -0.18   0.861    -.6972216    .5829224
             |
       _cons |   4.130677   .1669804    24.74   0.000     3.803303    4.458052
------------------------------------------------------------------------------

. 
. log close
      name:  <unnamed>
       log:  /Users/vero/Documents/Observatorio GH/Observatorio-Desigualdad-Pob
> reza/SRI/Procesamiento/Codigos/impacto shocks/data/resultados/interacciones_u
> nbalanced.log
  log type:  text
 closed on:  20 Jul 2026, 18:48:39
-------------------------------------------------------------------------------
