-------------------------------------------------------------------------------
      name:  <unnamed>
       log:  /Users/vero/Documents/Observatorio GH/Observatorio-Desigualdad-Pob
> reza/SRI/Procesamiento/Codigos/impacto shocks/data/resultados/movilidad_relat
> iva_unbalanced.log
  log type:  text
 opened on:  20 Jul 2026, 18:48:31

. 
. gen q_t0 = ceil(percentil_t0/20)
(3,901 missing values generated)

. gen q_t1 = ceil(percentil_t1/20)
(3,901 missing values generated)

. replace q_t0 = 5 if q_t0>5 & !missing(q_t0)
(0 real changes made)

. replace q_t1 = 5 if q_t1>5 & !missing(q_t1)
(0 real changes made)

. di as result _n "  Matriz de transición de RANGO (quintiles) — NO pandemia:"

  Matriz de transición de RANGO (quintiles) — NO pandemia:

. tab q_t0 q_t1 if pandemic==0, row nofreq

           |                          q_t1
      q_t0 |         1          2          3          4          5 |     Total
-----------+-------------------------------------------------------+----------
         1 |     78.65      20.69       0.66       0.00       0.00 |    100.00 
         2 |     17.90      55.36      25.64       1.10       0.00 |    100.00 
         3 |      2.79      19.88      50.88      26.23       0.22 |    100.00 
         4 |      0.55       3.78      21.24      56.42      18.01 |    100.00 
         5 |      0.11       0.29       1.58      16.23      81.79 |    100.00 
-----------+-------------------------------------------------------+----------
     Total |     20.00      20.00      20.00      20.00      20.02 |    100.00 

. di as result _n "  Matriz de transición de RANGO (quintiles) — PANDEMIA:"

  Matriz de transición de RANGO (quintiles) — PANDEMIA:

. tab q_t0 q_t1 if pandemic==1, row nofreq

           |                          q_t1
      q_t0 |         1          2          3          4          5 |     Total
-----------+-------------------------------------------------------+----------
         1 |     72.52      26.08       1.39       0.00       0.00 |    100.00 
         2 |     20.26      46.33      31.01       2.40       0.00 |    100.00 
         3 |      4.56      21.33      44.67      28.36       1.08 |    100.00 
         4 |      2.01       5.41      20.57      51.66      20.34 |    100.00 
         5 |      0.62       0.85       2.40      17.54      78.59 |    100.00 
-----------+-------------------------------------------------------+----------
     Total |     19.98      20.00      20.01      20.00      20.01 |    100.00 

. 
. tab q_t0 q_t1 if anio == 2018, row nofreq

           |                          q_t1
      q_t0 |         1          2          3          4          5 |     Total
-----------+-------------------------------------------------------+----------
         1 |     77.95      20.81       1.24       0.00       0.00 |    100.00 
         2 |     17.24      56.06      25.31       1.40       0.00 |    100.00 
         3 |      4.35      18.32      52.33      25.00       0.00 |    100.00 
         4 |      0.47       4.66      19.88      56.37      18.63 |    100.00 
         5 |      0.00       0.16       1.24      17.21      81.40 |    100.00 
-----------+-------------------------------------------------------+----------
     Total |     19.99      19.99      19.99      19.99      20.02 |    100.00 

. tab q_t0 q_t1 if anio == 2019, row nofreq

           |                          q_t1
      q_t0 |         1          2          3          4          5 |     Total
-----------+-------------------------------------------------------+----------
         1 |     78.75      20.78       0.47       0.00       0.00 |    100.00 
         2 |     17.50      55.62      26.56       0.31       0.00 |    100.00 
         3 |      3.12      20.31      49.84      26.41       0.31 |    100.00 
         4 |      0.62       2.81      21.72      55.78      19.06 |    100.00 
         5 |      0.00       0.47       1.40      17.47      80.66 |    100.00 
-----------+-------------------------------------------------------+----------
     Total |     19.99      19.99      19.99      19.99      20.02 |    100.00 

. tab q_t0 q_t1 if anio == 2020, row nofreq

           |                          q_t1
      q_t0 |         1          2          3          4          5 |     Total
-----------+-------------------------------------------------------+----------
         1 |     70.59      27.55       1.86       0.00       0.00 |    100.00 
         2 |     20.71      43.59      33.23       2.47       0.00 |    100.00 
         3 |      5.41      22.41      43.28      28.13       0.77 |    100.00 
         4 |      2.63       5.87      19.63      52.40      19.47 |    100.00 
         5 |      0.62       0.62       2.01      17.00      79.75 |    100.00 
-----------+-------------------------------------------------------+----------
     Total |     19.98      20.01      20.01      20.01      20.01 |    100.00 

. tab q_t0 q_t1 if anio == 2021, row nofreq

           |                          q_t1
      q_t0 |         1          2          3          4          5 |     Total
-----------+-------------------------------------------------------+----------
         1 |     74.46      24.61       0.93       0.00       0.00 |    100.00 
         2 |     19.81      49.07      28.79       2.32       0.00 |    100.00 
         3 |      3.71      20.25      46.06      28.59       1.39 |    100.00 
         4 |      1.39       4.95      21.52      50.93      21.21 |    100.00 
         5 |      0.62       1.08       2.78      18.08      77.43 |    100.00 
-----------+-------------------------------------------------------+----------
     Total |     19.99      19.99      20.02      19.99      20.02 |    100.00 

. tab q_t0 q_t1 if anio == 2022, row nofreq

           |                          q_t1
      q_t0 |         1          2          3          4          5 |     Total
-----------+-------------------------------------------------------+----------
         1 |     76.95      22.43       0.62       0.00       0.00 |    100.00 
         2 |     20.09      54.21      24.77       0.93       0.00 |    100.00 
         3 |      2.02      19.78      51.40      26.64       0.16 |    100.00 
         4 |      0.78       3.12      21.50      57.32      17.29 |    100.00 
         5 |      0.16       0.47       1.71      15.09      82.58 |    100.00 
-----------+-------------------------------------------------------+----------
     Total |     19.99      19.99      19.99      19.99      20.02 |    100.00 

. 
. ******* Absoluto ******
. tabstat abs_delta_pctl stay_top stay_bottom, by(pandemic) stat(mean sd n) for
> mat(%9.4f)

Summary statistics: mean, sd, N
  by categories of: pandemic (Transición durante la pandemia (2020-2021))

pandemic |  abs_d~tl  stay_top  stay_b~m
---------+------------------------------
       0 |    8.0584    0.1722    0.1573
         |    7.5808    0.3776    0.3641
         |  1.36e+04  1.36e+04  1.36e+04
---------+------------------------------
       1 |    9.7266    0.1667    0.1449
         |    9.3647    0.3728    0.3520
         | 6466.0000 6466.0000 6466.0000
---------+------------------------------
   Total |    8.5951    0.1705    0.1533
         |    8.2339    0.3760    0.3603
         |  2.01e+04  2.01e+04  2.01e+04
----------------------------------------

. 
. reg abs_delta_pctl pandemic, vce(cluster id_bal)

Linear regression                               Number of obs     =     20,099
                                                F(1, 3999)        =     163.19
                                                Prob > F          =     0.0000
                                                R-squared         =     0.0090
                                                Root MSE          =     8.1971

                             (Std. Err. adjusted for 4,000 clusters in id_bal)
------------------------------------------------------------------------------
             |               Robust
abs_delta~tl |      Coef.   Std. Err.      t    P>|t|     [95% Conf. Interval]
-------------+----------------------------------------------------------------
    pandemic |   1.668182    .130585    12.77   0.000     1.412163    1.924201
       _cons |   8.058388   .0705029   114.30   0.000     7.920163    8.196613
------------------------------------------------------------------------------

. estimates store b_abs1

. reg abs_delta_decil pandemic, vce(cluster id_bal)   // * FIX: provee b_abs2 p
> ara la tabla resumen

Linear regression                               Number of obs     =     20,099
                                                F(1, 3999)        =     139.49
                                                Prob > F          =     0.0000
                                                R-squared         =     0.0075
                                                Root MSE          =     .91315

                             (Std. Err. adjusted for 4,000 clusters in id_bal)
------------------------------------------------------------------------------
             |               Robust
abs_delta~il |      Coef.   Std. Err.      t    P>|t|     [95% Conf. Interval]
-------------+----------------------------------------------------------------
    pandemic |   .1697471   .0143722    11.81   0.000     .1415695    .1979247
       _cons |   .7891146   .0079543    99.21   0.000     .7735197    .8047096
------------------------------------------------------------------------------

. estimates store b_abs2

. reg abs_delta_pctl ib2018.anio, vce(cluster id_bal)

Linear regression                               Number of obs     =     20,099
                                                F(5, 3999)        =      33.03
                                                Prob > F          =     0.0000
                                                R-squared         =     0.0090
                                                Root MSE          =     8.1977

                             (Std. Err. adjusted for 4,000 clusters in id_bal)
------------------------------------------------------------------------------
             |               Robust
abs_delta~tl |      Coef.   Std. Err.      t    P>|t|     [95% Conf. Interval]
-------------+----------------------------------------------------------------
        anio |
       2017  |  -.0935778    .176383    -0.53   0.596    -.4393868    .2522312
       2019  |  -.1926924   .1824677    -1.06   0.291    -.5504309    .1650461
       2020  |   1.628301   .2114443     7.70   0.000     1.213752     2.04285
       2021  |   1.505645   .2077813     7.25   0.000     1.098278    1.913012
       2022  |  -.1209605   .1859389    -0.65   0.515    -.4855044    .2435834
             |
       _cons |   8.159578   .1364215    59.81   0.000     7.892116     8.42704
------------------------------------------------------------------------------

. reg stay_top pandemic, vce(cluster id_bal)

Linear regression                               Number of obs     =     20,099
                                                F(1, 3999)        =       1.49
                                                Prob > F          =     0.2219
                                                R-squared         =     0.0000
                                                Root MSE          =     .37604

                             (Std. Err. adjusted for 4,000 clusters in id_bal)
------------------------------------------------------------------------------
             |               Robust
    stay_top |      Coef.   Std. Err.      t    P>|t|     [95% Conf. Interval]
-------------+----------------------------------------------------------------
    pandemic |  -.0055109   .0045114    -1.22   0.222    -.0143557    .0033339
       _cons |   .1722291   .0047735    36.08   0.000     .1628704    .1815879
------------------------------------------------------------------------------

. estimates store b_stop

. reg stay_bottom pandemic, vce(cluster id_bal)

Linear regression                               Number of obs     =     20,099
                                                F(1, 3999)        =       8.33
                                                Prob > F          =     0.0039
                                                R-squared         =     0.0003
                                                Root MSE          =     .36024

                             (Std. Err. adjusted for 4,000 clusters in id_bal)
------------------------------------------------------------------------------
             |               Robust
 stay_bottom |      Coef.   Std. Err.      t    P>|t|     [95% Conf. Interval]
-------------+----------------------------------------------------------------
    pandemic |  -.0123536   .0042809    -2.89   0.004    -.0207466   -.0039606
       _cons |   .1572655    .004569    34.42   0.000     .1483077    .1662232
------------------------------------------------------------------------------

. estimates store b_sbot

. 
. ***** Solo cambios positivos *****
. tabstat pos_delta_pctl, by(pandemic)

Summary for variables: pos_delta_pctl
     by categories of: pandemic (Transición durante la pandemia (2020-2021))

pandemic |      mean
---------+----------
       0 |  4.029194
       1 |  4.863285
---------+----------
   Total |  4.297527
--------------------

. tabstat pos_delta_pctl, by(anio)

Summary for variables: pos_delta_pctl
     by categories of: anio 

    anio |      mean
---------+----------
    2017 |     4.033
    2018 |  4.079789
    2019 |  3.983443
    2020 |  4.893939
    2021 |  4.832611
    2022 |  4.019309
---------+----------
   Total |  4.297527
--------------------

. tabstat pos_delta_decil, by(anio)

Summary for variables: pos_delta_decil
     by categories of: anio 

    anio |      mean
---------+----------
    2017 |      .395
    2018 |  .3983235
    2019 |  .3886286
    2020 |  .4848485
    2021 |  .4740099
    2022 |  .3961383
---------+----------
   Total |  .4218618
--------------------

. 
. * Decil
. reg abs_delta_decil pandemic, vce(cluster id_bal)

Linear regression                               Number of obs     =     20,099
                                                F(1, 3999)        =     139.49
                                                Prob > F          =     0.0000
                                                R-squared         =     0.0075
                                                Root MSE          =     .91315

                             (Std. Err. adjusted for 4,000 clusters in id_bal)
------------------------------------------------------------------------------
             |               Robust
abs_delta~il |      Coef.   Std. Err.      t    P>|t|     [95% Conf. Interval]
-------------+----------------------------------------------------------------
    pandemic |   .1697471   .0143722    11.81   0.000     .1415695    .1979247
       _cons |   .7891146   .0079543    99.21   0.000     .7735197    .8047096
------------------------------------------------------------------------------

. reg pos_delta_decil pandemic, vce(cluster id_bal)

Linear regression                               Number of obs     =     20,099
                                                F(1, 3999)        =      65.94
                                                Prob > F          =     0.0000
                                                R-squared         =     0.0034
                                                Root MSE          =      .6794

                             (Std. Err. adjusted for 4,000 clusters in id_bal)
------------------------------------------------------------------------------
             |               Robust
pos_delta~il |      Coef.   Std. Err.      t    P>|t|     [95% Conf. Interval]
-------------+----------------------------------------------------------------
    pandemic |   .0848735   .0104516     8.12   0.000     .0643826    .1053644
       _cons |   .3945573   .0059336    66.49   0.000     .3829241    .4061906
------------------------------------------------------------------------------

. reg abs_delta_decil ib2018.anio, vce(cluster id_bal)

Linear regression                               Number of obs     =     20,099
                                                F(5, 3999)        =      28.28
                                                Prob > F          =     0.0000
                                                R-squared         =     0.0076
                                                Root MSE          =      .9132

                             (Std. Err. adjusted for 4,000 clusters in id_bal)
------------------------------------------------------------------------------
             |               Robust
abs_delta~il |      Coef.   Std. Err.      t    P>|t|     [95% Conf. Interval]
-------------+----------------------------------------------------------------
        anio |
       2017  |   -.006647   .0199575    -0.33   0.739    -.0457749    .0324808
       2019  |  -.0193899   .0205822    -0.94   0.346    -.0597426    .0209628
       2020  |     .17305   .0231293     7.48   0.000     .1277036    .2183964
       2021  |   .1513728   .0231305     6.54   0.000     .1060241    .1967215
       2022  |  -.0043705   .0208895    -0.21   0.834    -.0453254    .0365845
             |
       _cons |    .796647   .0153326    51.96   0.000     .7665865    .8267075
------------------------------------------------------------------------------

. reg pos_delta_decil ib2018.anio, vce(cluster id_bal)

Linear regression                               Number of obs     =     20,099
                                                F(5, 3999)        =      13.41
                                                Prob > F          =     0.0000
                                                R-squared         =     0.0034
                                                Root MSE          =     .67945

                             (Std. Err. adjusted for 4,000 clusters in id_bal)
------------------------------------------------------------------------------
             |               Robust
pos_delta~il |      Coef.   Std. Err.      t    P>|t|     [95% Conf. Interval]
-------------+----------------------------------------------------------------
        anio |
       2017  |  -.0033235   .0150398    -0.22   0.825    -.0328099    .0261629
       2019  |  -.0096949   .0158951    -0.61   0.542    -.0408582    .0214683
       2020  |    .086525   .0170055     5.09   0.000     .0531847    .1198653
       2021  |   .0756864   .0172636     4.38   0.000     .0418401    .1095327
       2022  |  -.0021852   .0158667    -0.14   0.890    -.0332929    .0289224
             |
       _cons |   .3983235   .0117594    33.87   0.000     .3752685    .4213785
------------------------------------------------------------------------------

. 
. * Percentil
. reg abs_delta_pctl pandemic, vce(cluster id_bal)

Linear regression                               Number of obs     =     20,099
                                                F(1, 3999)        =     163.19
                                                Prob > F          =     0.0000
                                                R-squared         =     0.0090
                                                Root MSE          =     8.1971

                             (Std. Err. adjusted for 4,000 clusters in id_bal)
------------------------------------------------------------------------------
             |               Robust
abs_delta~tl |      Coef.   Std. Err.      t    P>|t|     [95% Conf. Interval]
-------------+----------------------------------------------------------------
    pandemic |   1.668182    .130585    12.77   0.000     1.412163    1.924201
       _cons |   8.058388   .0705029   114.30   0.000     7.920163    8.196613
------------------------------------------------------------------------------

. reg pos_delta_pctl pandemic, vce(cluster id_bal)

Linear regression                               Number of obs     =     20,099
                                                F(1, 3999)        =      76.99
                                                Prob > F          =     0.0000
                                                R-squared         =     0.0040
                                                Root MSE          =     6.1614

                             (Std. Err. adjusted for 4,000 clusters in id_bal)
------------------------------------------------------------------------------
             |               Robust
pos_delta~tl |      Coef.   Std. Err.      t    P>|t|     [95% Conf. Interval]
-------------+----------------------------------------------------------------
    pandemic |    .834091   .0950626     8.77   0.000     .6477153    1.020467
       _cons |   4.029194   .0533962    75.46   0.000     3.924508     4.13388
------------------------------------------------------------------------------

. reg abs_delta_pctl ib2018.anio, vce(cluster id_bal)

Linear regression                               Number of obs     =     20,099
                                                F(5, 3999)        =      33.03
                                                Prob > F          =     0.0000
                                                R-squared         =     0.0090
                                                Root MSE          =     8.1977

                             (Std. Err. adjusted for 4,000 clusters in id_bal)
------------------------------------------------------------------------------
             |               Robust
abs_delta~tl |      Coef.   Std. Err.      t    P>|t|     [95% Conf. Interval]
-------------+----------------------------------------------------------------
        anio |
       2017  |  -.0935778    .176383    -0.53   0.596    -.4393868    .2522312
       2019  |  -.1926924   .1824677    -1.06   0.291    -.5504309    .1650461
       2020  |   1.628301   .2114443     7.70   0.000     1.213752     2.04285
       2021  |   1.505645   .2077813     7.25   0.000     1.098278    1.913012
       2022  |  -.1209605   .1859389    -0.65   0.515    -.4855044    .2435834
             |
       _cons |   8.159578   .1364215    59.81   0.000     7.892116     8.42704
------------------------------------------------------------------------------

. reg pos_delta_pctl ib2018.anio, vce(cluster id_bal)

Linear regression                               Number of obs     =     20,099
                                                F(5, 3999)        =      15.61
                                                Prob > F          =     0.0000
                                                R-squared         =     0.0040
                                                Root MSE          =      6.162

                             (Std. Err. adjusted for 4,000 clusters in id_bal)
------------------------------------------------------------------------------
             |               Robust
pos_delta~tl |      Coef.   Std. Err.      t    P>|t|     [95% Conf. Interval]
-------------+----------------------------------------------------------------
        anio |
       2017  |  -.0467889   .1354026    -0.35   0.730    -.3122534    .2186756
       2019  |  -.0963462   .1432504    -0.67   0.501    -.3771969    .1845045
       2020  |   .8141505   .1557221     5.23   0.000     .5088484    1.119453
       2021  |   .7528225   .1568801     4.80   0.000     .4452501    1.060395
       2022  |  -.0604803   .1442667    -0.42   0.675    -.3433234    .2223629
             |
       _cons |   4.079789   .1063737    38.35   0.000     3.871237    4.288341
------------------------------------------------------------------------------

. reg pos_delta_pctl ib2019.anio, vce(cluster id_bal)

Linear regression                               Number of obs     =     20,099
                                                F(5, 3999)        =      15.61
                                                Prob > F          =     0.0000
                                                R-squared         =     0.0040
                                                Root MSE          =      6.162

                             (Std. Err. adjusted for 4,000 clusters in id_bal)
------------------------------------------------------------------------------
             |               Robust
pos_delta~tl |      Coef.   Std. Err.      t    P>|t|     [95% Conf. Interval]
-------------+----------------------------------------------------------------
        anio |
       2017  |   .0495573   .1310617     0.38   0.705    -.2073966    .3065112
       2018  |   .0963462   .1432504     0.67   0.501    -.1845045    .3771969
       2020  |   .9104967   .1525021     5.97   0.000     .6115076    1.209486
       2021  |   .8491687   .1526482     5.56   0.000     .5498931    1.148444
       2022  |    .035866   .1427428     0.25   0.802    -.2439894    .3157213
             |
       _cons |   3.983443   .0998296    39.90   0.000     3.787721    4.179164
------------------------------------------------------------------------------

. reg pos_delta_pctl ib2020.anio, vce(cluster id_bal)

Linear regression                               Number of obs     =     20,099
                                                F(5, 3999)        =      15.61
                                                Prob > F          =     0.0000
                                                R-squared         =     0.0040
                                                Root MSE          =      6.162

                             (Std. Err. adjusted for 4,000 clusters in id_bal)
------------------------------------------------------------------------------
             |               Robust
pos_delta~tl |      Coef.   Std. Err.      t    P>|t|     [95% Conf. Interval]
-------------+----------------------------------------------------------------
        anio |
       2017  |  -.8609394   .1461481    -5.89   0.000    -1.147471   -.5744076
       2018  |  -.8141505   .1557221    -5.23   0.000    -1.119453   -.5088484
       2019  |  -.9104967   .1525021    -5.97   0.000    -1.209486   -.6115076
       2021  |   -.061328   .1656895    -0.37   0.711    -.3861719    .2635158
       2022  |  -.8746308   .1522569    -5.74   0.000    -1.173139   -.5761225
             |
       _cons |   4.893939    .119679    40.89   0.000     4.659302    5.128577
------------------------------------------------------------------------------

. reg pos_delta_pctl ib2021.anio, vce(cluster id_bal)

Linear regression                               Number of obs     =     20,099
                                                F(5, 3999)        =      15.61
                                                Prob > F          =     0.0000
                                                R-squared         =     0.0040
                                                Root MSE          =      6.162

                             (Std. Err. adjusted for 4,000 clusters in id_bal)
------------------------------------------------------------------------------
             |               Robust
pos_delta~tl |      Coef.   Std. Err.      t    P>|t|     [95% Conf. Interval]
-------------+----------------------------------------------------------------
        anio |
       2017  |  -.7996114    .145633    -5.49   0.000    -1.085133   -.5140895
       2018  |  -.7528225   .1568801    -4.80   0.000    -1.060395   -.4452501
       2019  |  -.8491687   .1526482    -5.56   0.000    -1.148444   -.5498931
       2020  |    .061328   .1656895     0.37   0.711    -.2635158    .3861719
       2022  |  -.8133028   .1538385    -5.29   0.000    -1.114912   -.5116935
             |
       _cons |   4.832611     .12038    40.14   0.000       4.5966    5.068623
------------------------------------------------------------------------------

. reg pos_delta_pctl ib2022.anio, vce(cluster id_bal)

Linear regression                               Number of obs     =     20,099
                                                F(5, 3999)        =      15.61
                                                Prob > F          =     0.0000
                                                R-squared         =     0.0040
                                                Root MSE          =      6.162

                             (Std. Err. adjusted for 4,000 clusters in id_bal)
------------------------------------------------------------------------------
             |               Robust
pos_delta~tl |      Coef.   Std. Err.      t    P>|t|     [95% Conf. Interval]
-------------+----------------------------------------------------------------
        anio |
       2017  |   .0136914   .1328738     0.10   0.918    -.2468154    .2741982
       2018  |   .0604803   .1442667     0.42   0.675    -.2223629    .3433234
       2019  |   -.035866   .1427428    -0.25   0.802    -.3157213    .2439894
       2020  |   .8746308   .1522569     5.74   0.000     .5761225    1.173139
       2021  |   .8133028   .1538385     5.29   0.000     .5116935    1.114912
             |
       _cons |   4.019309   .1023465    39.27   0.000     3.818652    4.219965
------------------------------------------------------------------------------

. 
. log close
      name:  <unnamed>
       log:  /Users/vero/Documents/Observatorio GH/Observatorio-Desigualdad-Pob
> reza/SRI/Procesamiento/Codigos/impacto shocks/data/resultados/movilidad_relat
> iva_unbalanced.log
  log type:  text
 closed on:  20 Jul 2026, 18:48:33
-------------------------------------------------------------------------------
