
  ___  ____  ____  ____  ____ ®
 /__    /   ____/   /   ____/      StataNow 19.5
___/   /   /___/   /   /___/       SE—Standard Edition

 Statistics and Data Science       Copyright 1985-2025 StataCorp LLC
                                   StataCorp
                                   4905 Lakeway Drive
                                   College Station, Texas 77845 USA
                                   800-782-8272        https://www.stata.com
                                   979-696-4600        service@stata.com

Stata license: Unlimited-user network, expiring 15 Aug 2028
Serial number: 401909300808
  Licensed to: Santiago Valdivieso
               MIT

Notes:
      1. Stata is running in batch mode.
      2. Unicode is supported; see help unicode_advice.
      3. Maximum number of variables is set to 5,000 but can be increased;
          see help set_maxvar.

. do make_cedulados_fake.do 

. *****************************************************************************
> ***
. *  make_cedulados_fake.do
. *  --------------------------------------------------------------------------
> -
. *  Synthetic replica of
. *      Bases/Bases INEC/Cedulados/dta/cedulados_full.dta
. *  built from the statistical specification in
. *      G:/Mi unidad/Trabajos/Predoc/data/descriptives/cedulados_full.yaml
. *      (23 variables, n_original = 21,757,803)
. *
. *  WHY THIS IS NOT A PLAIN MARGINAL DRAW
. *  -------------------------------------
. *  cedulados is a *relational* file: cod_inec_ci_padre, cod_inec_ci_madre and
. *  cod_inec_ci_conyugue point at other rows of the same file.  Drawing those
. *  three columns independently from their yaml marginals - which is all the
. *  yaml by itself supports - produces a file in which not one single family c
> an
. *  be reconstructed: every "father" id is a random number that either matches
. *  nobody or matches somebody younger than the child.
. *
. *  So the backbone here is a genealogy simulated FORWARD in time (assortative
. *  mating, age-specific fertility, serial unions, six generations), and the
. *  yaml marginals are then imposed ON TOP of it:
. *    - the link columns are CENSORED (0 = "no relative on file") until the
. *      share of zeros and of missings matches the yaml;
. *    - the non-relational columns are drawn to the yaml's categorical
. *      probabilities / quantiles.
. *  The result satisfies the yaml AND is internally consistent, so
. *  build_familias.do has something real to recover.
. *
. *  PATHOLOGIES DELIBERATELY BUILT IN (each one exercises a code path in
. *  build_familias.do; every one of them exists in the real file)
. *  --------------------------------------------------------------------------
> -
. *   P01  35% of father links and 32% of mother links are 0 ("not on file")
. *   P02  6.7% / 7.0% / 8.5% of padre / madre / conyugue links are MISSING (.)
. *   P03  dangling links: ~1.2% of parent ids match no row of the file
. *   P04  self-parenthood: rows with cod_inec_ci_padre == cod_inec_ci_actual
. *   P05  age-impossible parents: parent younger than, or <12y older than, chi
> ld
. *   P06  sex-inconsistent links: "father" flagged female, "mother" flagged ma
> le
. *   P07  non-reciprocal spouse links (A -> B but B -> C or B -> 0)
. *   P08  self-spouse
. *   P09  same-sex spouse pairs
. *   P10  one person listed as spouse by several people
. *   P11  two-cycles: A is parent of B and B is parent of A
. *   P12  anomalous ids in the 8.8e9 range (the yaml max), incl. as parent ids
. *   P13  parents with children by more than one partner (serial unions)
. *   P14  yob outliers down to 1800 -> age2023 up to 223
. *   P15  dates out of order: dod < dob, dom < dob, drb < dob
. *   P16  censored middle generations: grandparent link survives, parent link 
> 0
. *   P17  a large block of the population with no ancestry at all on file, i.e
> .
. *        2-3 generation families with no grandparents anywhere
. *
. *  OUTPUT
. *  ------
. *   $ced/cedulados_full.dta       23 variables, yaml order, yaml labels/forma
> ts
. *   $ced/_cedulados_truth.dta     simulated ground truth (NOT part of the
. *                                 synthetic base; validate_familias.do only)
. *****************************************************************************
> ***
. 
. clear all

. set more off

. set seed 20260903

. set type double

. 
. global fake "G:/Mi unidad/Trabajos/Predoc/data/fake_data"

. global ced  "$fake/Bases/Bases INEC/Cedulados/dta"

. global tmp  "$fake/Bases/bases_temp"

. 
. cap mkdir "$fake/Bases"

. cap mkdir "$fake/Bases/Bases INEC"

. cap mkdir "$fake/Bases/Bases INEC/Cedulados"

. cap mkdir "$ced"

. cap mkdir "$tmp"

. 
. timer clear 1

. timer on 1

. 
. *****************************************************************************
> ***
. * 1. GENEALOGICAL BACKBONE
. *****************************************************************************
> ***
. * Two blocks.
. *   block 1 - deep ancestry: 9,000 founders born 1878-1912, five rounds of
. *             reproduction -> six generations.  This is what makes
. *             grandparents, great-grandparents, cousins and dynasties exist.
. *   block 2 - shallow ancestry (pathology P17): 40,000 founders born 1955-199
> 2,
. *             two rounds -> three generations, no older ancestry anywhere on
. *             file.  This is the mass of the real registry: people whose
. *             parents never held a cedula.  It also pulls the yob distributio
> n
. *             towards the young shape the yaml shows.
. 
. *--- empty accumulators -----------------------------------------------------
> ---
. clear

. set obs 1
Number of observations (_N) was 0, now 1.

. gen long pid            = .
(1 missing value generated)

. gen byte blk            = .
(1 missing value generated)

. gen byte gen_true       = .
(1 missing value generated)

. gen int  yob            = .
(1 missing value generated)

. gen byte female         = .
(1 missing value generated)

. gen long pid_padre_true = .
(1 missing value generated)

. gen long pid_madre_true = .
(1 missing value generated)

. gen long union_nac_true = .
(1 missing value generated)

. drop in 1
(1 observation deleted)

. save "$tmp/_pop.dta", replace
(dataset contains 0 observations)
file G:/Mi unidad/Trabajos/Predoc/data/fake_data/Bases/bases_temp/_pop.dta
    saved

. 
. clear

. set obs 1
Number of observations (_N) was 0, now 1.

. gen long union_id = .
(1 missing value generated)

. gen long pid_h    = .
(1 missing value generated)

. gen long pid_w    = .
(1 missing value generated)

. gen byte tipo     = .
(1 missing value generated)

. gen byte gen_true = .
(1 missing value generated)

. gen byte blk      = .
(1 missing value generated)

. drop in 1
(1 observation deleted)

. save "$tmp/_unions.dta", replace
(dataset contains 0 observations)
file G:/Mi unidad/Trabajos/Predoc/data/fake_data/Bases/bases_temp/_unions.dta
    saved

. 
. local nextpid   = 0

. local nextunion = 0

. 
. forvalues b = 1/2 {
  2. 
.     if `b' == 1 {
  3.         local nfound 6000
  4.         local lo     1888
  5.         local hi     1920
  6.         local rounds 5
  7.         local fert  "5.0  4.6  4.0  3.2  2.4"
  8.         local crate "0.85 0.82 0.80 0.76 0.62"
  9.         local chldl "0.05 0.06 0.07 0.09 0.14"
 10.     }
 11.     else {
 12.         local nfound 78000
 13.         local lo     1958
 14.         local hi     1995
 15.         local rounds 2
 16.         local fert  "2.4  1.6"
 17.         local crate "0.80 0.50"
 18.         local chldl "0.10 0.20"
 19.     }
 20. 
.     *---------------------------- founders ----------------------------------
> ---
.     clear
 21.     qui set obs `nfound'
 22.     gen long pid = `nextpid' + _n
 23.     local nextpid = `nextpid' + _N
 24.     gen byte blk      = `b'
 25.     gen byte gen_true = 0
 26.     gen int  yob      = `lo' + int(runiform()*(`hi' - `lo' + 1))
 27.     * P14: a thin tail of implausibly old records (the yaml min yob is 180
> 0)
.     if `b' == 1 qui replace yob = 1800 + int(runiform()*88) if runiform() < 0
> .004
 28.     gen byte female = runiform() < 0.502
 29.     gen long pid_padre_true = .
 30.     gen long pid_madre_true = .
 31.     gen long union_nac_true = .
 32.     append using "$tmp/_pop.dta"
 33.     save "$tmp/_pop.dta", replace
 34. 
.     *---------------------------- reproduction rounds -----------------------
> ---
.     local lastround = `rounds' - 1
 35.     forvalues t = 0/`lastround' {
 36. 
.         local j  = `t' + 1
 37.         local fe : word `j' of `fert'
 38.         local cr : word `j' of `crate'
 39.         local cl : word `j' of `chldl'
 40.         local tn = `t' + 1
 41. 
.         di as txt _n "-- block `b': generation `t' -> `tn'   (fertility `fe',
>  couple rate `cr')"
 42. 
.         use "$tmp/_pop.dta", clear
 43.         qui keep if blk == `b' & gen_true == `t'
 44.         qui count
 45.         if r(N) < 50 continue
 46.         keep pid yob female
 47. 
.         * assortative mating: rank men and women on yob plus noise and pair b
> y
.         * rank, so spousal age gaps are small but not zero
.         gen double sk = yob + rnormal(0, 3)
 48.         qui save "$tmp/_gen.dta", replace
 49. 
.         qui keep if female == 0
 50.         sort sk pid
 51.         gen long k = _n
 52.         rename pid pid_h
 53.         rename yob yob_h
 54.         keep pid_h yob_h k
 55.         qui save "$tmp/_m.dta", replace
 56. 
.         use "$tmp/_gen.dta", clear
 57.         qui keep if female == 1
 58.         sort sk pid
 59.         gen long k = _n
 60.         rename pid pid_w
 61.         rename yob yob_w
 62.         keep pid_w yob_w k
 63.         qui merge 1:1 k using "$tmp/_m.dta", keep(match) nogen
 64.         drop k
 65.         qui keep if runiform() < `cr'
 66.         gen byte tipo = 1
 67.         qui save "$tmp/_u1.dta", replace
 68. 
.         * P13 - serial unions: re-pair a random 12% of the generation at rand
> om
.         * (not assortatively).  People already in a primary union who turn up
.         * here end up with children by two different partners, which is exact
> ly
.         * what makes the "primary union" rule in build_familias.do necessary.
.         use "$tmp/_gen.dta", clear
 69.         qui keep if runiform() < 0.12
 70.         gen double rr = runiform()
 71.         qui save "$tmp/_gen2.dta", replace
 72.         qui keep if female == 0
 73.         sort rr pid
 74.         gen long k = _n
 75.         rename pid pid_h
 76.         rename yob yob_h
 77.         keep pid_h yob_h k
 78.         qui save "$tmp/_m2.dta", replace
 79.         use "$tmp/_gen2.dta", clear
 80.         qui keep if female == 1
 81.         sort rr pid
 82.         gen long k = _n
 83.         rename pid pid_w
 84.         rename yob yob_w
 85.         keep pid_w yob_w k
 86.         qui merge 1:1 k using "$tmp/_m2.dta", keep(match) nogen
 87.         drop k
 88.         gen byte tipo = 2
 89. 
.         append using "$tmp/_u1.dta"
 90.         qui drop if pid_h == pid_w
 91.         gen long union_id = `nextunion' + _n
 92.         local nextunion = `nextunion' + _N
 93. 
.         * every union, fertile or not, is a couple on file
.         preserve
 94.             gen byte gen_true = `t'
 95.             gen byte blk      = `b'
 96.             keep union_id pid_h pid_w tipo gen_true blk
 97.             append using "$tmp/_unions.dta"
 98.             qui save "$tmp/_unions.dta", replace
 99.         restore
100. 
.         *------------------------- births -----------------------------------
> ---
.         gen int nk = rpoisson(`fe')
101.         qui replace nk = rpoisson(`fe'*0.45) if tipo == 2
102.         qui replace nk = 0 if runiform() < `cl'
103.         qui keep if nk > 0 & nk < .
104.         qui expand nk
105. 
.         * maternal age 17-45, children of one union spaced at least a year ap
> art
.         gen int agem = 17 + int(rgamma(4, 2.3))
106.         qui replace agem = 45 if agem > 45
107.         bysort union_id (agem): replace agem = agem[_n-1] + 1 if _n > 1 & 
> agem <= agem[_n-1]
108.         gen int yob_c = yob_w + agem
109.         qui replace yob_c = yob_h + 15 if yob_c - yob_h < 15
110.         qui drop if yob_c > 2023
111. 
.         qui count
112.         if r(N) == 0 continue
113. 
.         gen long pid = `nextpid' + _n
114.         local nextpid = `nextpid' + _N
115.         gen byte female   = runiform() < 0.502
116.         gen byte blk      = `b'
117.         gen byte gen_true = `tn'
118.         rename pid_h  pid_padre_true
119.         rename pid_w  pid_madre_true
120.         rename union_id union_nac_true
121.         rename yob_c  yob
122.         keep pid blk gen_true yob female pid_padre_true pid_madre_true uni
> on_nac_true
123.         append using "$tmp/_pop.dta"
124.         qui save "$tmp/_pop.dta", replace
125.         qui count
126.         di as res "   births kept: " %9.0fc r(N)
127.     }
128. }
(6,000 missing values generated)
(6,000 missing values generated)
(6,000 missing values generated)
file G:/Mi unidad/Trabajos/Predoc/data/fake_data/Bases/bases_temp/_pop.dta
    saved

-- block 1: generation 0 -> 1   (fertility 5.0, couple rate 0.85)
(2,576 real changes made)
   births kept:    18,656

-- block 1: generation 1 -> 2   (fertility 4.6, couple rate 0.82)
(4,264 real changes made)
   births kept:    42,158

-- block 1: generation 2 -> 3   (fertility 4.0, couple rate 0.80)
(5,832 real changes made)
   births kept:    78,839

-- block 1: generation 3 -> 4   (fertility 3.2, couple rate 0.76)
(5,211 real changes made)
   births kept:   118,636

-- block 1: generation 4 -> 5   (fertility 2.4, couple rate 0.62)
(2,434 real changes made)
   births kept:   125,732
(78,000 missing values generated)
(78,000 missing values generated)
(78,000 missing values generated)
file G:/Mi unidad/Trabajos/Predoc/data/fake_data/Bases/bases_temp/_pop.dta
    saved

-- block 2: generation 0 -> 1   (fertility 2.4, couple rate 0.80)
(6,428 real changes made)
   births kept:   273,521

-- block 2: generation 1 -> 2   (fertility 1.6, couple rate 0.50)
(1,534 real changes made)
   births kept:   282,824

. 
. use "$tmp/_pop.dta", clear

. di as txt _n "=== simulated population by block and generation ==="

=== simulated population by block and generation ===

. tab gen_true blk

           |          blk
  gen_true |         1          2 |     Total
-----------+----------------------+----------
         0 |     6,000     78,000 |    84,000 
         1 |    12,656     69,789 |    82,445 
         2 |    23,502      9,303 |    32,805 
         3 |    36,681          0 |    36,681 
         4 |    39,797          0 |    39,797 
         5 |     7,096          0 |     7,096 
-----------+----------------------+----------
     Total |   125,732    157,092 |   282,824 

. di as txt _n "yob by generation"

yob by generation

. tabstat yob, by(gen_true) stat(n mean min max) format(%9.0f)

Summary for variables: yob
Group variable: gen_true 

gen_true |         N      Mean       Min       Max
---------+----------------------------------------
       0 |     84000      1971      1806      1995
       1 |     82445      1991      1833      2023
       2 |     32805      1972      1854      2023
       3 |     36681      1980      1879      2022
       4 |     39797      2005      1901      2023
       5 |      7096      2016      1927      2023
---------+----------------------------------------
   Total |    282824      1984      1806      2023
--------------------------------------------------

. 
. 
. *****************************************************************************
> ***
. * 2. TRUE PARTNER (for cod_inec_ci_conyugue) AND CHILD COUNTS
. *****************************************************************************
> ***
. * A person can sit in several unions (P13).  The primary partner is the one
. * from the assortative (tipo==1) union; ties broken by the lowest union id.
. 
. use "$tmp/_unions.dta", clear

. qui expand 2

. bysort union_id: gen byte side = _n

. gen long pid     = cond(side == 1, pid_h, pid_w)

. gen long pid_par = cond(side == 1, pid_w, pid_h)

. keep pid pid_par tipo union_id

. bysort pid: gen byte n_uniones_true = _N

. bysort pid (tipo union_id): keep if _n == 1
(21,527 observations deleted)

. rename pid_par pid_conyuge_true

. keep pid pid_conyuge_true n_uniones_true

. qui save "$tmp/_partner.dta", replace

. 
. use "$tmp/_pop.dta", clear

. qui merge 1:1 pid using "$tmp/_partner.dta", nogen

. qui replace n_uniones_true = 0 if mi(n_uniones_true)

. 
. * true number of own children (used only by validate_familias.do)
. preserve

.     keep pid pid_padre_true pid_madre_true

.     qui expand 2

.     bysort pid: gen byte side = _n

.     gen long parent = cond(side == 1, pid_padre_true, pid_madre_true)
(168,000 missing values generated)

.     qui keep if !mi(parent)

.     contract parent

.     rename parent pid

.     rename _freq n_hijos_true

.     qui save "$tmp/_nhijos.dta", replace

. restore

. qui merge 1:1 pid using "$tmp/_nhijos.dta", nogen

. qui replace n_hijos_true = 0 if mi(n_hijos_true)

. 
. qui save "$tmp/_pop.dta", replace

. di as txt _n "true children per person"

true children per person

. tabstat n_hijos_true, stat(n mean p50 max) format(%9.2f)

    Variable |         N      Mean       p50       Max
-------------+----------------------------------------
n_hijos_true | 282824.00      1.41      0.00     18.00
------------------------------------------------------

. count if n_uniones_true > 1
  21,527

. di as res "people with more than one union (P13): " r(N)
people with more than one union (P13): 21527

. 
. 
. *****************************************************************************
> ***
. * 3. CEDULA IDS
. *****************************************************************************
> ***
. * In the real file cod_inec_ci_actual is a numeric surrogate key, not a real
. * cedula: 21.8m unique values packed into [1.0000633e9, 1.032e9] with a handf
> ul
. * of anomalies at 8.8e9.  Reproduced by inverting the yaml quantile function 
> on
. * a rank grid (so ids are unique by construction) and then permuting the
. * assignment, so that the id carries NO information about generation or age -
. * build_familias.do must not be able to lean on id ordering.
. 
. use "$tmp/_pop.dta", clear

. qui count

. local NP = r(N)

. di as res "population: " %12.0fc `NP'
population:      282,824

. 
. gen double rr = runiform()

. sort rr pid

. drop rr

. gen long row = _n

. 
. qui gen double pp = (_n - 0.5)/_N

. gen double cedula = .
(282,824 missing values generated)

. local ps "0     .01        .05        .25        .50        .75        .95   
>      .99        1"

. local qs "1000063300 1010217400 1011087700 1015587900 1021132600 1026708900 1
> 031117200 1031992500 1032100000"

. forvalues s = 1/8 {
  2.     local s2 = `s' + 1
  3.     local p1 : word `s'  of `ps'
  4.     local p2 : word `s2' of `ps'
  5.     local q1 : word `s'  of `qs'
  6.     local q2 : word `s2' of `qs'
  7.     qui replace cedula = `q1' + (`q2' - `q1')*(pp - `p1')/(`p2' - `p1') if
>  pp > `p1' & pp <= `p2'
  8. }

. qui replace cedula = 1000063300 if mi(cedula)

. qui replace cedula = round(cedula)

. 
. * P12 - anomalous ids at the top of the range (yaml max 8.800069e9)
. qui replace cedula = 8800044000 + row if row <= 30

. 
. qui isid cedula

. rename cedula cod_inec_ci_actual

. drop pp row

. 
. * map the genealogy from internal pid onto cedulas --------------------------
> ---
. preserve

.     keep pid cod_inec_ci_actual

.     rename pid pid_padre_true

.     rename cod_inec_ci_actual ci_padre_true

.     qui save "$tmp/_map_p.dta", replace

.     rename pid_padre_true pid_madre_true

.     rename ci_padre_true  ci_madre_true

.     qui save "$tmp/_map_m.dta", replace

.     rename pid_madre_true pid_conyuge_true

.     rename ci_madre_true  ci_conyuge_true

.     qui save "$tmp/_map_c.dta", replace

. restore

. 
. qui merge m:1 pid_padre_true   using "$tmp/_map_p.dta", keep(master match) no
> gen

. qui merge m:1 pid_madre_true   using "$tmp/_map_m.dta", keep(master match) no
> gen

. qui merge m:1 pid_conyuge_true using "$tmp/_map_c.dta", keep(master match) no
> gen

. 
. qui save "$tmp/_pop.dta", replace

. 
. 
. *****************************************************************************
> ***
. * 4. NON-RELATIONAL VARIABLES, DRAWN TO THE YAML
. *****************************************************************************
> ***
. 
. use "$tmp/_pop.dta", clear

. 
. *----------------------------------------------------------------------------
> --
. * 4.1  age2023
. *----------------------------------------------------------------------------
> --
. gen int age2023 = 2023 - yob

. 
. *----------------------------------------------------------------------------
> --
. * 4.2  female  (yaml: mean 0.490532)  -- already generated at 0.502 male shar
> e
. *----------------------------------------------------------------------------
> --
. qui replace female = runiform() < 0.4905 if runiform() < 0.02   // small resh
> uffle

. 
. *----------------------------------------------------------------------------
> --
. * 4.3  cod_condicion_cedulado  (76 categories, yaml category_probs verbatim)
. *----------------------------------------------------------------------------
> --
. local ccats  "0 1 2 3 4 5 6 7 8 9 10 11 12 13 14 15 16 17 18 19 20 21 22 23 2
> 4 25 26 27 28 29 30 31 32 33 34 35 36 38 39 40 41 42 43 44 45 46 47 48 49 50 
> 51 52 53 54 55 56 58 59 61 62 63 64 65 66 67 68 69 70 71 72 73 74 75 76 77 78
> "

. local cprobs ".5643234 .0018682 .001607 .0083145 .0011329 .2072649 .0169285 .
> 0967419 .006341 .0001201 .0001071 .0014801 .0011832 .000121 .006295 .0365206 
> .0033286 .0003776 .0005698 .0003738 .000435 .0007452 4.136447e-07 2.7576314e-
> 07 2.022263e-06 1.7510959e-05 .0002918 .0020737 1.3006828e-05 1.1903775e-05 1
> .406392e-05 1.057092e-06 9.1921046e-08 .0053852 .022457 .0005004 9.1921046e-0
> 8 .000625 .0007413 .0002247 7.1698416e-06 2.6657103e-05 .0001163 4.5960523e-0
> 8 1.3788157e-07 9.1921046e-08 3.6768418e-07 9.6517098e-07 9.1921046e-07 .0006
> 154 7.3536836e-07 2.5829814e-05 2.2980261e-07 7.647831e-05 1.6545788e-06 9.19
> 21046e-08 .0030115 1.9763025e-06 6.8940784e-07 2.0912038e-05 3.1253155e-06 2.
> 2980261e-07 6.4344732e-07 4.8258549e-06 .001614 .0004341 1.2225499e-05 2.7576
> 314e-07 .0010259 3.957201e-05 .0010396 6.3747245e-05 8.7370954e-05 6.6183153e
> -06 .0001463 .0030746"

. 
. gen double u_cc = runiform()

. gen byte cod_condicion_cedulado = .
(282,824 missing values generated)

. local ncc : word count `ccats'

. local cum = 0

. forvalues s = 1/`ncc' {
  2.     local cc : word `s' of `ccats'
  3.     local pp : word `s' of `cprobs'
  4.     local cum = `cum' + `pp'
  5.     qui replace cod_condicion_cedulado = `cc' if mi(cod_condicion_cedulado
> ) & u_cc < `cum'
  6. }

. qui replace cod_condicion_cedulado = 0 if mi(cod_condicion_cedulado)

. drop u_cc

. 
. *----------------------------------------------------------------------------
> --
. * 4.4  cod_estado_civil  (yaml category_probs) and the marriage-on-file flag
. *----------------------------------------------------------------------------
> --
. * ever-married-on-file = estado civil 2/3/4/5 = 25.78+4.43+3.33+0.29 = 33.83%
> .
. * Confined to people who reached 16, and made much more likely for people who
. * really are in a simulated union - so the spouse link and the civil status
. * agree with each other, as they do in the registry.
. gen byte elegible_mat = age2023 >= 16 & yob <= 2007

. gen double score_mat = runiform() + 0.55*(n_uniones_true > 0)

. qui sum elegible_mat, meanonly

. local share_el = r(mean)

. local need = 0.3383/`share_el'

. if `need' > 0.99 local need 0.99

. local pctcut = 100*(1 - `need')

. qui _pctile score_mat if elegible_mat, p(`pctcut')

. local cut = r(r1)

. gen byte mat_registrado = elegible_mat & score_mat > `cut'

. drop score_mat elegible_mat

. 
. gen byte cod_estado_civil = 1

. gen double u_ec = runiform()

. qui replace cod_estado_civil = 2 if mat_registrado & u_ec <  .7620

. qui replace cod_estado_civil = 3 if mat_registrado & u_ec >= .7620 & u_ec < .
> 8929

. qui replace cod_estado_civil = 4 if mat_registrado & u_ec >= .8929 & u_ec < .
> 9913

. qui replace cod_estado_civil = 5 if mat_registrado & u_ec >= .9913

. qui replace cod_estado_civil = 99 if runiform() < 1.4e-06

. drop u_ec

. 
. *----------------------------------------------------------------------------
> --
. * 4.5  cod_instruccion  (yaml category_probs, then capped by age)
. *----------------------------------------------------------------------------
> --
. local icats  "0 2 3 4 6 9 11 13 99"

. local iprobs ".2327042 .0564598 .0254833 .0494491 .2797074 .2523411 .1035531 
> .0003003 1.7464999e-06"

. gen double u_in = runiform()

. gen byte cod_instruccion = .
(282,824 missing values generated)

. local nic : word count `icats'

. local cum = 0

. forvalues s = 1/`nic' {
  2.     local cc : word `s' of `icats'
  3.     local pp : word `s' of `iprobs'
  4.     local cum = `cum' + `pp'
  5.     qui replace cod_instruccion = `cc' if mi(cod_instruccion) & u_in < `cu
> m'
  6. }

. qui replace cod_instruccion = 0 if mi(cod_instruccion)

. drop u_in

. * a five-year-old cannot hold a doctorate
. qui replace cod_instruccion = 0 if age2023 <  5  & cod_instruccion != 99

. qui replace cod_instruccion = 2 if age2023 <  10 & cod_instruccion > 2  & cod
> _instruccion != 99

. qui replace cod_instruccion = 3 if age2023 <  15 & cod_instruccion > 3  & cod
> _instruccion != 99

. qui replace cod_instruccion = 4 if age2023 <  18 & cod_instruccion > 4  & cod
> _instruccion != 99

. 
. *----------------------------------------------------------------------------
> --
. * 4.6  cod_nacionalidad / cod_nacionalidad_conyuge  (239 = Ecuador)
. *----------------------------------------------------------------------------
> --
. gen int cod_nacionalidad = 239

. qui replace cod_nacionalidad = 1 + int(runiform()*999) if runiform() < 0.045

. 
. *----------------------------------------------------------------------------
> --
. * 4.7  DPA geography: cod_lugar_nacimiento, _insc_nacimiento, cod_domicilio
. *----------------------------------------------------------------------------
> --
. * Codes are prov*10000 + canton*100 + parish, with 888888 = abroad and
. * 999999 = unknown, as in the DPA.  Province probabilities are chosen to hit
. * the yaml quantiles (25% = 80650, 50% = 110101, 75% = 170107, 95% = 230251,
. * 99% = 888888); canton counts are the real ones; parish codes use the DPA
. * convention of 01-49 urban and 50+ rural.
. * Children are born where their parents were born 70% of the time, so
. * geography is correlated within families - which is what makes it usable as
. * a family-level covariate later on.
. 
. local ncant "15 7 7 6 7 10 14 8 25 6 16 13 22 12 5 4 8 9 9 3 7 4 2 3"

. local pprob ".055 .0307 .0307 .0307 .0307 .0307 .0307 .0307 .150 .020 .080 .0
> 20 .020 .020 .020 .020 .150 .0308 .0308 .0308 .0308 .0308 .0308 .003"

. local parr  "1 2 3 6 7 50 51"

. 
. gen double u_pr = runiform()

. gen int prov = .
(282,824 missing values generated)

. local cum = 0

. forvalues s = 1/24 {
  2.     local pp : word `s' of `pprob'
  3.     local cum = `cum' + `pp'
  4.     qui replace prov = `s' if mi(prov) & u_pr < `cum'
  5. }

. qui replace prov = 9 if mi(prov)

. gen int cant = .
(282,824 missing values generated)

. forvalues s = 1/24 {
  2.     local nc : word `s' of `ncant'
  3.     qui replace cant = 1 + int(runiform()*`nc') if prov == `s'
  4. }

. local npar : word count `parr'

. gen int parr = .
(282,824 missing values generated)

. gen double u_pa = runiform()

. forvalues s = 1/`npar' {
  2.     local pv : word `s' of `parr'
  3.     qui replace parr = `pv' if mi(parr) & u_pa < `s'/`npar'
  4. }

. qui replace parr = 1 if mi(parr)

. 
. gen long cod_lugar_nacimiento = prov*10000 + cant*100 + parr

. qui replace cod_lugar_nacimiento = 888888 if u_pr >= 0.958 & u_pr < 0.994

. qui replace cod_lugar_nacimiento = 999999 if u_pr >= 0.994

. drop prov cant parr u_pr u_pa

. 
. * inherit the parents' birthplace 70% of the time
. qui save "$tmp/_pop2.dta", replace

. preserve

.     keep cod_inec_ci_actual cod_lugar_nacimiento

.     rename cod_inec_ci_actual ci_padre_true

.     rename cod_lugar_nacimiento lug_padre

.     qui save "$tmp/_lug_p.dta", replace

. restore

. qui merge m:1 ci_padre_true using "$tmp/_lug_p.dta", keep(master match) nogen

. qui replace cod_lugar_nacimiento = lug_padre if !mi(lug_padre) & lug_padre < 
> 888888 & runiform() < 0.70

. drop lug_padre

. 
. * place of birth registration: same parish 88% of the time, neighbouring
. * canton otherwise; 0.1436% missing per the yaml
. gen long cod_lugar_insc_nacimiento = cod_lugar_nacimiento

. qui replace cod_lugar_insc_nacimiento = ///
>     int(cod_lugar_nacimiento/10000)*10000 + (1 + int(runiform()*6))*100 + ///
>     cod_lugar_nacimiento - int(cod_lugar_nacimiento/100)*100 ///
>     if runiform() < 0.12 & cod_lugar_nacimiento < 888888

. qui replace cod_lugar_insc_nacimiento = 888888 if cod_lugar_nacimiento == 888
> 888 & runiform() < 0.5

. qui replace cod_lugar_insc_nacimiento = . if runiform() < 0.001436

. 
. * domicile: 60% still in the parish of birth, else Guayas/Pichincha pull
. gen long cod_domicilio = cod_lugar_nacimiento

. qui replace cod_domicilio = 90000 + (1 + int(runiform()*25))*100 + 1 + int(ru
> niform()*3) ///
>     if runiform() < 0.22

. qui replace cod_domicilio = 170000 + (1 + int(runiform()*8))*100 + 1 + int(ru
> niform()*3) ///
>     if runiform() < 0.22

. qui replace cod_domicilio = . if runiform() < 0.048797

. 
. *----------------------------------------------------------------------------
> --
. * 4.8  yod / dod  (yaml: 9.6746% of records carry a death date)
. *----------------------------------------------------------------------------
> --
. gen double pd_lat = invlogit(-6.2 + 0.075*age2023)

. gen double u_d = runiform()

. gen byte muerto = u_d < pd_lat

. * calibrate the share to the yaml exactly
. qui sum muerto, meanonly

. local cur = r(mean)

. local tgt = 1 - 0.903254

. if `cur' > `tgt' {
.     local drop = (`cur' - `tgt')/`cur'
.     qui replace muerto = 0 if muerto & runiform() < `drop'
. }

. else {
.     local add = (`tgt' - `cur')/(1 - `cur')
.     qui replace muerto = 1 if !muerto & runiform() < `add'
. }

. drop pd_lat u_d

. 
. * yod from its own yaml quantile function
. gen double pp = runiform()

. gen int yod = .
(282,824 missing values generated)

. local ps "0    .01  .05  .25  .50  .75  .95  .99  1"

. local qs "1900 1971 1981 1997 2009 2017 2022 2023 2023"

. forvalues s = 1/8 {
  2.     local s2 = `s' + 1
  3.     local p1 : word `s'  of `ps'
  4.     local p2 : word `s2' of `ps'
  5.     local q1 : word `s'  of `qs'
  6.     local q2 : word `s2' of `qs'
  7.     qui replace yod = round(`q1' + (`q2' - `q1')*(pp - `p1')/(`p2' - `p1')
> ) if pp > `p1' & pp <= `p2'
  8. }

. qui replace yod = 2009 if mi(yod)

. * a death year must follow the birth year, and cannot be in the future
. qui replace yod = yob + 1 + int(runiform()*(2024 - yob - 1)) if yod < yob & y
> ob < 2023

. qui replace yod = 2023 if yod > 2023

. qui replace yod = 2023 if yod < yob

. qui replace yod = . if !muerto

. drop pp

. 
. *----------------------------------------------------------------------------
> --
. * 4.9  yom / dom  (yaml: 28.06% of records carry a marriage date)
. *----------------------------------------------------------------------------
> --
. gen double pp = runiform()

. gen int yom = .
(282,824 missing values generated)

. local ps "0    .01  .05  .25  .50  .75  .95  .99  1"

. local qs "1900 1955 1970 1987 1999 2010 2020 2022 2023"

. forvalues s = 1/8 {
  2.     local s2 = `s' + 1
  3.     local p1 : word `s'  of `ps'
  4.     local p2 : word `s2' of `ps'
  5.     local q1 : word `s'  of `qs'
  6.     local q2 : word `s2' of `qs'
  7.     qui replace yom = round(`q1' + (`q2' - `q1')*(pp - `p1')/(`p2' - `p1')
> ) if pp > `p1' & pp <= `p2'
  8. }

. qui replace yom = 1999 if mi(yom)

. qui replace yom = yob + 18 + int(runiform()*22) if yom < yob + 16

. qui replace yom = 2023 if yom > 2023

. qui replace yom = . if yom < yob + 16

. * only 83% of the ever-married carry a date (0.3383 * 0.83 = 0.281 = yaml)
. qui replace yom = . if !mat_registrado | runiform() > 0.83

. drop pp

. 
. *----------------------------------------------------------------------------
> --
. * 4.10  the five date variables
. *----------------------------------------------------------------------------
> --
. gen int dob = mdy(1 + int(runiform()*12), 1 + int(runiform()*28), yob)

. gen int dod = mdy(1 + int(runiform()*12), 1 + int(runiform()*28), yod) if !mi
> (yod)
(255,429 missing values generated)

. qui replace dod = dob + 1 + int(runiform()*300) if !mi(dod) & dod <= dob

. gen int dom = mdy(1 + int(runiform()*12), 1 + int(runiform()*28), yom) if !mi
> (yom)
(203,513 missing values generated)

. 
. * drb / drm: the date the birth / marriage was keyed into the registry.
. * yaml: 16.4796% and 9.8554% non-missing.
. gen int drb = dob + int(runiform()*365*8) if runiform() < 0.1720
(234,044 missing values generated)

. gen int drm = dom + int(runiform()*365*6) if !mi(dom) & runiform() < 0.4400
(248,001 missing values generated)

. qui replace drb = . if drb > mdy(12,31,2023)

. qui replace drm = . if drm > mdy(12,31,2023)

. 
. * P15 - dates out of order, as in the real file
. qui replace dod = dob - 1 - int(runiform()*400) if !mi(dod) & runiform() < 0.
> 0008

. qui replace dom = dob - 1 - int(runiform()*900) if !mi(dom) & runiform() < 0.
> 0006

. qui replace drb = dob - 1 - int(runiform()*200) if !mi(drb) & runiform() < 0.
> 0010

. 
. qui save "$tmp/_pop2.dta", replace

. 
. 
. *****************************************************************************
> ***
. * 5. THE THREE LINK COLUMNS: CENSORING AND ERRORS
. *****************************************************************************
> ***
. 
. use "$tmp/_pop2.dta", clear

. 
. gen double cod_inec_ci_padre    = ci_padre_true
(84,000 missing values generated)

. gen double cod_inec_ci_madre    = ci_madre_true
(84,000 missing values generated)

. gen double cod_inec_ci_conyugue = ci_conyuge_true
(89,915 missing values generated)

. 
. qui replace cod_inec_ci_padre    = 0 if mi(cod_inec_ci_padre)

. qui replace cod_inec_ci_madre    = 0 if mi(cod_inec_ci_madre)

. qui replace cod_inec_ci_conyugue = 0 if mi(cod_inec_ci_conyugue)

. 
. *----------------------------------------------------------------------------
> --
. * 5.1  P16 - registry coverage of the parent link falls with the birth cohort
. *----------------------------------------------------------------------------
> --
. * Older cohorts had no civil-registry parent field at all; the drop is applie
> d
. * independently to father and mother, so single-parent-looking records appear
. * naturally, and it is applied independently of the grandparent link, so
. * skip-generation records appear too.
. gen double pz = .
(282,824 missing values generated)

. qui replace pz = 0.78 if yob <  1950

. qui replace pz = 0.46 if yob >= 1950 & yob < 1980

. qui replace pz = 0.20 if yob >= 1980 & yob < 2000

. qui replace pz = 0.07 if yob >= 2000

. qui replace cod_inec_ci_padre = 0 if runiform() < pz

. qui replace cod_inec_ci_madre = 0 if runiform() < pz*0.90

. drop pz

. 
. * Calibrate the zero share to the yaml (father 35%, mother 32%).  Two-sided:
. * if the cohort rule censored too much, links are put back from the truth
. * until the share matches.  Founders have no true parent at all, so the share
. * of zeros can never fall below their population share - reported below.
. foreach v in padre madre {
  2.     if "`v'" == "padre" local tgt 0.350
  3.     else                local tgt 0.320
  4.     qui count if cod_inec_ci_`v' == 0 & mi(ci_`v'_true)
  5.     local floor = r(N)/_N
  6.     qui count if cod_inec_ci_`v' == 0
  7.     local cur = r(N)/_N
  8.     if `cur' < `tgt' {
  9.         local add = (`tgt' - `cur')/(1 - `cur')
 10.         qui replace cod_inec_ci_`v' = 0 if cod_inec_ci_`v' > 0 & runiform(
> ) < `add'
 11.     }
 12.     else if `cur' > `tgt' {
 13.         qui count if cod_inec_ci_`v' == 0 & !mi(ci_`v'_true)
 14.         local restorable = r(N)/_N
 15.         if `restorable' > 0 {
 16.             local prest = min(1, (`cur' - `tgt')/`restorable')
 17.             qui replace cod_inec_ci_`v' = ci_`v'_true ///
>                 if cod_inec_ci_`v' == 0 & !mi(ci_`v'_true) & runiform() < `pr
> est'
 18.         }
 19.     }
 20.     qui count if cod_inec_ci_`v' == 0
 21.     di as txt "  zeros in cod_inec_ci_`v': " as res %6.4f r(N)/_N ///
>        as txt "   target " as res %6.4f `tgt' as txt "   structural floor " a
> s res %6.4f `floor'
 22. }
  zeros in cod_inec_ci_padre: 0.3495   target 0.3500   structural floor 0.2970
  zeros in cod_inec_ci_madre: 0.3199   target 0.3200   structural floor 0.2970

. 
. *----------------------------------------------------------------------------
> --
. * 5.2  the spouse link: only marriages actually keyed in are on file
. *----------------------------------------------------------------------------
> --
. * yaml: 76.14% of non-missing cod_inec_ci_conyugue are 0.
. qui replace cod_inec_ci_conyugue = 0 if !mat_registrado

. qui count if cod_inec_ci_conyugue == 0

. local cur = r(N)/_N

. local tgt 0.7614

. if `cur' < `tgt' {
.     local add = (`tgt' - `cur')/(1 - `cur')
.     qui replace cod_inec_ci_conyugue = 0 if cod_inec_ci_conyugue > 0 & runifo
> rm() < `add'
. }

. 
. * nationality of the spouse is only keyed in when the spouse is on file
. gen int cod_nacionalidad_conyuge = .
(282,824 missing values generated)

. qui replace cod_nacionalidad_conyuge = 239 if cod_inec_ci_conyugue > 0 & runi
> form() < 0.695

. qui replace cod_nacionalidad_conyuge = 1 + int(runiform()*999) ///
>     if !mi(cod_nacionalidad_conyuge) & runiform() < 0.045

. 
. * foreign spouse held on a passport instead of a cedula: 24 upper-case chars
. gen str24 cod_inec_ci_pas_conyugue = ""
(282,824 missing values generated)

. gen byte haspas = mat_registrado & cod_inec_ci_conyugue == 0 & runiform() < 0
> .0035

. local CS "ABCDEFGHIJKLMNOPQRSTUVWXYZ0123456789"

. forvalues c = 1/24 {
  2.     qui replace cod_inec_ci_pas_conyugue = ///
>         cod_inec_ci_pas_conyugue + substr("`CS'", 1 + int(runiform()*36), 1) 
> if haspas
  3. }

. drop haspas

. 
. *----------------------------------------------------------------------------
> --
. * 5.3  P03-P11: the dirty links
. *----------------------------------------------------------------------------
> --
. qui sum cod_inec_ci_actual, meanonly

. local ci_min = r(min)

. local ci_max = r(max)

. 
. * P03 dangling: point at an id that is inside the range but not in the file.
. * The ids sit on a grid of ~130, so +7 is guaranteed to miss.
. qui replace cod_inec_ci_padre = cod_inec_ci_padre + 7 if cod_inec_ci_padre > 
> 0 & runiform() < 0.012

. qui replace cod_inec_ci_madre = cod_inec_ci_madre + 7 if cod_inec_ci_madre > 
> 0 & runiform() < 0.012

. qui replace cod_inec_ci_conyugue = cod_inec_ci_conyugue + 7 if cod_inec_ci_co
> nyugue > 0 & runiform() < 0.008

. 
. * P04 self-parenthood
. qui replace cod_inec_ci_padre = cod_inec_ci_actual if runiform() < 0.00006

. qui replace cod_inec_ci_madre = cod_inec_ci_actual if runiform() < 0.00004

. 
. * P08 self-spouse
. qui replace cod_inec_ci_conyugue = cod_inec_ci_actual if cod_inec_ci_conyugue
>  > 0 & runiform() < 0.0004

. 
. * P05 age-impossible parent: swap in the id of somebody born after the child
. gen double rnd_ci = .
(282,824 missing values generated)

. qui replace rnd_ci = cod_inec_ci_actual[1 + int(runiform()*_N)] if runiform()
>  < 0.006

. qui replace cod_inec_ci_padre = rnd_ci if !mi(rnd_ci) & cod_inec_ci_padre > 0
>  & runiform() < 0.5

. qui replace cod_inec_ci_madre = rnd_ci if !mi(rnd_ci) & cod_inec_ci_madre > 0
>  & runiform() < 0.5

. drop rnd_ci

. 
. * P07/P09/P10 spouse-link errors: repoint some spouse links at a random perso
> n,
. * which simultaneously breaks reciprocity, creates same-sex pairs and makes a
. * few people the declared spouse of several others
. gen double rnd_sp = .
(282,824 missing values generated)

. qui replace rnd_sp = cod_inec_ci_actual[1 + int(runiform()*_N)] if runiform()
>  < 0.02

. qui replace cod_inec_ci_conyugue = rnd_sp if !mi(rnd_sp) & cod_inec_ci_conyug
> ue > 0

. drop rnd_sp

. 
. * P02 missing (.) on top of everything: the yaml missing_prop
. qui replace cod_inec_ci_padre    = . if runiform() < 0.067338

. qui replace cod_inec_ci_madre    = . if runiform() < 0.069927

. qui replace cod_inec_ci_conyugue = . if runiform() < 0.085260

. 
. * P11 two-cycles: make 10 parent-child pairs mutually parental, i.e. the chil
> d
. * is recorded as the mother of its own father
. preserve

.     keep cod_inec_ci_actual cod_inec_ci_padre

.     qui keep if !mi(cod_inec_ci_padre) & cod_inec_ci_padre > 0

.     gen double rr = runiform()

.     sort rr cod_inec_ci_actual

.     qui keep in 1/10

.     rename cod_inec_ci_actual hijo_ciclo

.     rename cod_inec_ci_padre  cod_inec_ci_actual

.     keep cod_inec_ci_actual hijo_ciclo

.     qui duplicates drop cod_inec_ci_actual, force

.     qui save "$tmp/_cyc.dta", replace

. restore

. qui merge 1:1 cod_inec_ci_actual using "$tmp/_cyc.dta", keep(master match) no
> gen

. qui replace cod_inec_ci_madre = hijo_ciclo if !mi(hijo_ciclo)

. drop hijo_ciclo

. 
. qui save "$tmp/_pop3.dta", replace

. 
. 
. *****************************************************************************
> ***
. * 6. FINAL FILE: yaml variable order, labels and formats
. *****************************************************************************
> ***
. 
. use "$tmp/_pop3.dta", clear

. 
. * ---- the ground truth goes to its own file, not into the synthetic base ---
> -
. preserve

.     keep cod_inec_ci_actual pid blk gen_true yob female ///
>          pid_padre_true pid_madre_true pid_conyuge_true ///
>          ci_padre_true ci_madre_true ci_conyuge_true ///
>          union_nac_true n_uniones_true n_hijos_true mat_registrado

.     label var gen_true       "true simulated generation (0 = founder)"

.     label var union_nac_true "true union the person was born into"

.     label var n_hijos_true   "true number of own children"

.     label var ci_padre_true  "true father cedula, before censoring"

.     label var ci_madre_true  "true mother cedula, before censoring"

.     label var ci_conyuge_true "true partner cedula, before censoring"

.     label var blk            "1 = deep ancestry block, 2 = shallow (P17)"

.     order cod_inec_ci_actual pid blk gen_true

.     sort cod_inec_ci_actual

.     compress
  (0 bytes saved)

.     save "$ced/_cedulados_truth.dta", replace
file G:/Mi unidad/Trabajos/Predoc/data/fake_data/Bases/Bases
    INEC/Cedulados/dta/_cedulados_truth.dta saved

.     di as res _n "ground truth saved: $ced/_cedulados_truth.dta"

ground truth saved: G:/Mi unidad/Trabajos/Predoc/data/fake_data/Bases/Bases INE
> C/Cedulados/dta/_cedulados_truth.dta

. restore

. 
. keep cod_inec_ci_actual cod_condicion_cedulado cod_lugar_nacimiento         /
> //
>      cod_lugar_insc_nacimiento cod_nacionalidad cod_estado_civil            /
> //
>      cod_instruccion cod_domicilio cod_inec_ci_padre cod_inec_ci_madre      /
> //
>      cod_inec_ci_conyugue cod_inec_ci_pas_conyugue cod_nacionalidad_conyuge /
> //
>      female dob dod dom yob yod yom age2023 drb drm

. 
. order cod_inec_ci_actual cod_condicion_cedulado cod_lugar_nacimiento        /
> //
>       cod_lugar_insc_nacimiento cod_nacionalidad cod_estado_civil           /
> //
>       cod_instruccion cod_domicilio cod_inec_ci_padre cod_inec_ci_madre     /
> //
>       cod_inec_ci_conyugue cod_inec_ci_pas_conyugue cod_nacionalidad_conyuge 
> ///
>       female dob dod dom yob yod yom age2023 drb drm

. 
. label var cod_inec_ci_actual       "ID national"

. label var cod_condicion_cedulado   "ID condition code"

. label var cod_lugar_nacimiento     "place of birth code"

. label var cod_lugar_insc_nacimiento "birth registration code"

. label var cod_nacionalidad         "nationality code"

. label var cod_estado_civil         "civil status code"

. label var cod_instruccion          "instruction code"

. label var cod_domicilio            "address code"

. label var cod_inec_ci_padre        "ID father"

. label var cod_inec_ci_madre        "ID mother"

. label var cod_inec_ci_conyugue     "ID spouse"

. label var cod_inec_ci_pas_conyugue "ID Intl' spouse'"

. label var cod_nacionalidad_conyuge "nationality code, spouse"

. label var female                   "1 if female"

. label var dob                      "date of birth, format"

. label var dod                      "date of death, format"

. label var dom                      "date of marriage, format"

. label var yob                      "year of birth, format"

. label var yod                      "year of death, format"

. label var yom                      "year of marriage, format"

. label var age2023                  "approx. age in 2023"

. label var drb                      "date record birth"

. label var drm                      "date record marriage"

. 
. format cod_inec_ci_actual cod_inec_ci_padre cod_inec_ci_madre cod_inec_ci_con
> yugue %10.0g

. format cod_condicion_cedulado cod_nacionalidad cod_estado_civil cod_instrucci
> on %8.0g

. format cod_lugar_nacimiento cod_lugar_insc_nacimiento cod_domicilio %12.0g

. format cod_nacionalidad_conyuge %8.0g

. format female yob yod yom age2023 %9.0g

. format dob dod dom drb drm %td

. format cod_inec_ci_pas_conyugue %24s

. 
. sort cod_inec_ci_actual

. compress
  (0 bytes saved)

. save "$ced/cedulados_full.dta", replace
file G:/Mi unidad/Trabajos/Predoc/data/fake_data/Bases/Bases
    INEC/Cedulados/dta/cedulados_full.dta saved

. 
. 
. *****************************************************************************
> ***
. * 7. HOW CLOSE DID WE GET TO THE YAML?
. *****************************************************************************
> ***
. 
. di as txt _n "{hline 78}"

------------------------------------------------------------------------------

. di as txt "ACHIEVED vs YAML  (yaml n = 21,757,803)"
ACHIEVED vs YAML  (yaml n = 21,757,803)

. di as txt "{hline 78}"
------------------------------------------------------------------------------

. describe

Contains data from G:/Mi unidad/Trabajos/Predoc/data/fake_data/Bases/Bases INEC
> /Cedulados/dta/cedulados_full.dta
 Observations:       282,824                  
    Variables:            23                  3 Sep 2026 11:22
-------------------------------------------------------------------------------
Variable      Storage   Display    Value
    name         type    format    label      Variable label
-------------------------------------------------------------------------------
cod_inec_ci_a~l double  %10.0g                ID national
cod_condicion~o byte    %8.0g                 ID condition code
cod_lugar_nac~o long    %12.0g                place of birth code
cod_lugar_ins~o long    %12.0g                birth registration code
cod_nacionali~d int     %8.0g                 nationality code
cod_estado_ci~l byte    %8.0g                 civil status code
cod_instruccion byte    %8.0g                 instruction code
cod_domicilio   long    %12.0g                address code
cod_inec_~padre double  %10.0g                ID father
cod_inec_ci_m~e double  %10.0g                ID mother
cod_inec_ci_c~e double  %10.0g                ID spouse
cod_~s_conyugue str24   %24s                  ID Intl' spouse'
cod_nacionali~e int     %8.0g                 nationality code, spouse
female          byte    %9.0g                 1 if female
dob             int     %td                   date of birth, format
dod             int     %td                   date of death, format
dom             int     %td                   date of marriage, format
yob             int     %9.0g                 year of birth, format
yod             int     %9.0g                 year of death, format
yom             int     %9.0g                 year of marriage, format
age2023         int     %9.0g                 approx. age in 2023
drb             int     %td                   date record birth
drm             int     %td                   date record marriage
-------------------------------------------------------------------------------
Sorted by: cod_inec_ci_actual

. 
. di as txt _n "--- missing_prop: achieved / yaml ---"

--- missing_prop: achieved / yaml ---

. local ymiss "cod_lugar_insc_nacimiento .001436 cod_domicilio .048797 cod_inec
> _ci_padre .067338 cod_inec_ci_madre .069927 cod_inec_ci_conyugue .085260 cod_
> nacionalidad_conyuge .833909 dod .903254 dom .719418 yod .903254 yom .719418 
> drb .835204 drm .901446"

. local nm : word count `ymiss'

. forvalues s = 1(2)`nm' {
  2.     local s2 = `s' + 1
  3.     local v : word `s'  of `ymiss'
  4.     local y : word `s2' of `ymiss'
  5.     qui count if mi(`v')
  6.     di as txt %-28s "`v'" as res %8.4f r(N)/_N as txt "   yaml " as res %8
> .4f `y'
  7. }
cod_lugar_insc_nacimiento     0.0013   yaml   0.0014
cod_domicilio                 0.0486   yaml   0.0488
cod_inec_ci_padre             0.0679   yaml   0.0673
cod_inec_ci_madre             0.0703   yaml   0.0699
cod_inec_ci_conyugue          0.0848   yaml   0.0853
cod_nacionalidad_conyuge      0.8340   yaml   0.8339
dod                           0.9033   yaml   0.9033
dom                           0.7196   yaml   0.7194
yod                           0.9031   yaml   0.9033
yom                           0.7196   yaml   0.7194
drb                           0.8346   yaml   0.8352
drm                           0.9037   yaml   0.9014

. 
. di as txt _n "--- share of zeros in the link columns (yaml: .35 / .32 / .7614
>  of non-missing) ---"

--- share of zeros in the link columns (yaml: .35 / .32 / .7614 of non-missing)
>  ---

. foreach v in cod_inec_ci_padre cod_inec_ci_madre cod_inec_ci_conyugue {
  2.     qui count if `v' == 0
  3.     local z = r(N)
  4.     qui count if !mi(`v')
  5.     di as txt %-28s "`v'" as res %8.4f `z'/r(N)
  6. }
cod_inec_ci_padre             0.3495
cod_inec_ci_madre             0.3199
cod_inec_ci_conyugue          0.7609

. 
. di as txt _n "--- quantiles: yob ---"

--- quantiles: yob ---

. di as txt "  yaml:  p1 1913  p5 1935  p25 1968  p50 1989  p75 2005  p95 2019 
>  p99 2022"
  yaml:  p1 1913  p5 1935  p25 1968  p50 1989  p75 2005  p95 2019  p99 2022

. qui _pctile yob, p(1 5 25 50 75 95 99)

. di as txt "  fake:  p1 " %4.0f r(r1) "  p5 " %4.0f r(r2) "  p25 " %4.0f r(r3)
>  ///
>    "  p50 " %4.0f r(r4) "  p75 " %4.0f r(r5) "  p95 " %4.0f r(r6) "  p99 " %4
> .0f r(r7)
  fake:  p1 1902  p5 1934  p25 1969  p50 1988  p75 2004  p95 2019  p99 2022

. qui sum yob

. di as txt "  yaml mean 1984.6  sd 25.87   |   fake mean " %6.1f r(mean) "  sd
>  " %5.2f r(sd)
  yaml mean 1984.6  sd 25.87   |   fake mean 1984.1  sd 25.87

. 
. di as txt _n "--- quantiles: cod_inec_ci_actual ---"

--- quantiles: cod_inec_ci_actual ---

. di as txt "  yaml:  min 1.0000633e9  p50 1.0211326e9  p99 1.0319925e9  max 8.
> 800069e9"
  yaml:  min 1.0000633e9  p50 1.0211326e9  p99 1.0319925e9  max 8.800069e9

. qui sum cod_inec_ci_actual, detail

. di as txt "  fake:  min " %14.0f r(min) "  p50 " %14.0f r(p50) ///
>    "  p99 " %14.0f r(p99) "  max " %14.0f r(max)
  fake:  min     1000172803  p50     1021134966  p99     1031993630  max     88
> 00044030

. qui duplicates report cod_inec_ci_actual

. di as txt "  duplicate ids: " as res r(unique_value) as txt " unique values i
> n " as res _N as txt " rows"
  duplicate ids: 282824 unique values in 282824 rows

. 
. di as txt _n "--- categorical marginals ---"

--- categorical marginals ---

. tab cod_estado_civil

      civil |
status code |      Freq.     Percent        Cum.
------------+-----------------------------------
          1 |    187,145       66.17       66.17
          2 |     73,082       25.84       92.01
          3 |     12,287        4.34       96.35
          4 |      9,475        3.35       99.70
          5 |        835        0.30      100.00
------------+-----------------------------------
      Total |    282,824      100.00

. tab cod_instruccion

instruction |
       code |      Freq.     Percent        Cum.
------------+-----------------------------------
          0 |     76,825       27.16       27.16
          2 |     28,277       10.00       37.16
          3 |     19,840        7.01       44.18
          4 |     18,359        6.49       50.67
          6 |     61,410       21.71       72.38
          9 |     55,423       19.60       91.98
         11 |     22,628        8.00       99.98
         13 |         61        0.02      100.00
         99 |          1        0.00      100.00
------------+-----------------------------------
      Total |    282,824      100.00

. di as txt "  (cod_condicion_cedulado: 76 categories, the 8 most frequent show
> n)"
  (cod_condicion_cedulado: 76 categories, the 8 most frequent shown)

. tab cod_condicion_cedulado if inlist(cod_condicion_cedulado,0,5,7,15,34,6,33,
> 14)

         ID |
  condition |
       code |      Freq.     Percent        Cum.
------------+-----------------------------------
          0 |    159,505       59.02       59.02
          5 |     58,483       21.64       80.66
          6 |      4,735        1.75       82.42
          7 |     27,549       10.19       92.61
         14 |      1,744        0.65       93.26
         15 |     10,299        3.81       97.07
         33 |      1,578        0.58       97.65
         34 |      6,346        2.35      100.00
------------+-----------------------------------
      Total |    270,239      100.00

. 
. di as txt _n "--- planted pathologies, as they appear in the saved file ---"

--- planted pathologies, as they appear in the saved file ---

. qui count if cod_inec_ci_actual > 8e9

. di as txt %-52s "P12 anomalous 8.8e9 ids"                as res %8.0fc r(N)
P12 anomalous 8.8e9 ids                                   30

. qui count if cod_inec_ci_padre == cod_inec_ci_actual | cod_inec_ci_madre == c
> od_inec_ci_actual

. di as txt %-52s "P04 self-parenthood"                    as res %8.0fc r(N)
P04 self-parenthood                                       35

. qui count if cod_inec_ci_conyugue == cod_inec_ci_actual

. di as txt %-52s "P08 self-spouse"                        as res %8.0fc r(N)
P08 self-spouse                                           20

. qui count if !mi(dod) & dod < dob

. di as txt %-52s "P15 dod before dob"                     as res %8.0fc r(N)
P15 dod before dob                                        22

. qui count if !mi(dom) & dom < dob

. di as txt %-52s "P15 dom before dob"                     as res %8.0fc r(N)
P15 dom before dob                                        81

. qui count if !mi(drb) & drb < dob

. di as txt %-52s "P15 drb before dob"                     as res %8.0fc r(N)
P15 drb before dob                                        46

. qui count if age2023 > 110

. di as txt %-52s "P14 age2023 > 110"                      as res %8.0fc r(N)
P14 age2023 > 110                                      5,206

. qui count if cod_inec_ci_pas_conyugue != ""

. di as txt %-52s "foreign spouse on a passport"           as res %8.0fc r(N)
foreign spouse on a passport                              95

. 
. timer off 1

. qui timer list 1

. di as res _n "cedulados_full.dta written to $ced"

cedulados_full.dta written to G:/Mi unidad/Trabajos/Predoc/data/fake_data/Bases
> /Bases INEC/Cedulados/dta

. di as res "elapsed: " %6.1f r(t1) " seconds"
elapsed:   18.2 seconds

. 
end of do-file
