
  ___  ____  ____  ____  ____ ®
 /__    /   ____/   /   ____/      StataNow 19.5
___/   /   /___/   /   /___/       SE—Standard Edition

 Statistics and Data Science       Copyright 1985-2025 StataCorp LLC
                                   StataCorp
                                   4905 Lakeway Drive
                                   College Station, Texas 77845 USA
                                   800-782-8272        https://www.stata.com
                                   979-696-4600        service@stata.com

Stata license: Unlimited-user network, expiring 15 Aug 2028
Serial number: 401909300808
  Licensed to: Santiago Valdivieso
               MIT

Notes:
      1. Stata is running in batch mode.
      2. Unicode is supported; see help unicode_advice.
      3. Maximum number of variables is set to 5,000 but can be increased;
          see help set_maxvar.

. do master_rama.do 

. *----------------------------------------------------------------------------
> -
. * 00_master.do
. *
. * Ejecuta toda la cadena de armonizacion de ramas de ENEMDU:
. *   1) CIIU Rev. 2  -> Rev. 3.1   (1990-1999)
. *   2) CIIU Rev. 3  -> Rev. 3.1   (2000-2006)
. *   3) CIIU Rev. 3.1 -> Rev. 4    (1991-2012) + pass-through (2013-2025)
. *   4) Tabla descriptiva: % de las ramas mas grandes por anio.
. *----------------------------------------------------------------------------
> -
. 
. clear all

. set more off

. version 16

. 
. 
. * Carpeta del repositorio segun el usuario que corre el script.
. if "`c(username)'" == "vero" global rama "/Users/vero/Documents/Observatorio 
> GH/Observatorio-Desigualdad-Pobreza/Boletín 3/1. Infomalidad/2. Armonización 
> de variables/main/desagregaciones/rama"

. else                         global rama "/Users/santiago/Documents/GitHub/Ob
> servatorio-Desigualdad-Pobreza/Boletín 3/1. Infomalidad/2. Armonización de va
> riables/main/desagregaciones/rama"

. di as text "================ STEP 1: Rev 2 -> Rev 3.1 (1990-1999) ===========
> ====="
================ STEP 1: Rev 2 -> Rev 3.1 (1990-1999) ================

. do "$rama/isic2_31.do"

. clear

. 
. * Definicion de rutas globales para facilitar la portabilidad del codigo
. global user_root "/Users/vero/Library/CloudStorage/GoogleDrive-observatorio.p
> obreza@flacso.edu.ec/Mi unidad"

. 
. global bases "$user_root/Bases/ENEMDU/Procesadas/Armonizacion/Variables base/
> Mensuales"

. 
. global isic "$user_root/Bases/ENEMDU/Procesadas/ramas homogeneizadas"

. global out "$user_root/Bases/ENEMDU/Procesadas/ramas homogeneizadas"

. 
. *----------------------------------------------------------------------------
> -
. * STEP 1: Preparar correspondencia CIIU Rev. 2 -> CIIU Rev. 3.1
. *----------------------------------------------------------------------------
> --
. 
. import delimited using "$isic/ISIC2_ISIC31.txt", clear stringcols(_all)
file
/Users/vero/Library/CloudStorage/GoogleDrive-observatorio.pobreza@flacso.edu.ec
> /Mi unidad/Bases/ENEMDU/Procesadas/ramas homogeneizadas/ISIC2_ISIC31.txt not
found
r(601);

end of do-file
r(601);

end of do-file
r(601);
