
  ___  ____  ____  ____  ____ ®
 /__    /   ____/   /   ____/      StataNow 19.5
___/   /   /___/   /   /___/       SE—Standard Edition

 Statistics and Data Science       Copyright 1985-2025 StataCorp LLC
                                   StataCorp
                                   4905 Lakeway Drive
                                   College Station, Texas 77845 USA
                                   800-782-8272        https://www.stata.com
                                   979-696-4600        service@stata.com

Stata license: Unlimited-user network, expiring 15 Aug 2028
Serial number: 401909300808
  Licensed to: Santiago Valdivieso
               MIT

Notes:
      1. Stata is running in batch mode.
      2. Unicode is supported; see help unicode_advice.
      3. Maximum number of variables is set to 5,000 but can be increased;
          see help set_maxvar.

. do 04_descriptivos.do 

. *----------------------------------------------------------------------------
> --*
. * 04_descriptivos.do — Composicion de los ocupados en situacion de pobreza
. *----------------------------------------------------------------------------
> --*
. * Produce las dos series que el boletin automatizado cita en el texto:
. *   composicion_horas_ocupados_pobres.xlsx  -> reparto por horas trabajadas
. *   composicion_educ_ocupados_pobres.xlsx   -> reparto por educacion superior
. *
. * Version corregida del fragmento suelto "descriptivos?texto".
. *
. * Correcciones:
. *   1. "gen cuarenta_h_mas = p24 >= 40" clasificaba como "40 horas o mas" a t
> odo
. *      aquel con p24 perdido, porque en Stata missing >= 40 es verdadero. Sob
> re
. *      los ocupados no cambia nada (todos tienen horas validas), pero sobre
. *      cualquier otra poblacion infla el grupo de forma grave: entre TODOS lo
> s
. *      pobres de 2025 pasaba de 437 a 2,891 casos.
. *   2. "replace a = . if inlist(., p27, p28)" era codigo muerto (0 cambios) y
. *      ademas estaba colocado antes del "replace a = 0". Se elimina y se orde
> na
. *      como en adec.do: primero el 0, despues el 1.
. *   3. Se explicita la restriccion a ocupados, que antes era implicita.
. *
. * Nota: p25, p27 y p28 solo existen desde 2007, asi que el reparto por horas
. * empieza en ese anio. El reparto por educacion cubre toda la serie.
. *----------------------------------------------------------------------------
> --*
. 
. do "00_config.do"

. *----------------------------------------------------------------------------
> --*
. * 00_config.do — Rutas y parametros comunes (Pobreza laboral, Boletin 3)
. *----------------------------------------------------------------------------
> --*
. * Detecta la raiz de Google Drive segun el usuario de la maquina, en lugar de
. * fijar "/Users/vero/...". Si se agrega un colaborador, basta con anadir su c
> aso.
. *----------------------------------------------------------------------------
> --*
. 
. clear all

. set more off

. version 15.1

. set varabbrev off

. 
. local u = c(username)

. 
. if "`u'" == "vero" {
.     global user_root "/Users/vero/Library/CloudStorage/GoogleDrive-observator
> io.pobreza@flacso.edu.ec/Mi unidad"
.     global gh_root   "/Users/vero/Documents/Observatorio GH/Observatorio-Desi
> gualdad-Pobreza"
. }

. else if "`u'" == "santiago" {
.     global user_root "/Users/santiago/Library/CloudStorage/GoogleDrive-observ
> atorio.pobreza@flacso.edu.ec/Mi unidad"
.     global gh_root   "/Users/santiago/Documents/GitHub/Observatorio-Desiguald
> ad-Pobreza"
. }

. else {
.     display as error "Usuario `u' no configurado en 00_config.do. Defina user
> _root y gh_root."
.     error 198
. }

. 
. capture confirm file "$user_root/Bases/ENEMDU/Procesadas/ingresos_pc/Nacional
> /ing_perca_2001_nac_precios2000.dta"

. if _rc {
.     display as error "No se encuentra la carpeta de bases en: $user_root"
.     error 601
. }

. 
. global nacional    "$user_root/Bases/ENEMDU/Procesadas/ingresos_pc/Nacional"

. global lineas_xlsx "$user_root/Bases/lineas_pobreza/lineas_de_pobreza_histori
> ca.xlsx"

. 
. * Salidas en carpeta propia: NO se sobrescriben los resultados publicados.
. global outdir   "$user_root/Boletín 3/4. Resultados/pobreza laboral/corregido
> "

. global paneldir "$user_root/Bases/ENEMDU/Procesadas/ingresos_pc/pobreza"

. 
. capture mkdir "$user_root/Boletín 3/4. Resultados/pobreza laboral"

. capture mkdir "$outdir"

. capture mkdir "$paneldir"

. 
. * Anios procesados: rondas de diciembre disponibles a nivel nacional.
. global anios "2001(2)2007 2008(1)2025"

. 
. display as text "Configuracion lista para usuario `u'."
Configuracion lista para usuario santiago.

. 
end of do-file

. use "$paneldir/panel_pobreza_laboral_final.dta", clear

. 
. local anio_horas 2007   // primer anio con p25/p27/p28

. 
. *--- Trabaja 40 horas o mas (horas ya trata el codigo 999 como perdido) ---*
. generate byte cuarenta_h_mas = horas >= 40 if !missing(horas)
(813,666 missing values generated)

. label variable cuarenta_h_mas "Trabaja 40 horas o mas a la semana"

. 
. *--- Desea trabajar mas horas y esta disponible (mismo criterio que adec.do) 
> ---*
. generate byte desea_disp = .
(1,507,798 missing values generated)

. replace desea_disp = 0 if p27 == 4 | p25 == 9
(462,252 real changes made)

. replace desea_disp = 1 if inrange(p27, 1, 3) & p28 == 1
(126,397 real changes made)

. label variable desea_disp "Desea trabajar mas horas y esta disponible"

. 
. generate byte grupo_horas = .
(1,507,798 missing values generated)

. replace grupo_horas = 1 if cuarenta_h_mas == 1
(461,054 real changes made)

. replace grupo_horas = 2 if cuarenta_h_mas == 0 & desea_disp == 1
(77,532 real changes made)

. replace grupo_horas = 3 if cuarenta_h_mas == 0 & desea_disp == 0
(119,997 real changes made)

. label define grupo_horas_lbl ///
>     1 "40 horas o más" ///
>     2 "Menos de 40 horas, desea y puede trabajar más" ///
>     3 "Menos de 40 horas, no desea o no puede trabajar más", replace

. label values grupo_horas grupo_horas_lbl

. label variable grupo_horas "Composición por horas trabajadas"

. 
. *============================================================================
> ==*
. * Reparto por horas trabajadas entre los ocupados pobres
. *============================================================================
> ==*
. preserve

. keep if ocupado_ok == 1 & pobreza == 1 & fexp < . & !missing(grupo_horas)
(1,346,429 observations deleted)

. keep if anio >= `anio_horas'
(28,997 observations deleted)

. 
. collapse (sum) personas = fexp, by(anio grupo_horas)

. bysort anio: egen double total = total(personas)

. generate double porcentaje = 100 * personas / total

. drop total

. format personas %12.0fc

. format porcentaje %6.2f

. 
. export excel using "$outdir/composicion_horas_ocupados_pobres.xlsx", ///
>     replace firstrow(var)
file /Users/santiago/Library/CloudStorage/GoogleDrive-observatorio.pobreza@flac
> so.edu.ec/Mi unidad/Boletín 3/4. Resultados/pobreza laboral/corregido/composi
> cion_horas_ocupados_pobres.xlsx saved

. 
. display as text _n "=== Reparto por horas, ocupados pobres (ultimo anio) ==="

=== Reparto por horas, ocupados pobres (ultimo anio) ===

. quietly summarize anio

. list grupo_horas personas porcentaje if anio == r(max), noobs abbreviate(20)

  +----------------------------------------------------------------+
  |                                         grupo_horas | personas |
  |                                      40 horas o más |  477,587 |
  |----------------------------------------------------------------|
  |                           porcentaje                           |
  |                                33.88                           |
  +----------------------------------------------------------------+

  +----------------------------------------------------------------+
  |                                         grupo_horas | personas |
  |       Menos de 40 horas, desea y puede trabajar más |  317,170 |
  |----------------------------------------------------------------|
  |                           porcentaje                           |
  |                                22.50                           |
  +----------------------------------------------------------------+

  +----------------------------------------------------------------+
  |                                         grupo_horas | personas |
  | Menos de 40 horas, no desea o no puede trabajar más |  614,816 |
  |----------------------------------------------------------------|
  |                           porcentaje                           |
  |                                43.62                           |
  +----------------------------------------------------------------+

. restore

. 
. *============================================================================
> ==*
. * Reparto por educacion superior entre los ocupados pobres
. *============================================================================
> ==*
. preserve

. keep if ocupado_ok == 1 & pobreza == 1 & fexp < . & !missing(educsup_ok)
(1,325,093 observations deleted)

. 
. collapse (sum) personas = fexp, by(anio educsup_ok)

. bysort anio: egen double total = total(personas)

. generate double porcentaje = 100 * personas / total

. drop total

. format personas %12.0fc

. format porcentaje %6.2f

. 
. export excel using "$outdir/composicion_educ_ocupados_pobres.xlsx", ///
>     replace firstrow(var)
file /Users/santiago/Library/CloudStorage/GoogleDrive-observatorio.pobreza@flac
> so.edu.ec/Mi unidad/Boletín 3/4. Resultados/pobreza laboral/corregido/composi
> cion_educ_ocupados_pobres.xlsx saved

. 
. display as text _n "=== Reparto por educación, ocupados pobres (ultimo anio) 
> ==="

=== Reparto por educación, ocupados pobres (ultimo anio) ===

. quietly summarize anio

. list educsup_ok personas porcentaje if anio == r(max), noobs abbreviate(24)

  +-------------------------------------------------+
  |             educsup_ok    personas   porcentaje |
  |-------------------------------------------------|
  | Sin educación superior   1,369,891        97.14 |
  | Con educación superior      40,337         2.86 |
  +-------------------------------------------------+

. restore

. 
end of do-file
